OpenJDK 64-Bit Server VM (25.131-b11) for linux-amd64 JRE (1.8.0_131-8u131-b11-0ubuntu1.16.04.2-b11), built on May  6 2017 02:45:27 by "buildd" with gcc 5.4.0 20160609
Memory: 4k page, physical 16308588k(3811304k free), swap 9765884k(9765884k free)
CommandLine flags: -XX:InitialHeapSize=30408704 -XX:MaxHeapSize=30408704 -XX:+PrintGC -XX:+PrintGCDetails -XX:+PrintGCTimeStamps -XX:+UseCompressedClassPointers -XX:+UseCompressedOops -XX:-UseGCOverheadLimit -XX:+UseSerialGC 
0.186: [GC (Allocation Failure) 0.186: [DefNew: 8192K->1023K(9216K), 0.0022116 secs] 8192K->1632K(29696K), 0.0022621 secs] [Times: user=0.00 sys=0.00, real=0.00 secs] 
0.310: [GC (Allocation Failure) 0.310: [DefNew: 9215K->1023K(9216K), 0.0036454 secs] 9824K->2617K(29696K), 0.0036841 secs] [Times: user=0.01 sys=0.00, real=0.00 secs] 
0.420: [GC (Allocation Failure) 0.420: [DefNew: 9215K->902K(9216K), 0.0054493 secs] 10809K->3135K(29696K), 0.0054987 secs] [Times: user=0.01 sys=0.00, real=0.00 secs] 
0.527: [GC (Allocation Failure) 0.527: [DefNew: 9094K->1024K(9216K), 0.0031332 secs] 11327K->3631K(29696K), 0.0031684 secs] [Times: user=0.01 sys=0.00, real=0.00 secs] 
0.607: [GC (Allocation Failure) 0.607: [DefNew: 9216K->862K(9216K), 0.0043921 secs] 11823K->3752K(29696K), 0.0044453 secs] [Times: user=0.01 sys=0.00, real=0.01 secs] 
0.696: [GC (Allocation Failure) 0.696: [DefNew: 9054K->771K(9216K), 0.0022996 secs] 11944K->3956K(29696K), 0.0023444 secs] [Times: user=0.00 sys=0.00, real=0.01 secs] 
0.814: [GC (Allocation Failure) 0.814: [DefNew: 8963K->1023K(9216K), 0.0029760 secs] 12148K->4547K(29696K), 0.0030187 secs] [Times: user=0.00 sys=0.00, real=0.00 secs] 
0.876: [GC (Allocation Failure) 0.876: [DefNew: 9215K->411K(9216K), 0.0026929 secs] 12739K->4513K(29696K), 0.0027355 secs] [Times: user=0.00 sys=0.00, real=0.01 secs] 
0.961: [GC (Allocation Failure) 0.961: [DefNew: 8603K->1023K(9216K), 0.0025214 secs] 12705K->5575K(29696K), 0.0025640 secs] [Times: user=0.01 sys=0.00, real=0.00 secs] 
1.028: [GC (Allocation Failure) 1.028: [DefNew: 9215K->476K(9216K), 0.0023235 secs] 13767K->5613K(29696K), 0.0023605 secs] [Times: user=0.00 sys=0.00, real=0.01 secs] 
1.043: [GC (Allocation Failure) 1.043: [DefNew: 8668K->285K(9216K), 0.0013714 secs] 13805K->5421K(29696K), 0.0014028 secs] [Times: user=0.00 sys=0.00, real=0.00 secs] 
1.051: [GC (Allocation Failure) 1.051: [DefNew: 8477K->382K(9216K), 0.0014264 secs] 13613K->5518K(29696K), 0.0014598 secs] [Times: user=0.00 sys=0.00, real=0.00 secs] 
1.058: [GC (Allocation Failure) 1.058: [DefNew: 8574K->481K(9216K), 0.0015509 secs] 13710K->5617K(29696K), 0.0015830 secs] [Times: user=0.00 sys=0.00, real=0.01 secs] 
1.066: [GC (Allocation Failure) 1.066: [DefNew: 8673K->568K(9216K), 0.0015976 secs] 13809K->5704K(29696K), 0.0016289 secs] [Times: user=0.00 sys=0.00, real=0.00 secs] 
1.073: [GC (Allocation Failure) 1.073: [DefNew: 8760K->493K(9216K), 0.0017125 secs] 13896K->5810K(29696K), 0.0017532 secs] [Times: user=0.00 sys=0.00, real=0.00 secs] 
1.080: [GC (Allocation Failure) 1.080: [DefNew: 8685K->581K(9216K), 0.0014454 secs] 14002K->5899K(29696K), 0.0014747 secs] [Times: user=0.00 sys=0.00, real=0.00 secs] 
1.086: [GC (Allocation Failure) 1.086: [DefNew: 8773K->607K(9216K), 0.0016251 secs] 14091K->6012K(29696K), 0.0016596 secs] [Times: user=0.01 sys=0.00, real=0.00 secs] 
1.096: [GC (Allocation Failure) 1.096: [DefNew: 8799K->522K(9216K), 0.0015831 secs] 14204K->6101K(29696K), 0.0016153 secs] [Times: user=0.00 sys=0.00, real=0.00 secs] 
1.106: [GC (Allocation Failure) 1.106: [DefNew: 8714K->519K(9216K), 0.0015769 secs] 14293K->6185K(29696K), 0.0016212 secs] [Times: user=0.00 sys=0.00, real=0.00 secs] 
1.116: [GC (Allocation Failure) 1.116: [DefNew: 8711K->520K(9216K), 0.0018645 secs] 14377K->6274K(29696K), 0.0019076 secs] [Times: user=0.01 sys=0.00, real=0.00 secs] 
1.124: [GC (Allocation Failure) 1.124: [DefNew: 8712K->560K(9216K), 0.0023524 secs] 14466K->6401K(29696K), 0.0023970 secs] [Times: user=0.00 sys=0.00, real=0.00 secs] 
1.133: [GC (Allocation Failure) 1.133: [DefNew: 8752K->561K(9216K), 0.0022978 secs] 14593K->6489K(29696K), 0.0023444 secs] [Times: user=0.01 sys=0.00, real=0.00 secs] 
1.142: [GC (Allocation Failure) 1.142: [DefNew: 8753K->562K(9216K), 0.0021970 secs] 14681K->6577K(29696K), 0.0022408 secs] [Times: user=0.00 sys=0.00, real=0.00 secs] 
1.150: [GC (Allocation Failure) 1.150: [DefNew: 8754K->562K(9216K), 0.0021955 secs] 14769K->6665K(29696K), 0.0022352 secs] [Times: user=0.01 sys=0.00, real=0.00 secs] 
1.159: [GC (Allocation Failure) 1.159: [DefNew: 8754K->562K(9216K), 0.0024414 secs] 14857K->6752K(29696K), 0.0024758 secs] [Times: user=0.00 sys=0.00, real=0.00 secs] 
1.168: [GC (Allocation Failure) 1.168: [DefNew: 8754K->440K(9216K), 0.0023788 secs] 14944K->6840K(29696K), 0.0024198 secs] [Times: user=0.00 sys=0.00, real=0.00 secs] 
1.176: [GC (Allocation Failure) 1.176: [DefNew: 8632K->713K(9216K), 0.0025107 secs] 15032K->7114K(29696K), 0.0025497 secs] [Times: user=0.01 sys=0.00, real=0.01 secs] 
1.185: [GC (Allocation Failure) 1.185: [DefNew: 8905K->538K(9216K), 0.0025595 secs] 15306K->7201K(29696K), 0.0026021 secs] [Times: user=0.01 sys=0.00, real=0.00 secs] 
1.194: [GC (Allocation Failure) 1.194: [DefNew: 8730K->537K(9216K), 0.0022445 secs] 15393K->7289K(29696K), 0.0022871 secs] [Times: user=0.00 sys=0.00, real=0.00 secs] 
1.203: [GC (Allocation Failure) 1.203: [DefNew: 8729K->538K(9216K), 0.0020457 secs] 15481K->7377K(29696K), 0.0020935 secs] [Times: user=0.00 sys=0.00, real=0.00 secs] 
1.211: [GC (Allocation Failure) 1.211: [DefNew: 8730K->354K(9216K), 0.0014748 secs] 15569K->7465K(29696K), 0.0015090 secs] [Times: user=0.00 sys=0.00, real=0.00 secs] 
1.218: [GC (Allocation Failure) 1.218: [DefNew: 8546K->442K(9216K), 0.0016211 secs] 15657K->7553K(29696K), 0.0016670 secs] [Times: user=0.01 sys=0.00, real=0.00 secs] 
1.226: [GC (Allocation Failure) 1.226: [DefNew: 8634K->530K(9216K), 0.0026175 secs] 15745K->7640K(29696K), 0.0026598 secs] [Times: user=0.01 sys=0.00, real=0.00 secs] 
1.234: [GC (Allocation Failure) 1.234: [DefNew: 8722K->530K(9216K), 0.0024262 secs] 15832K->7728K(29696K), 0.0024787 secs] [Times: user=0.01 sys=0.00, real=0.00 secs] 
1.242: [GC (Allocation Failure) 1.242: [DefNew: 8722K->802K(9216K), 0.0027612 secs] 15920K->8088K(29696K), 0.0028030 secs] [Times: user=0.00 sys=0.00, real=0.00 secs] 
1.250: [GC (Allocation Failure) 1.250: [DefNew: 8994K->538K(9216K), 0.0027897 secs] 16280K->8176K(29696K), 0.0028697 secs] [Times: user=0.00 sys=0.00, real=0.01 secs] 
1.258: [GC (Allocation Failure) 1.258: [DefNew: 8730K->538K(9216K), 0.0020053 secs] 16368K->8264K(29696K), 0.0020426 secs] [Times: user=0.00 sys=0.00, real=0.01 secs] 
1.264: [GC (Allocation Failure) 1.264: [DefNew: 8730K->263K(9216K), 0.0015472 secs] 16456K->8352K(29696K), 0.0015847 secs] [Times: user=0.00 sys=0.00, real=0.00 secs] 
1.270: [GC (Allocation Failure) 1.270: [DefNew: 8455K->351K(9216K), 0.0013821 secs] 16544K->8439K(29696K), 0.0014140 secs] [Times: user=0.00 sys=0.00, real=0.01 secs] 
1.275: [GC (Allocation Failure) 1.275: [DefNew: 8543K->439K(9216K), 0.0015025 secs] 16631K->8527K(29696K), 0.0015378 secs] [Times: user=0.00 sys=0.00, real=0.00 secs] 
1.281: [GC (Allocation Failure) 1.281: [DefNew: 8631K->527K(9216K), 0.0016178 secs] 16719K->8615K(29696K), 0.0016555 secs] [Times: user=0.00 sys=0.00, real=0.00 secs] 
1.287: [GC (Allocation Failure) 1.287: [DefNew: 8719K->527K(9216K), 0.0015408 secs] 16807K->8703K(29696K), 0.0015700 secs] [Times: user=0.00 sys=0.00, real=0.00 secs] 
1.292: [GC (Allocation Failure) 1.292: [DefNew: 8719K->527K(9216K), 0.0020267 secs] 16895K->8791K(29696K), 0.0020621 secs] [Times: user=0.00 sys=0.00, real=0.00 secs] 
1.297: [GC (Allocation Failure) 1.297: [DefNew: 8719K->530K(9216K), 0.0017960 secs] 16983K->8882K(29696K), 0.0018275 secs] [Times: user=0.01 sys=0.00, real=0.01 secs] 
1.302: [GC (Allocation Failure) 1.302: [DefNew: 8722K->530K(9216K), 0.0018085 secs] 17074K->8970K(29696K), 0.0018482 secs] [Times: user=0.00 sys=0.00, real=0.00 secs] 
1.308: [GC (Allocation Failure) 1.308: [DefNew: 8722K->530K(9216K), 0.0016670 secs] 17162K->9057K(29696K), 0.0016942 secs] [Times: user=0.01 sys=0.00, real=0.00 secs] 
1.313: [GC (Allocation Failure) 1.313: [DefNew: 8722K->530K(9216K), 0.0018376 secs] 17249K->9145K(29696K), 0.0018677 secs] [Times: user=0.00 sys=0.00, real=0.00 secs] 
1.318: [GC (Allocation Failure) 1.318: [DefNew: 8722K->941K(9216K), 0.0019930 secs] 17337K->9644K(29696K), 0.0020264 secs] [Times: user=0.00 sys=0.00, real=0.01 secs] 
1.323: [GC (Allocation Failure) 1.323: [DefNew: 9133K->589K(9216K), 0.0018079 secs] 17836K->9731K(29696K), 0.0018391 secs] [Times: user=0.00 sys=0.00, real=0.00 secs] 
1.328: [GC (Allocation Failure) 1.328: [DefNew: 8781K->177K(9216K), 0.0013524 secs] 17923K->9819K(29696K), 0.0013791 secs] [Times: user=0.01 sys=0.00, real=0.00 secs] 
1.333: [GC (Allocation Failure) 1.333: [DefNew: 8369K->264K(9216K), 0.0016281 secs] 18011K->9907K(29696K), 0.0017032 secs] [Times: user=0.00 sys=0.00, real=0.00 secs] 
1.338: [GC (Allocation Failure) 1.338: [DefNew: 8456K->352K(9216K), 0.0015610 secs] 18099K->9995K(29696K), 0.0015903 secs] [Times: user=0.00 sys=0.00, real=0.01 secs] 
1.343: [GC (Allocation Failure) 1.343: [DefNew: 8544K->440K(9216K), 0.0014571 secs] 18187K->10082K(29696K), 0.0014852 secs] [Times: user=0.00 sys=0.00, real=0.00 secs] 
1.347: [GC (Allocation Failure) 1.347: [DefNew: 8632K->527K(9216K), 0.0015965 secs] 18274K->10170K(29696K), 0.0016277 secs] [Times: user=0.00 sys=0.00, real=0.00 secs] 
1.352: [GC (Allocation Failure) 1.352: [DefNew: 8719K->527K(9216K), 0.0020305 secs] 18362K->10258K(29696K), 0.0020815 secs] [Times: user=0.00 sys=0.00, real=0.00 secs] 
1.358: [GC (Allocation Failure) 1.358: [DefNew: 8719K->527K(9216K), 0.0016064 secs] 18450K->10345K(29696K), 0.0016395 secs] [Times: user=0.00 sys=0.00, real=0.01 secs] 
1.363: [GC (Allocation Failure) 1.363: [DefNew: 8719K->527K(9216K), 0.0017225 secs] 18537K->10433K(29696K), 0.0017547 secs] [Times: user=0.00 sys=0.00, real=0.00 secs] 
1.368: [GC (Allocation Failure) 1.368: [DefNew: 8719K->527K(9216K), 0.0016662 secs] 18625K->10521K(29696K), 0.0017079 secs] [Times: user=0.00 sys=0.00, real=0.00 secs] 
1.373: [GC (Allocation Failure) 1.373: [DefNew: 8719K->527K(9216K), 0.0017206 secs] 18713K->10609K(29696K), 0.0017484 secs] [Times: user=0.00 sys=0.00, real=0.00 secs] 
1.378: [GC (Allocation Failure) 1.378: [DefNew: 8719K->527K(9216K), 0.0018229 secs] 18801K->10696K(29696K), 0.0018514 secs] [Times: user=0.00 sys=0.00, real=0.01 secs] 
1.383: [GC (Allocation Failure) 1.383: [DefNew: 8719K->527K(9216K), 0.0019095 secs] 18888K->10784K(29696K), 0.0019437 secs] [Times: user=0.00 sys=0.00, real=0.00 secs] 
1.388: [GC (Allocation Failure) 1.388: [DefNew: 8719K->527K(9216K), 0.0016220 secs] 18976K->10872K(29696K), 0.0016490 secs] [Times: user=0.00 sys=0.00, real=0.00 secs] 
1.393: [GC (Allocation Failure) 1.393: [DefNew: 8719K->527K(9216K), 0.0019976 secs] 19064K->10960K(29696K), 0.0020527 secs] [Times: user=0.00 sys=0.00, real=0.00 secs] 
1.399: [GC (Allocation Failure) 1.399: [DefNew: 8719K->527K(9216K), 0.0015748 secs] 19152K->11048K(29696K), 0.0016108 secs] [Times: user=0.01 sys=0.00, real=0.00 secs] 
1.404: [GC (Allocation Failure) 1.404: [DefNew: 8719K->530K(9216K), 0.0015744 secs] 19240K->11139K(29696K), 0.0016042 secs] [Times: user=0.01 sys=0.00, real=0.00 secs] 
1.408: [GC (Allocation Failure) 1.408: [DefNew: 8722K->529K(9216K), 0.0024516 secs] 19331K->11226K(29696K), 0.0024949 secs] [Times: user=0.00 sys=0.00, real=0.01 secs] 
1.414: [GC (Allocation Failure) 1.414: [DefNew: 8721K->1023K(9216K), 0.0018695 secs] 19418K->11932K(29696K), 0.0019046 secs] [Times: user=0.00 sys=0.00, real=0.00 secs] 
1.419: [GC (Allocation Failure) 1.419: [DefNew: 9215K->90K(9216K), 0.0019965 secs] 20124K->12020K(29696K), 0.0020363 secs] [Times: user=0.00 sys=0.00, real=0.00 secs] 
1.425: [GC (Allocation Failure) 1.425: [DefNew: 8282K->177K(9216K), 0.0010404 secs] 20212K->12108K(29696K), 0.0010698 secs] [Times: user=0.00 sys=0.00, real=0.00 secs] 
1.429: [GC (Allocation Failure) 1.429: [DefNew: 8369K->265K(9216K), 0.0012776 secs] 20300K->12196K(29696K), 0.0013078 secs] [Times: user=0.00 sys=0.00, real=0.01 secs] 
1.434: [GC (Allocation Failure) 1.434: [DefNew: 8457K->353K(9216K), 0.0013773 secs] 20388K->12284K(29696K), 0.0014072 secs] [Times: user=0.00 sys=0.00, real=0.00 secs] 
1.439: [GC (Allocation Failure) 1.439: [DefNew: 8545K->441K(9216K), 0.0020375 secs] 20476K->12371K(29696K), 0.0020745 secs] [Times: user=0.00 sys=0.00, real=0.00 secs] 
1.444: [GC (Allocation Failure) 1.444: [DefNew: 8633K->529K(9216K), 0.0015237 secs] 20563K->12459K(29696K), 0.0015536 secs] [Times: user=0.00 sys=0.00, real=0.00 secs] 
1.449: [GC (Allocation Failure) 1.449: [DefNew: 8721K->529K(9216K), 0.0018429 secs] 20651K->12547K(29696K), 0.0018760 secs] [Times: user=0.00 sys=0.00, real=0.01 secs] 
1.454: [GC (Allocation Failure) 1.454: [DefNew: 8721K->529K(9216K), 0.0018255 secs] 20739K->12635K(29696K), 0.0018556 secs] [Times: user=0.01 sys=0.00, real=0.00 secs] 
1.459: [GC (Allocation Failure) 1.459: [DefNew: 8721K->529K(9216K), 0.0017820 secs] 20827K->12723K(29696K), 0.0018100 secs] [Times: user=0.00 sys=0.00, real=0.00 secs] 
1.464: [GC (Allocation Failure) 1.464: [DefNew: 8721K->529K(9216K), 0.0016999 secs] 20915K->12811K(29696K), 0.0017394 secs] [Times: user=0.00 sys=0.00, real=0.00 secs] 
1.468: [GC (Allocation Failure) 1.468: [DefNew: 8721K->529K(9216K), 0.0019550 secs] 21003K->12898K(29696K), 0.0019933 secs] [Times: user=0.00 sys=0.00, real=0.01 secs] 
1.474: [GC (Allocation Failure) 1.474: [DefNew: 8721K->529K(9216K), 0.0017646 secs] 21090K->12986K(29696K), 0.0018211 secs] [Times: user=0.01 sys=0.00, real=0.00 secs] 
1.479: [GC (Allocation Failure) 1.479: [DefNew: 8721K->529K(9216K), 0.0017141 secs] 21178K->13074K(29696K), 0.0017446 secs] [Times: user=0.00 sys=0.00, real=0.00 secs] 
1.484: [GC (Allocation Failure) 1.484: [DefNew: 8721K->529K(9216K), 0.0017767 secs] 21266K->13162K(29696K), 0.0018073 secs] [Times: user=0.00 sys=0.00, real=0.00 secs] 
1.488: [GC (Allocation Failure) 1.488: [DefNew: 8721K->529K(9216K), 0.0018216 secs] 21354K->13250K(29696K), 0.0018518 secs] [Times: user=0.00 sys=0.00, real=0.01 secs] 
1.493: [GC (Allocation Failure) 1.493: [DefNew: 8721K->529K(9216K), 0.0017674 secs] 21442K->13338K(29696K), 0.0018004 secs] [Times: user=0.00 sys=0.00, real=0.00 secs] 
1.498: [GC (Allocation Failure) 1.498: [DefNew: 8721K->529K(9216K), 0.0016562 secs] 21530K->13425K(29696K), 0.0016864 secs] [Times: user=0.00 sys=0.00, real=0.01 secs] 
1.503: [GC (Allocation Failure) 1.503: [DefNew: 8721K->529K(9216K), 0.0017725 secs] 21617K->13513K(29696K), 0.0018010 secs] [Times: user=0.00 sys=0.00, real=0.00 secs] 
1.508: [GC (Allocation Failure) 1.508: [DefNew: 8721K->529K(9216K), 0.0017910 secs] 21705K->13601K(29696K), 0.0018218 secs] [Times: user=0.00 sys=0.00, real=0.00 secs] 
1.513: [GC (Allocation Failure) 1.513: [DefNew: 8721K->529K(9216K), 0.0020123 secs] 21793K->13689K(29696K), 0.0020672 secs] [Times: user=0.00 sys=0.00, real=0.00 secs] 
1.518: [GC (Allocation Failure) 1.518: [DefNew: 8721K->529K(9216K), 0.0016087 secs] 21881K->13777K(29696K), 0.0016330 secs] [Times: user=0.00 sys=0.00, real=0.00 secs] 
1.523: [GC (Allocation Failure) 1.523: [DefNew: 8721K->529K(9216K), 0.0017836 secs] 21969K->13865K(29696K), 0.0018129 secs] [Times: user=0.00 sys=0.00, real=0.00 secs] 
1.528: [GC (Allocation Failure) 1.528: [DefNew: 8721K->529K(9216K), 0.0017968 secs] 22057K->13952K(29696K), 0.0018272 secs] [Times: user=0.00 sys=0.00, real=0.00 secs] 
1.533: [GC (Allocation Failure) 1.533: [DefNew: 8721K->529K(9216K), 0.0018012 secs] 22144K->14040K(29696K), 0.0018333 secs] [Times: user=0.00 sys=0.00, real=0.00 secs] 
1.538: [GC (Allocation Failure) 1.538: [DefNew: 8721K->529K(9216K), 0.0017676 secs] 22232K->14128K(29696K), 0.0017992 secs] [Times: user=0.00 sys=0.00, real=0.01 secs] 
1.543: [GC (Allocation Failure) 1.543: [DefNew: 8721K->529K(9216K), 0.0017070 secs] 22320K->14216K(29696K), 0.0017375 secs] [Times: user=0.00 sys=0.00, real=0.00 secs] 
1.548: [GC (Allocation Failure) 1.548: [DefNew: 8721K->529K(9216K), 0.0022334 secs] 22408K->14304K(29696K), 0.0022709 secs] [Times: user=0.00 sys=0.00, real=0.00 secs] 
1.554: [GC (Allocation Failure) 1.554: [DefNew: 8721K->529K(9216K), 0.0017258 secs] 22496K->14392K(29696K), 0.0017707 secs] [Times: user=0.00 sys=0.00, real=0.00 secs] 
1.559: [GC (Allocation Failure) 1.559: [DefNew: 8721K->517K(9216K), 0.0023070 secs] 22584K->15405K(29696K), 0.0023441 secs] [Times: user=0.00 sys=0.00, real=0.00 secs] 
1.564: [GC (Allocation Failure) 1.564: [DefNew: 8709K->517K(9216K), 0.0017755 secs] 23597K->15493K(29696K), 0.0018119 secs] [Times: user=0.00 sys=0.00, real=0.00 secs] 
1.569: [GC (Allocation Failure) 1.569: [DefNew: 8709K->517K(9216K), 0.0017614 secs] 23685K->15581K(29696K), 0.0018002 secs] [Times: user=0.00 sys=0.00, real=0.01 secs] 
1.574: [GC (Allocation Failure) 1.574: [DefNew: 8709K->517K(9216K), 0.0016997 secs] 23773K->15669K(29696K), 0.0017295 secs] [Times: user=0.01 sys=0.00, real=0.00 secs] 
1.579: [GC (Allocation Failure) 1.579: [DefNew: 8709K->517K(9216K), 0.0017877 secs] 23861K->15757K(29696K), 0.0018174 secs] [Times: user=0.00 sys=0.00, real=0.00 secs] 
1.584: [GC (Allocation Failure) 1.584: [DefNew: 8709K->517K(9216K), 0.0018262 secs] 23949K->15844K(29696K), 0.0018596 secs] [Times: user=0.00 sys=0.00, real=0.00 secs] 
1.590: [GC (Allocation Failure) 1.590: [DefNew: 8709K->527K(9216K), 0.0023462 secs] 24036K->15932K(29696K), 0.0023855 secs] [Times: user=0.00 sys=0.00, real=0.01 secs] 
1.595: [GC (Allocation Failure) 1.595: [DefNew: 8719K->527K(9216K), 0.0017718 secs] 24124K->16020K(29696K), 0.0018028 secs] [Times: user=0.01 sys=0.00, real=0.00 secs] 
1.600: [GC (Allocation Failure) 1.600: [DefNew: 8719K->527K(9216K), 0.0019362 secs] 24212K->16108K(29696K), 0.0019772 secs] [Times: user=0.00 sys=0.00, real=0.00 secs] 
1.605: [GC (Allocation Failure) 1.605: [DefNew: 8719K->527K(9216K), 0.0018418 secs] 24300K->16196K(29696K), 0.0018813 secs] [Times: user=0.00 sys=0.00, real=0.00 secs] 
1.610: [GC (Allocation Failure) 1.610: [DefNew: 8719K->527K(9216K), 0.0016716 secs] 24388K->16284K(29696K), 0.0017006 secs] [Times: user=0.00 sys=0.00, real=0.00 secs] 
1.615: [GC (Allocation Failure) 1.615: [DefNew: 8719K->527K(9216K), 0.0016159 secs] 24476K->16372K(29696K), 0.0016461 secs] [Times: user=0.00 sys=0.00, real=0.00 secs] 
1.620: [GC (Allocation Failure) 1.620: [DefNew: 8719K->527K(9216K), 0.0017229 secs] 24564K->16459K(29696K), 0.0017517 secs] [Times: user=0.00 sys=0.00, real=0.00 secs] 
1.625: [GC (Allocation Failure) 1.625: [DefNew: 8719K->527K(9216K), 0.0017717 secs] 24651K->16547K(29696K), 0.0018049 secs] [Times: user=0.00 sys=0.00, real=0.00 secs] 
1.630: [GC (Allocation Failure) 1.631: [DefNew: 8719K->527K(9216K), 0.0019389 secs] 24739K->16635K(29696K), 0.0019912 secs] [Times: user=0.00 sys=0.00, real=0.00 secs] 
1.635: [GC (Allocation Failure) 1.635: [DefNew: 8719K->527K(9216K), 0.0016117 secs] 24827K->16723K(29696K), 0.0016442 secs] [Times: user=0.00 sys=0.00, real=0.00 secs] 
1.640: [GC (Allocation Failure) 1.640: [DefNew: 8719K->527K(9216K), 0.0017814 secs] 24915K->16811K(29696K), 0.0018151 secs] [Times: user=0.00 sys=0.00, real=0.00 secs] 
1.645: [GC (Allocation Failure) 1.645: [DefNew: 8719K->527K(9216K), 0.0017167 secs] 25003K->16899K(29696K), 0.0017475 secs] [Times: user=0.00 sys=0.00, real=0.00 secs] 
1.650: [GC (Allocation Failure) 1.650: [DefNew: 8719K->527K(9216K), 0.0022615 secs] 25091K->16986K(29696K), 0.0022982 secs] [Times: user=0.00 sys=0.00, real=0.00 secs] 
1.656: [GC (Allocation Failure) 1.656: [DefNew: 8719K->527K(9216K), 0.0015864 secs] 25178K->17074K(29696K), 0.0016158 secs] [Times: user=0.00 sys=0.00, real=0.00 secs] 
1.661: [GC (Allocation Failure) 1.661: [DefNew: 8719K->527K(9216K), 0.0016798 secs] 25266K->17162K(29696K), 0.0017212 secs] [Times: user=0.00 sys=0.00, real=0.00 secs] 
1.666: [GC (Allocation Failure) 1.666: [DefNew: 8719K->527K(9216K), 0.0015445 secs] 25354K->17250K(29696K), 0.0015863 secs] [Times: user=0.00 sys=0.00, real=0.00 secs] 
1.671: [GC (Allocation Failure) 1.671: [DefNew: 8719K->527K(9216K), 0.0017123 secs] 25442K->17338K(29696K), 0.0017398 secs] [Times: user=0.00 sys=0.00, real=0.00 secs] 
1.676: [GC (Allocation Failure) 1.676: [DefNew: 8719K->527K(9216K), 0.0019291 secs] 25530K->17426K(29696K), 0.0019674 secs] [Times: user=0.00 sys=0.00, real=0.00 secs] 
1.682: [GC (Allocation Failure) 1.682: [DefNew: 8719K->527K(9216K), 0.0016992 secs] 25618K->17514K(29696K), 0.0017319 secs] [Times: user=0.00 sys=0.00, real=0.00 secs] 
1.686: [GC (Allocation Failure) 1.686: [DefNew: 8719K->527K(9216K), 0.0016389 secs] 25706K->17601K(29696K), 0.0016749 secs] [Times: user=0.00 sys=0.00, real=0.00 secs] 
1.691: [GC (Allocation Failure) 1.691: [DefNew: 8719K->527K(9216K), 0.0016005 secs] 25793K->17689K(29696K), 0.0016278 secs] [Times: user=0.01 sys=0.00, real=0.00 secs] 
1.696: [GC (Allocation Failure) 1.696: [DefNew: 8719K->527K(9216K), 0.0016596 secs] 25881K->17777K(29696K), 0.0016992 secs] [Times: user=0.00 sys=0.00, real=0.00 secs] 
1.701: [GC (Allocation Failure) 1.701: [DefNew: 8719K->527K(9216K), 0.0018203 secs] 25969K->17865K(29696K), 0.0018549 secs] [Times: user=0.00 sys=0.00, real=0.00 secs] 
1.706: [GC (Allocation Failure) 1.706: [DefNew: 8719K->527K(9216K), 0.0024964 secs] 26057K->17953K(29696K), 0.0025346 secs] [Times: user=0.00 sys=0.00, real=0.00 secs] 
1.712: [GC (Allocation Failure) 1.712: [DefNew: 8719K->527K(9216K), 0.0016253 secs] 26145K->18041K(29696K), 0.0016593 secs] [Times: user=0.01 sys=0.00, real=0.00 secs] 
1.717: [GC (Allocation Failure) 1.717: [DefNew: 8719K->527K(9216K), 0.0016025 secs] 26233K->18128K(29696K), 0.0016385 secs] [Times: user=0.00 sys=0.00, real=0.01 secs] 
1.722: [GC (Allocation Failure) 1.722: [DefNew: 8719K->527K(9216K), 0.0018083 secs] 26320K->18216K(29696K), 0.0018390 secs] [Times: user=0.00 sys=0.00, real=0.00 secs] 
1.727: [GC (Allocation Failure) 1.727: [DefNew: 8719K->527K(9216K), 0.0016894 secs] 26408K->18304K(29696K), 0.0017196 secs] [Times: user=0.00 sys=0.00, real=0.00 secs] 
1.732: [GC (Allocation Failure) 1.732: [DefNew: 8719K->527K(9216K), 0.0017019 secs] 26496K->18392K(29696K), 0.0017421 secs] [Times: user=0.01 sys=0.00, real=0.00 secs] 
1.736: [GC (Allocation Failure) 1.736: [DefNew: 8719K->527K(9216K), 0.0015704 secs] 26584K->18480K(29696K), 0.0015991 secs] [Times: user=0.00 sys=0.00, real=0.00 secs] 
1.741: [GC (Allocation Failure) 1.741: [DefNew: 8719K->527K(9216K), 0.0018352 secs] 26672K->18568K(29696K), 0.0018695 secs] [Times: user=0.00 sys=0.00, real=0.00 secs] 
1.746: [GC (Allocation Failure) 1.746: [DefNew: 8719K->527K(9216K), 0.0017807 secs] 26760K->18655K(29696K), 0.0018131 secs] [Times: user=0.00 sys=0.00, real=0.00 secs] 
1.751: [GC (Allocation Failure) 1.751: [DefNew: 8719K->527K(9216K), 0.0019916 secs] 26847K->18743K(29696K), 0.0020945 secs] [Times: user=0.00 sys=0.00, real=0.00 secs] 
1.756: [GC (Allocation Failure) 1.756: [DefNew: 8719K->527K(9216K), 0.0016295 secs] 26935K->18831K(29696K), 0.0016615 secs] [Times: user=0.00 sys=0.00, real=0.00 secs] 
1.761: [GC (Allocation Failure) 1.761: [DefNew: 8719K->527K(9216K), 0.0017976 secs] 27023K->18919K(29696K), 0.0018325 secs] [Times: user=0.00 sys=0.00, real=0.00 secs] 
1.766: [GC (Allocation Failure) 1.766: [DefNew: 8719K->527K(9216K), 0.0022958 secs] 27111K->19007K(29696K), 0.0023669 secs] [Times: user=0.00 sys=0.00, real=0.00 secs] 
1.772: [GC (Allocation Failure) 1.772: [DefNew: 8393K->522K(9216K), 0.0015431 secs] 26873K->19090K(29696K), 0.0015713 secs] [Times: user=0.01 sys=0.00, real=0.00 secs] 
1.776: [GC (Allocation Failure) 1.776: [DefNew: 8714K->507K(9216K), 0.0022388 secs] 27282K->20570K(29696K), 0.0022782 secs] [Times: user=0.00 sys=0.00, real=0.01 secs] 
1.782: [GC (Allocation Failure) 1.782: [DefNew: 8699K->8699K(9216K), 0.0000090 secs]1.782: [Tenured: 20062K->17417K(20480K), 0.0364992 secs] 28762K->17417K(29696K), [Metaspace: 13246K->13246K(1060864K)], 0.0365519 secs] [Times: user=0.04 sys=0.00, real=0.04 secs] 
1.822: [GC (Allocation Failure) 1.822: [DefNew: 8192K->96K(9216K), 0.0008875 secs] 25609K->17514K(29696K), 0.0009167 secs] [Times: user=0.00 sys=0.00, real=0.00 secs] 
1.826: [GC (Allocation Failure) 1.826: [DefNew: 8288K->189K(9216K), 0.0009938 secs] 25706K->17606K(29696K), 0.0010242 secs] [Times: user=0.00 sys=0.00, real=0.00 secs] 
1.830: [GC (Allocation Failure) 1.830: [DefNew: 8381K->282K(9216K), 0.0011204 secs] 25798K->17699K(29696K), 0.0011696 secs] [Times: user=0.00 sys=0.00, real=0.01 secs] 
1.835: [GC (Allocation Failure) 1.835: [DefNew: 8474K->374K(9216K), 0.0011465 secs] 25891K->17792K(29696K), 0.0011754 secs] [Times: user=0.00 sys=0.00, real=0.00 secs] 
1.839: [GC (Allocation Failure) 1.839: [DefNew: 8566K->467K(9216K), 0.0012395 secs] 25984K->17885K(29696K), 0.0012674 secs] [Times: user=0.00 sys=0.00, real=0.00 secs] 
1.843: [GC (Allocation Failure) 1.843: [DefNew: 8659K->560K(9216K), 0.0012981 secs] 26077K->17978K(29696K), 0.0013264 secs] [Times: user=0.00 sys=0.00, real=0.00 secs] 
1.848: [GC (Allocation Failure) 1.848: [DefNew: 8752K->560K(9216K), 0.0015695 secs] 26170K->18071K(29696K), 0.0015976 secs] [Times: user=0.00 sys=0.00, real=0.00 secs] 
1.853: [GC (Allocation Failure) 1.853: [DefNew: 8752K->560K(9216K), 0.0020953 secs] 26263K->18164K(29696K), 0.0021596 secs] [Times: user=0.01 sys=0.00, real=0.00 secs] 
1.858: [GC (Allocation Failure) 1.858: [DefNew: 8752K->560K(9216K), 0.0015189 secs] 26356K->18258K(29696K), 0.0015588 secs] [Times: user=0.00 sys=0.00, real=0.01 secs] 
1.863: [GC (Allocation Failure) 1.863: [DefNew: 8752K->560K(9216K), 0.0014919 secs] 26450K->18351K(29696K), 0.0015275 secs] [Times: user=0.00 sys=0.00, real=0.00 secs] 
1.868: [GC (Allocation Failure) 1.868: [DefNew: 8752K->561K(9216K), 0.0015327 secs] 26543K->18445K(29696K), 0.0015692 secs] [Times: user=0.00 sys=0.00, real=0.00 secs] 
1.873: [GC (Allocation Failure) 1.873: [DefNew: 8753K->561K(9216K), 0.0014570 secs] 26637K->18538K(29696K), 0.0014863 secs] [Times: user=0.01 sys=0.00, real=0.00 secs] 
1.877: [GC (Allocation Failure) 1.877: [DefNew: 8753K->560K(9216K), 0.0016013 secs] 26730K->18631K(29696K), 0.0016341 secs] [Times: user=0.00 sys=0.00, real=0.01 secs] 
1.882: [GC (Allocation Failure) 1.882: [DefNew: 8752K->560K(9216K), 0.0014011 secs] 26823K->18725K(29696K), 0.0014376 secs] [Times: user=0.00 sys=0.00, real=0.00 secs] 
1.887: [GC (Allocation Failure) 1.887: [DefNew: 8752K->560K(9216K), 0.0015656 secs] 26917K->18818K(29696K), 0.0015934 secs] [Times: user=0.00 sys=0.00, real=0.00 secs] 
1.891: [GC (Allocation Failure) 1.892: [DefNew: 8752K->560K(9216K), 0.0015482 secs] 27010K->18911K(29696K), 0.0015794 secs] [Times: user=0.01 sys=0.00, real=0.00 secs] 
1.896: [GC (Allocation Failure) 1.896: [DefNew: 8752K->560K(9216K), 0.0014172 secs] 27103K->19004K(29696K), 0.0014460 secs] [Times: user=0.00 sys=0.00, real=0.00 secs] 
1.901: [GC (Allocation Failure) 1.901: [DefNew: 8752K->560K(9216K), 0.0015226 secs] 27196K->19098K(29696K), 0.0015663 secs] [Times: user=0.00 sys=0.00, real=0.00 secs] 
1.906: [GC (Allocation Failure) 1.906: [DefNew: 8752K->560K(9216K), 0.0013871 secs] 27290K->19191K(29696K), 0.0014197 secs] [Times: user=0.00 sys=0.00, real=0.00 secs] 
1.911: [GC (Allocation Failure) 1.911: [DefNew: 8752K->560K(9216K), 0.0016033 secs] 27383K->19284K(29696K), 0.0016360 secs] [Times: user=0.00 sys=0.00, real=0.00 secs] 
1.916: [GC (Allocation Failure) 1.916: [DefNew: 8752K->560K(9216K), 0.0014470 secs] 27476K->19377K(29696K), 0.0014781 secs] [Times: user=0.00 sys=0.00, real=0.00 secs] 
1.921: [GC (Allocation Failure) 1.921: [DefNew: 8752K->560K(9216K), 0.0016066 secs] 27569K->19471K(29696K), 0.0016468 secs] [Times: user=0.00 sys=0.00, real=0.00 secs] 
1.926: [GC (Allocation Failure) 1.926: [DefNew: 8752K->560K(9216K), 0.0014510 secs] 27663K->19564K(29696K), 0.0014828 secs] [Times: user=0.00 sys=0.00, real=0.00 secs] 
1.930: [GC (Allocation Failure) 1.930: [DefNew: 8752K->560K(9216K), 0.0017513 secs] 27756K->19657K(29696K), 0.0017867 secs] [Times: user=0.00 sys=0.00, real=0.00 secs] 
1.935: [GC (Allocation Failure) 1.935: [DefNew: 8752K->560K(9216K), 0.0015023 secs] 27849K->19751K(29696K), 0.0015338 secs] [Times: user=0.00 sys=0.00, real=0.00 secs] 
1.940: [GC (Allocation Failure) 1.940: [DefNew: 8752K->560K(9216K), 0.0015752 secs] 27943K->19844K(29696K), 0.0016052 secs] [Times: user=0.00 sys=0.00, real=0.00 secs] 
1.945: [GC (Allocation Failure) 1.945: [DefNew: 8752K->560K(9216K), 0.0015884 secs] 28036K->19937K(29696K), 0.0016415 secs] [Times: user=0.01 sys=0.00, real=0.00 secs] 
1.949: [GC (Allocation Failure) 1.949: [DefNew: 8752K->560K(9216K), 0.0014884 secs] 28129K->20031K(29696K), 0.0015208 secs] [Times: user=0.00 sys=0.00, real=0.01 secs] 
1.954: [GC (Allocation Failure) 1.954: [DefNew: 8752K->560K(9216K), 0.0020925 secs] 28223K->20124K(29696K), 0.0021304 secs] [Times: user=0.00 sys=0.00, real=0.00 secs] 
1.960: [GC (Allocation Failure) 1.960: [DefNew: 8752K->560K(9216K), 0.0014282 secs] 28316K->20217K(29696K), 0.0014620 secs] [Times: user=0.00 sys=0.00, real=0.00 secs] 
1.964: [GC (Allocation Failure) 1.964: [DefNew: 8752K->560K(9216K), 0.0015975 secs] 28409K->20311K(29696K), 0.0016266 secs] [Times: user=0.01 sys=0.00, real=0.00 secs] 
1.969: [GC (Allocation Failure) 1.969: [DefNew: 8752K->560K(9216K), 0.0016591 secs] 28503K->20404K(29696K), 0.0016926 secs] [Times: user=0.00 sys=0.00, real=0.01 secs] 
1.974: [GC (Allocation Failure) 1.974: [DefNew: 8752K->560K(9216K), 0.0014609 secs] 28596K->20497K(29696K), 0.0014939 secs] [Times: user=0.00 sys=0.00, real=0.00 secs] 
1.978: [GC (Allocation Failure) 1.978: [DefNew: 8752K->560K(9216K), 0.0015252 secs] 28689K->20591K(29696K), 0.0015576 secs] [Times: user=0.00 sys=0.00, real=0.00 secs] 
1.983: [GC (Allocation Failure) 1.983: [DefNew: 8752K->560K(9216K), 0.0016071 secs] 28783K->20684K(29696K), 0.0016443 secs] [Times: user=0.00 sys=0.00, real=0.00 secs] 
1.988: [GC (Allocation Failure) 1.988: [DefNew: 8752K->560K(9216K), 0.0014607 secs] 28876K->20777K(29696K), 0.0014910 secs] [Times: user=0.00 sys=0.00, real=0.00 secs] 
1.993: [GC (Allocation Failure) 1.993: [DefNew: 8752K->560K(9216K), 0.0021698 secs] 28969K->20871K(29696K), 0.0022297 secs] [Times: user=0.00 sys=0.00, real=0.00 secs] 
1.998: [GC (Allocation Failure) 1.998: [DefNew: 8752K->560K(9216K), 0.0019200 secs] 29063K->20964K(29696K), 0.0019606 secs] [Times: user=0.00 sys=0.00, real=0.01 secs] 
2.003: [GC (Allocation Failure) 2.003: [DefNew: 8752K->8752K(9216K), 0.0000093 secs]2.003: [Tenured: 20404K->20479K(20480K), 0.0352053 secs] 29156K->20970K(29696K), [Metaspace: 13246K->13246K(1060864K)], 0.0352605 secs] [Times: user=0.04 sys=0.00, real=0.04 secs] 
2.043: [Full GC (Allocation Failure) 2.043: [Tenured: 20479K->20479K(20480K), 0.0348782 secs] 29695K->21064K(29696K), [Metaspace: 13246K->13246K(1060864K)], 0.0349228 secs] [Times: user=0.04 sys=0.00, real=0.04 secs] 
2.083: [Full GC (Allocation Failure) 2.083: [Tenured: 20479K->20139K(20480K), 0.0411471 secs] 29695K->20139K(29696K), [Metaspace: 13246K->13246K(1060864K)], 0.0411954 secs] [Times: user=0.04 sys=0.00, real=0.04 secs] 
2.128: [GC (Allocation Failure) 2.128: [DefNew: 8192K->95K(9216K), 0.0007996 secs] 28331K->20235K(29696K), 0.0008281 secs] [Times: user=0.00 sys=0.00, real=0.00 secs] 
2.132: [GC (Allocation Failure) 2.132: [DefNew: 8287K->188K(9216K), 0.0010444 secs] 28427K->20328K(29696K), 0.0010806 secs] [Times: user=0.00 sys=0.00, real=0.00 secs] 
2.136: [GC (Allocation Failure) 2.136: [DefNew: 8380K->282K(9216K), 0.0010011 secs] 28520K->20421K(29696K), 0.0010289 secs] [Times: user=0.00 sys=0.00, real=0.00 secs] 
2.140: [GC (Allocation Failure) 2.140: [DefNew: 8474K->375K(9216K), 0.0012763 secs] 28613K->20515K(29696K), 0.0013138 secs] [Times: user=0.00 sys=0.00, real=0.00 secs] 
2.145: [GC (Allocation Failure) 2.145: [DefNew: 8567K->468K(9216K), 0.0013175 secs] 28707K->20608K(29696K), 0.0013474 secs] [Times: user=0.01 sys=0.00, real=0.00 secs] 
2.149: [GC (Allocation Failure) 2.149: [DefNew: 8660K->561K(9216K), 0.0014090 secs] 28800K->20701K(29696K), 0.0014399 secs] [Times: user=0.00 sys=0.00, real=0.01 secs] 
2.154: [GC (Allocation Failure) 2.154: [DefNew: 8753K->560K(9216K), 0.0015930 secs] 28893K->20794K(29696K), 0.0016217 secs] [Times: user=0.00 sys=0.00, real=0.00 secs] 
2.159: [GC (Allocation Failure) 2.159: [DefNew: 8752K->560K(9216K), 0.0021791 secs] 28986K->20888K(29696K), 0.0022186 secs] [Times: user=0.00 sys=0.00, real=0.00 secs] 
2.164: [GC (Allocation Failure) 2.164: [DefNew: 8752K->560K(9216K), 0.0014884 secs] 29080K->20981K(29696K), 0.0015180 secs] [Times: user=0.01 sys=0.00, real=0.00 secs] 
2.169: [GC (Allocation Failure) 2.169: [DefNew: 8752K->8752K(9216K), 0.0000128 secs]2.169: [Tenured: 20421K->20480K(20480K), 0.0381147 secs] 29173K->21036K(29696K), [Metaspace: 13246K->13246K(1060864K)], 0.0381799 secs] [Times: user=0.04 sys=0.00, real=0.04 secs] 
2.212: [Full GC (Allocation Failure) 2.212: [Tenured: 20480K->20480K(20480K), 0.0364644 secs] 29695K->21129K(29696K), [Metaspace: 13246K->13246K(1060864K)], 0.0365180 secs] [Times: user=0.04 sys=0.00, real=0.03 secs] 
2.254: [Full GC (Allocation Failure) 2.255: [Tenured: 20480K->20480K(20480K), 0.0354759 secs] 29695K->21223K(29696K), [Metaspace: 13246K->13246K(1060864K)], 0.0355198 secs] [Times: user=0.03 sys=0.00, real=0.03 secs] 
2.296: [Full GC (Allocation Failure) 2.296: [Tenured: 20480K->20479K(20480K), 0.0359077 secs] 29695K->21293K(29696K), [Metaspace: 13246K->13246K(1060864K)], 0.0359560 secs] [Times: user=0.03 sys=0.00, real=0.04 secs] 
2.337: [Full GC (Allocation Failure) 2.337: [Tenured: 20479K->20479K(20480K), 0.0378883 secs] 29695K->21383K(29696K), [Metaspace: 13246K->13246K(1060864K)], 0.0379434 secs] [Times: user=0.04 sys=0.00, real=0.04 secs] 
2.379: [Full GC (Allocation Failure) 2.379: [Tenured: 20479K->20479K(20480K), 0.0367718 secs] 29695K->21473K(29696K), [Metaspace: 13246K->13246K(1060864K)], 0.0368163 secs] [Times: user=0.04 sys=0.00, real=0.03 secs] 
2.421: [Full GC (Allocation Failure) 2.421: [Tenured: 20479K->20479K(20480K), 0.0370916 secs] 29695K->21561K(29696K), [Metaspace: 13246K->13246K(1060864K)], 0.0371375 secs] [Times: user=0.04 sys=0.00, real=0.04 secs] 
2.463: [Full GC (Allocation Failure) 2.463: [Tenured: 20479K->20479K(20480K), 0.0372717 secs] 29695K->21646K(29696K), [Metaspace: 13246K->13246K(1060864K)], 0.0373196 secs] [Times: user=0.04 sys=0.00, real=0.04 secs] 
2.506: [Full GC (Allocation Failure) 2.506: [Tenured: 20479K->20479K(20480K), 0.0373592 secs] 29695K->21733K(29696K), [Metaspace: 13246K->13246K(1060864K)], 0.0374056 secs] [Times: user=0.03 sys=0.00, real=0.04 secs] 
2.548: [Full GC (Allocation Failure) 2.549: [Tenured: 20479K->20479K(20480K), 0.0372830 secs] 29695K->21820K(29696K), [Metaspace: 13246K->13246K(1060864K)], 0.0373423 secs] [Times: user=0.04 sys=0.00, real=0.04 secs] 
2.591: [Full GC (Allocation Failure) 2.591: [Tenured: 20479K->20479K(20480K), 0.0509705 secs] 29695K->21904K(29696K), [Metaspace: 13246K->13246K(1060864K)], 0.0510159 secs] [Times: user=0.05 sys=0.00, real=0.05 secs] 
2.646: [Full GC (Allocation Failure) 2.646: [Tenured: 20479K->20479K(20480K), 0.0389826 secs] 29695K->21985K(29696K), [Metaspace: 13246K->13246K(1060864K)], 0.0390242 secs] [Times: user=0.03 sys=0.00, real=0.04 secs] 
2.690: [Full GC (Allocation Failure) 2.690: [Tenured: 20479K->20479K(20480K), 0.0393437 secs] 29695K->22750K(29696K), [Metaspace: 13246K->13246K(1060864K)], 0.0393931 secs] [Times: user=0.04 sys=0.00, real=0.04 secs] 
2.734: [Full GC (Allocation Failure) 2.734: [Tenured: 20479K->20479K(20480K), 0.0372688 secs] 29695K->22824K(29696K), [Metaspace: 13246K->13246K(1060864K)], 0.0373147 secs] [Times: user=0.03 sys=0.00, real=0.04 secs] 
2.776: [Full GC (Allocation Failure) 2.776: [Tenured: 20479K->20479K(20480K), 0.0382347 secs] 29695K->22898K(29696K), [Metaspace: 13246K->13246K(1060864K)], 0.0382815 secs] [Times: user=0.04 sys=0.00, real=0.04 secs] 
2.821: [Full GC (Allocation Failure) 2.821: [Tenured: 20479K->20479K(20480K), 0.0371193 secs] 29695K->22970K(29696K), [Metaspace: 13246K->13246K(1060864K)], 0.0371624 secs] [Times: user=0.04 sys=0.00, real=0.03 secs] 
2.863: [Full GC (Allocation Failure) 2.863: [Tenured: 20479K->20479K(20480K), 0.0377413 secs] 29695K->23044K(29696K), [Metaspace: 13246K->13246K(1060864K)], 0.0377853 secs] [Times: user=0.04 sys=0.00, real=0.04 secs] 
2.905: [Full GC (Allocation Failure) 2.905: [Tenured: 20479K->20479K(20480K), 0.0367323 secs] 29695K->23117K(29696K), [Metaspace: 13246K->13246K(1060864K)], 0.0367759 secs] [Times: user=0.04 sys=0.00, real=0.04 secs] 
2.946: [Full GC (Allocation Failure) 2.946: [Tenured: 20479K->20479K(20480K), 0.0372439 secs] 29695K->23187K(29696K), [Metaspace: 13246K->13246K(1060864K)], 0.0373006 secs] [Times: user=0.04 sys=0.00, real=0.04 secs] 
2.988: [Full GC (Allocation Failure) 2.988: [Tenured: 20479K->20479K(20480K), 0.0381634 secs] 29695K->23255K(29696K), [Metaspace: 13246K->13246K(1060864K)], 0.0382094 secs] [Times: user=0.04 sys=0.00, real=0.04 secs] 
3.031: [Full GC (Allocation Failure) 3.031: [Tenured: 20479K->20479K(20480K), 0.0379539 secs] 29695K->23325K(29696K), [Metaspace: 13246K->13246K(1060864K)], 0.0380011 secs] [Times: user=0.03 sys=0.00, real=0.03 secs] 
3.073: [Full GC (Allocation Failure) 3.073: [Tenured: 20479K->20479K(20480K), 0.0386725 secs] 29695K->23391K(29696K), [Metaspace: 13246K->13246K(1060864K)], 0.0387217 secs] [Times: user=0.04 sys=0.00, real=0.04 secs] 
3.116: [Full GC (Allocation Failure) 3.116: [Tenured: 20479K->20479K(20480K), 0.0386539 secs] 29695K->23460K(29696K), [Metaspace: 13246K->13246K(1060864K)], 0.0387068 secs] [Times: user=0.04 sys=0.00, real=0.04 secs] 
3.159: [Full GC (Allocation Failure) 3.159: [Tenured: 20479K->20479K(20480K), 0.0380748 secs] 29695K->23527K(29696K), [Metaspace: 13246K->13246K(1060864K)], 0.0381257 secs] [Times: user=0.03 sys=0.00, real=0.03 secs] 
3.204: [Full GC (Allocation Failure) 3.204: [Tenured: 20479K->20479K(20480K), 0.0394238 secs] 29695K->23592K(29696K), [Metaspace: 13246K->13246K(1060864K)], 0.0394711 secs] [Times: user=0.04 sys=0.00, real=0.04 secs] 
3.247: [Full GC (Allocation Failure) 3.247: [Tenured: 20479K->20479K(20480K), 0.0393163 secs] 29695K->23658K(29696K), [Metaspace: 13246K->13246K(1060864K)], 0.0393851 secs] [Times: user=0.04 sys=0.00, real=0.04 secs] 
3.291: [Full GC (Allocation Failure) 3.291: [Tenured: 20479K->20479K(20480K), 0.0384828 secs] 29695K->23723K(29696K), [Metaspace: 13246K->13246K(1060864K)], 0.0385273 secs] [Times: user=0.04 sys=0.00, real=0.03 secs] 
3.334: [Full GC (Allocation Failure) 3.334: [Tenured: 20479K->20479K(20480K), 0.0393724 secs] 29695K->23788K(29696K), [Metaspace: 13246K->13246K(1060864K)], 0.0394159 secs] [Times: user=0.04 sys=0.00, real=0.04 secs] 
3.378: [Full GC (Allocation Failure) 3.378: [Tenured: 20479K->20479K(20480K), 0.0383825 secs] 29695K->23850K(29696K), [Metaspace: 13246K->13246K(1060864K)], 0.0384279 secs] [Times: user=0.04 sys=0.00, real=0.04 secs] 
3.420: [Full GC (Allocation Failure) 3.420: [Tenured: 20479K->20479K(20480K), 0.0391511 secs] 29695K->23912K(29696K), [Metaspace: 13246K->13246K(1060864K)], 0.0392046 secs] [Times: user=0.04 sys=0.00, real=0.04 secs] 
3.463: [Full GC (Allocation Failure) 3.463: [Tenured: 20479K->20479K(20480K), 0.0394695 secs] 29695K->23974K(29696K), [Metaspace: 13246K->13246K(1060864K)], 0.0395121 secs] [Times: user=0.04 sys=0.00, real=0.04 secs] 
3.507: [Full GC (Allocation Failure) 3.507: [Tenured: 20479K->20479K(20480K), 0.0388603 secs] 29695K->24038K(29696K), [Metaspace: 13246K->13246K(1060864K)], 0.0389039 secs] [Times: user=0.04 sys=0.00, real=0.04 secs] 
3.549: [Full GC (Allocation Failure) 3.549: [Tenured: 20479K->20479K(20480K), 0.0401037 secs] 29695K->24098K(29696K), [Metaspace: 13246K->13246K(1060864K)], 0.0401487 secs] [Times: user=0.04 sys=0.00, real=0.04 secs] 
3.593: [Full GC (Allocation Failure) 3.593: [Tenured: 20479K->20479K(20480K), 0.0388693 secs] 29695K->24160K(29696K), [Metaspace: 13246K->13246K(1060864K)], 0.0389069 secs] [Times: user=0.04 sys=0.00, real=0.04 secs] 
3.636: [Full GC (Allocation Failure) 3.636: [Tenured: 20479K->20479K(20480K), 0.0398676 secs] 29695K->24216K(29696K), [Metaspace: 13246K->13246K(1060864K)], 0.0399252 secs] [Times: user=0.04 sys=0.00, real=0.04 secs] 
3.680: [Full GC (Allocation Failure) 3.680: [Tenured: 20479K->20479K(20480K), 0.0414208 secs] 29695K->24277K(29696K), [Metaspace: 13246K->13246K(1060864K)], 0.0414618 secs] [Times: user=0.04 sys=0.00, real=0.04 secs] 
3.725: [Full GC (Allocation Failure) 3.725: [Tenured: 20479K->20479K(20480K), 0.0393713 secs] 29695K->24333K(29696K), [Metaspace: 13246K->13246K(1060864K)], 0.0394133 secs] [Times: user=0.04 sys=0.00, real=0.04 secs] 
3.768: [Full GC (Allocation Failure) 3.768: [Tenured: 20479K->20479K(20480K), 0.0393701 secs] 29695K->24393K(29696K), [Metaspace: 13246K->13246K(1060864K)], 0.0394238 secs] [Times: user=0.04 sys=0.00, real=0.04 secs] 
3.812: [Full GC (Allocation Failure) 3.812: [Tenured: 20479K->20479K(20480K), 0.0397458 secs] 29695K->24450K(29696K), [Metaspace: 13246K->13246K(1060864K)], 0.0397881 secs] [Times: user=0.04 sys=0.00, real=0.04 secs] 
3.856: [Full GC (Allocation Failure) 3.856: [Tenured: 20479K->20479K(20480K), 0.0386891 secs] 29695K->24506K(29696K), [Metaspace: 13246K->13246K(1060864K)], 0.0387291 secs] [Times: user=0.03 sys=0.00, real=0.04 secs] 
3.898: [Full GC (Allocation Failure) 3.898: [Tenured: 20479K->20479K(20480K), 0.0390125 secs] 29695K->24560K(29696K), [Metaspace: 13246K->13246K(1060864K)], 0.0390502 secs] [Times: user=0.04 sys=0.00, real=0.04 secs] 
3.941: [Full GC (Allocation Failure) 3.941: [Tenured: 20479K->20479K(20480K), 0.0393169 secs] 29695K->24614K(29696K), [Metaspace: 13246K->13246K(1060864K)], 0.0393560 secs] [Times: user=0.04 sys=0.00, real=0.04 secs] 
3.984: [Full GC (Allocation Failure) 3.984: [Tenured: 20479K->20479K(20480K), 0.0388182 secs] 29695K->24670K(29696K), [Metaspace: 13246K->13246K(1060864K)], 0.0388500 secs] [Times: user=0.03 sys=0.00, real=0.04 secs] 
4.027: [Full GC (Allocation Failure) 4.027: [Tenured: 20479K->20479K(20480K), 0.0411462 secs] 29695K->24722K(29696K), [Metaspace: 13246K->13246K(1060864K)], 0.0411851 secs] [Times: user=0.04 sys=0.00, real=0.04 secs] 
4.072: [Full GC (Allocation Failure) 4.072: [Tenured: 20479K->20479K(20480K), 0.0476200 secs] 29695K->24779K(29696K), [Metaspace: 13246K->13246K(1060864K)], 0.0476557 secs] [Times: user=0.04 sys=0.01, real=0.05 secs] 
4.123: [Full GC (Allocation Failure) 4.123: [Tenured: 20479K->20479K(20480K), 0.0479368 secs] 29695K->24830K(29696K), [Metaspace: 13246K->13246K(1060864K)], 0.0479734 secs] [Times: user=0.05 sys=0.00, real=0.05 secs] 
4.174: [Full GC (Allocation Failure) 4.174: [Tenured: 20479K->20479K(20480K), 0.0475505 secs] 29695K->24881K(29696K), [Metaspace: 13246K->13246K(1060864K)], 0.0475911 secs] [Times: user=0.04 sys=0.00, real=0.05 secs] 
4.226: [Full GC (Allocation Failure) 4.226: [Tenured: 20479K->20479K(20480K), 0.0491259 secs] 29695K->24934K(29696K), [Metaspace: 13246K->13246K(1060864K)], 0.0491628 secs] [Times: user=0.05 sys=0.00, real=0.05 secs] 
4.278: [Full GC (Allocation Failure) 4.278: [Tenured: 20479K->20479K(20480K), 0.0475623 secs] 29695K->24985K(29696K), [Metaspace: 13246K->13246K(1060864K)], 0.0476433 secs] [Times: user=0.04 sys=0.01, real=0.05 secs] 
4.329: [Full GC (Allocation Failure) 4.329: [Tenured: 20479K->20479K(20480K), 0.0472062 secs] 29695K->25033K(29696K), [Metaspace: 13246K->13246K(1060864K)], 0.0472423 secs] [Times: user=0.04 sys=0.00, real=0.05 secs] 
4.380: [Full GC (Allocation Failure) 4.380: [Tenured: 20479K->20479K(20480K), 0.0471519 secs] 29695K->25086K(29696K), [Metaspace: 13246K->13246K(1060864K)], 0.0471899 secs] [Times: user=0.04 sys=0.00, real=0.04 secs] 
4.431: [Full GC (Allocation Failure) 4.431: [Tenured: 20479K->20479K(20480K), 0.0479851 secs] 29695K->25133K(29696K), [Metaspace: 13246K->13246K(1060864K)], 0.0480404 secs] [Times: user=0.05 sys=0.00, real=0.05 secs] 
4.483: [Full GC (Allocation Failure) 4.483: [Tenured: 20479K->20479K(20480K), 0.0472517 secs] 29695K->25185K(29696K), [Metaspace: 13246K->13246K(1060864K)], 0.0472887 secs] [Times: user=0.05 sys=0.00, real=0.04 secs] 
4.533: [Full GC (Allocation Failure) 4.533: [Tenured: 20479K->20479K(20480K), 0.0483362 secs] 29695K->25231K(29696K), [Metaspace: 13246K->13246K(1060864K)], 0.0483755 secs] [Times: user=0.05 sys=0.00, real=0.05 secs] 
4.585: [Full GC (Allocation Failure) 4.585: [Tenured: 20479K->20479K(20480K), 0.0483168 secs] 29695K->25279K(29696K), [Metaspace: 13246K->13246K(1060864K)], 0.0483611 secs] [Times: user=0.04 sys=0.01, real=0.05 secs] 
4.637: [Full GC (Allocation Failure) 4.637: [Tenured: 20479K->20479K(20480K), 0.0480771 secs] 29695K->25328K(29696K), [Metaspace: 13246K->13246K(1060864K)], 0.0481150 secs] [Times: user=0.05 sys=0.00, real=0.05 secs] 
4.688: [Full GC (Allocation Failure) 4.688: [Tenured: 20479K->20479K(20480K), 0.0493165 secs] 29695K->25374K(29696K), [Metaspace: 13246K->13246K(1060864K)], 0.0493538 secs] [Times: user=0.04 sys=0.00, real=0.05 secs] 
4.741: [Full GC (Allocation Failure) 4.741: [Tenured: 20479K->20479K(20480K), 0.0484543 secs] 29695K->25418K(29696K), [Metaspace: 13246K->13246K(1060864K)], 0.0484880 secs] [Times: user=0.04 sys=0.01, real=0.04 secs] 
4.793: [Full GC (Allocation Failure) 4.793: [Tenured: 20479K->20479K(20480K), 0.0486354 secs] 29695K->25466K(29696K), [Metaspace: 13246K->13246K(1060864K)], 0.0486720 secs] [Times: user=0.05 sys=0.00, real=0.05 secs] 
4.845: [Full GC (Allocation Failure) 4.845: [Tenured: 20479K->20479K(20480K), 0.0493226 secs] 29695K->25513K(29696K), [Metaspace: 13246K->13246K(1060864K)], 0.0493619 secs] [Times: user=0.04 sys=0.00, real=0.05 secs] 
4.898: [Full GC (Allocation Failure) 4.898: [Tenured: 20479K->20479K(20480K), 0.0479252 secs] 29695K->25556K(29696K), [Metaspace: 13246K->13246K(1060864K)], 0.0479600 secs] [Times: user=0.04 sys=0.01, real=0.05 secs] 
4.949: [Full GC (Allocation Failure) 4.949: [Tenured: 20479K->20479K(20480K), 0.0500583 secs] 29695K->25599K(29696K), [Metaspace: 13246K->13246K(1060864K)], 0.0500978 secs] [Times: user=0.04 sys=0.00, real=0.06 secs] 
5.003: [Full GC (Allocation Failure) 5.003: [Tenured: 20479K->20479K(20480K), 0.0491392 secs] 29695K->25643K(29696K), [Metaspace: 13246K->13246K(1060864K)], 0.0491757 secs] [Times: user=0.04 sys=0.00, real=0.05 secs] 
5.055: [Full GC (Allocation Failure) 5.055: [Tenured: 20479K->20442K(20480K), 0.0589532 secs] 29695K->25543K(29696K), [Metaspace: 13246K->13246K(1060864K)], 0.0590239 secs] [Times: user=0.06 sys=0.00, real=0.06 secs] 
5.118: [Full GC (Allocation Failure) 5.118: [Tenured: 20479K->20479K(20480K), 0.0486597 secs] 29695K->25624K(29696K), [Metaspace: 13241K->13241K(1060864K)], 0.0487035 secs] [Times: user=0.05 sys=0.00, real=0.05 secs] 
5.170: [Full GC (Allocation Failure) 5.170: [Tenured: 20479K->20479K(20480K), 0.0486505 secs] 29695K->25668K(29696K), [Metaspace: 13241K->13241K(1060864K)], 0.0487566 secs] [Times: user=0.05 sys=0.00, real=0.06 secs] 
5.222: [Full GC (Allocation Failure) 5.222: [Tenured: 20479K->20479K(20480K), 0.0484104 secs] 29695K->25711K(29696K), [Metaspace: 13241K->13241K(1060864K)], 0.0484460 secs] [Times: user=0.05 sys=0.00, real=0.05 secs] 
5.274: [Full GC (Allocation Failure) 5.274: [Tenured: 20479K->20442K(20480K), 0.0488204 secs] 29695K->25718K(29696K), [Metaspace: 13241K->13241K(1060864K)], 0.0488557 secs] [Times: user=0.04 sys=0.00, real=0.05 secs] 
5.326: [Full GC (Allocation Failure) 5.326: [Tenured: 20479K->20479K(20480K), 0.0484325 secs] 29695K->25796K(29696K), [Metaspace: 13241K->13241K(1060864K)], 0.0484668 secs] [Times: user=0.05 sys=0.00, real=0.05 secs] 
5.378: [Full GC (Allocation Failure) 5.378: [Tenured: 20479K->20479K(20480K), 0.0494551 secs] 29695K->25838K(29696K), [Metaspace: 13241K->13241K(1060864K)], 0.0494873 secs] [Times: user=0.05 sys=0.00, real=0.05 secs] 
5.431: [Full GC (Allocation Failure) 5.431: [Tenured: 20479K->20479K(20480K), 0.0500423 secs] 29695K->25881K(29696K), [Metaspace: 13241K->13241K(1060864K)], 0.0500783 secs] [Times: user=0.05 sys=0.00, real=0.05 secs] 
5.484: [Full GC (Allocation Failure) 5.484: [Tenured: 20479K->20443K(20480K), 0.0493952 secs] 29695K->25884K(29696K), [Metaspace: 13241K->13241K(1060864K)], 0.0494456 secs] [Times: user=0.06 sys=0.00, real=0.05 secs] 
5.537: [Full GC (Allocation Failure) 5.537: [Tenured: 20479K->20479K(20480K), 0.0487268 secs] 29695K->25961K(29696K), [Metaspace: 13241K->13241K(1060864K)], 0.0487645 secs] [Times: user=0.04 sys=0.01, real=0.05 secs] 
5.589: [Full GC (Allocation Failure) 5.589: [Tenured: 20479K->20479K(20480K), 0.0494107 secs] 29695K->26002K(29696K), [Metaspace: 13241K->13241K(1060864K)], 0.0494489 secs] [Times: user=0.05 sys=0.00, real=0.05 secs] 
5.641: [Full GC (Allocation Failure) 5.641: [Tenured: 20479K->20479K(20480K), 0.0493414 secs] 29695K->26040K(29696K), [Metaspace: 13241K->13241K(1060864K)], 0.0493758 secs] [Times: user=0.04 sys=0.00, real=0.05 secs] 
5.694: [Full GC (Allocation Failure) 5.694: [Tenured: 20480K->20443K(20480K), 0.0497312 secs] 29695K->26043K(29696K), [Metaspace: 13241K->13241K(1060864K)], 0.0497662 secs] [Times: user=0.05 sys=0.00, real=0.05 secs] 
5.747: [Full GC (Allocation Failure) 5.747: [Tenured: 20479K->20479K(20480K), 0.0498738 secs] 29695K->26118K(29696K), [Metaspace: 13241K->13241K(1060864K)], 0.0499103 secs] [Times: user=0.04 sys=0.00, real=0.05 secs] 
5.800: [Full GC (Allocation Failure) 5.800: [Tenured: 20479K->20479K(20480K), 0.0497548 secs] 29695K->26159K(29696K), [Metaspace: 13241K->13241K(1060864K)], 0.0497889 secs] [Times: user=0.05 sys=0.01, real=0.04 secs] 
5.853: [Full GC (Allocation Failure) 5.853: [Tenured: 20479K->20479K(20480K), 0.0492980 secs] 29695K->26196K(29696K), [Metaspace: 13241K->13241K(1060864K)], 0.0493573 secs] [Times: user=0.04 sys=0.01, real=0.05 secs] 
5.905: [Full GC (Allocation Failure) 5.905: [Tenured: 20479K->20444K(20480K), 0.0496687 secs] 29695K->26200K(29696K), [Metaspace: 13241K->13241K(1060864K)], 0.0497016 secs] [Times: user=0.05 sys=0.00, real=0.05 secs] 
5.958: [Full GC (Allocation Failure) 5.958: [Tenured: 20479K->20479K(20480K), 0.0494702 secs] 29695K->26269K(29696K), [Metaspace: 13241K->13241K(1060864K)], 0.0495025 secs] [Times: user=0.04 sys=0.00, real=0.05 secs] 
6.011: [Full GC (Allocation Failure) 6.011: [Tenured: 20479K->20479K(20480K), 0.0497009 secs] 29695K->26306K(29696K), [Metaspace: 13241K->13241K(1060864K)], 0.0497327 secs] [Times: user=0.05 sys=0.00, real=0.05 secs] 
6.064: [Full GC (Allocation Failure) 6.064: [Tenured: 20479K->20479K(20480K), 0.0494934 secs] 29695K->26344K(29696K), [Metaspace: 13241K->13241K(1060864K)], 0.0495342 secs] [Times: user=0.05 sys=0.00, real=0.05 secs] 
6.117: [Full GC (Allocation Failure) 6.117: [Tenured: 20479K->20444K(20480K), 0.0495173 secs] 29695K->26346K(29696K), [Metaspace: 13241K->13241K(1060864K)], 0.0495519 secs] [Times: user=0.05 sys=0.00, real=0.05 secs] 
6.169: [Full GC (Allocation Failure) 6.169: [Tenured: 20479K->20479K(20480K), 0.0494767 secs] 29695K->26414K(29696K), [Metaspace: 13241K->13241K(1060864K)], 0.0495111 secs] [Times: user=0.05 sys=0.00, real=0.06 secs] 
6.222: [Full GC (Allocation Failure) 6.222: [Tenured: 20479K->20479K(20480K), 0.0490912 secs] 29695K->26451K(29696K), [Metaspace: 13241K->13241K(1060864K)], 0.0491635 secs] [Times: user=0.04 sys=0.00, real=0.05 secs] 
6.275: [Full GC (Allocation Failure) 6.275: [Tenured: 20479K->20479K(20480K), 0.0498071 secs] 29695K->26485K(29696K), [Metaspace: 13241K->13241K(1060864K)], 0.0498395 secs] [Times: user=0.05 sys=0.00, real=0.05 secs] 
6.328: [Full GC (Allocation Failure) 6.328: [Tenured: 20479K->20444K(20480K), 0.0494180 secs] 29695K->26486K(29696K), [Metaspace: 13241K->13241K(1060864K)], 0.0494540 secs] [Times: user=0.04 sys=0.00, real=0.05 secs] 
6.380: [Full GC (Allocation Failure) 6.380: [Tenured: 20479K->20479K(20480K), 0.0492034 secs] 29695K->26552K(29696K), [Metaspace: 13241K->13241K(1060864K)], 0.0492395 secs] [Times: user=0.05 sys=0.00, real=0.04 secs] 
6.433: [Full GC (Allocation Failure) 6.433: [Tenured: 20479K->20479K(20480K), 0.0500841 secs] 29695K->26588K(29696K), [Metaspace: 13241K->13241K(1060864K)], 0.0501198 secs] [Times: user=0.05 sys=0.01, real=0.05 secs] 
6.486: [Full GC (Allocation Failure) 6.486: [Tenured: 20479K->20479K(20480K), 0.0495107 secs] 29695K->26620K(29696K), [Metaspace: 13241K->13241K(1060864K)], 0.0495431 secs] [Times: user=0.05 sys=0.00, real=0.05 secs] 
6.539: [Full GC (Allocation Failure) 6.539: [Tenured: 20479K->20445K(20480K), 0.0498644 secs] 29695K->26619K(29696K), [Metaspace: 13241K->13241K(1060864K)], 0.0498995 secs] [Times: user=0.05 sys=0.00, real=0.04 secs] 
6.592: [Full GC (Allocation Failure) 6.592: [Tenured: 20479K->20479K(20480K), 0.0499269 secs] 29695K->26685K(29696K), [Metaspace: 13241K->13241K(1060864K)], 0.0499662 secs] [Times: user=0.05 sys=0.00, real=0.05 secs] 
6.645: [Full GC (Allocation Failure) 6.645: [Tenured: 20479K->20479K(20480K), 0.0555700 secs] 29695K->26719K(29696K), [Metaspace: 13241K->13241K(1060864K)], 0.0556111 secs] [Times: user=0.06 sys=0.01, real=0.06 secs] 
6.704: [Full GC (Allocation Failure) 6.704: [Tenured: 20479K->20479K(20480K), 0.0515661 secs] 29695K->26750K(29696K), [Metaspace: 13241K->13241K(1060864K)], 0.0516096 secs] [Times: user=0.05 sys=0.00, real=0.05 secs] 
6.759: [Full GC (Allocation Failure) 6.759: [Tenured: 20479K->20445K(20480K), 0.0514229 secs] 29695K->26750K(29696K), [Metaspace: 13241K->13241K(1060864K)], 0.0514616 secs] [Times: user=0.04 sys=0.00, real=0.05 secs] 
6.813: [Full GC (Allocation Failure) 6.813: [Tenured: 20479K->20479K(20480K), 0.0505711 secs] 29695K->26812K(29696K), [Metaspace: 13241K->13241K(1060864K)], 0.0506092 secs] [Times: user=0.05 sys=0.00, real=0.05 secs] 
6.867: [Full GC (Allocation Failure) 6.867: [Tenured: 20479K->20479K(20480K), 0.0503528 secs] 29695K->26843K(29696K), [Metaspace: 13241K->13241K(1060864K)], 0.0503920 secs] [Times: user=0.04 sys=0.00, real=0.05 secs] 
6.921: [Full GC (Allocation Failure) 6.921: [Tenured: 20479K->20479K(20480K), 0.0517458 secs] 29695K->26874K(29696K), [Metaspace: 13241K->13241K(1060864K)], 0.0517853 secs] [Times: user=0.05 sys=0.00, real=0.05 secs] 
6.975: [Full GC (Allocation Failure) 6.975: [Tenured: 20479K->20445K(20480K), 0.0528152 secs] 29695K->26871K(29696K), [Metaspace: 13241K->13241K(1060864K)], 0.0528532 secs] [Times: user=0.05 sys=0.01, real=0.05 secs] 
7.031: [Full GC (Allocation Failure) 7.031: [Tenured: 20479K->20479K(20480K), 0.0521034 secs] 29695K->26933K(29696K), [Metaspace: 13241K->13241K(1060864K)], 0.0521394 secs] [Times: user=0.04 sys=0.00, real=0.05 secs] 
7.087: [Full GC (Allocation Failure) 7.087: [Tenured: 20479K->20479K(20480K), 0.0509697 secs] 29695K->26966K(29696K), [Metaspace: 13241K->13241K(1060864K)], 0.0510098 secs] [Times: user=0.06 sys=0.00, real=0.05 secs] 
7.141: [Full GC (Allocation Failure) 7.141: [Tenured: 20479K->20479K(20480K), 0.0504853 secs] 29695K->26996K(29696K), [Metaspace: 13241K->13241K(1060864K)], 0.0505235 secs] [Times: user=0.05 sys=0.00, real=0.05 secs] 
7.195: [Full GC (Allocation Failure) 7.195: [Tenured: 20479K->20446K(20480K), 0.0516234 secs] 29695K->26988K(29696K), [Metaspace: 13241K->13241K(1060864K)], 0.0516670 secs] [Times: user=0.05 sys=0.00, real=0.05 secs] 
7.249: [Full GC (Allocation Failure) 7.249: [Tenured: 20479K->20479K(20480K), 0.0519176 secs] 29695K->27050K(29696K), [Metaspace: 13241K->13241K(1060864K)], 0.0519538 secs] [Times: user=0.04 sys=0.01, real=0.06 secs] 
7.304: [Full GC (Allocation Failure) 7.304: [Tenured: 20479K->20479K(20480K), 0.0503691 secs] 29695K->27080K(29696K), [Metaspace: 13241K->13241K(1060864K)], 0.0504059 secs] [Times: user=0.04 sys=0.00, real=0.05 secs] 
7.358: [Full GC (Allocation Failure) 7.358: [Tenured: 20479K->20479K(20480K), 0.0522023 secs] 29695K->27108K(29696K), [Metaspace: 13241K->13241K(1060864K)], 0.0522472 secs] [Times: user=0.05 sys=0.01, real=0.05 secs] 
7.413: [Full GC (Allocation Failure) 7.413: [Tenured: 20479K->20446K(20480K), 0.0510222 secs] 29695K->27101K(29696K), [Metaspace: 13241K->13241K(1060864K)], 0.0510600 secs] [Times: user=0.05 sys=0.00, real=0.05 secs] 
7.467: [Full GC (Allocation Failure) 7.467: [Tenured: 20479K->20479K(20480K), 0.0507306 secs] 29695K->27161K(29696K), [Metaspace: 13241K->13241K(1060864K)], 0.0507655 secs] [Times: user=0.05 sys=0.00, real=0.05 secs] 
7.521: [Full GC (Allocation Failure) 7.521: [Tenured: 20479K->20479K(20480K), 0.0515786 secs] 29695K->27189K(29696K), [Metaspace: 13241K->13241K(1060864K)], 0.0516163 secs] [Times: user=0.05 sys=0.01, real=0.05 secs] 
7.576: [Full GC (Allocation Failure) 7.576: [Tenured: 20479K->20479K(20480K), 0.0503275 secs] 29695K->27217K(29696K), [Metaspace: 13241K->13241K(1060864K)], 0.0503702 secs] [Times: user=0.05 sys=0.00, real=0.05 secs] 
7.629: [Full GC (Allocation Failure) 7.629: [Tenured: 20479K->20447K(20480K), 0.0526589 secs] 29695K->27210K(29696K), [Metaspace: 13241K->13241K(1060864K)], 0.0526952 secs] [Times: user=0.06 sys=0.00, real=0.06 secs] 
7.685: [Full GC (Allocation Failure) 7.685: [Tenured: 20479K->20479K(20480K), 0.0513382 secs] 29695K->27268K(29696K), [Metaspace: 13241K->13241K(1060864K)], 0.0513808 secs] [Times: user=0.05 sys=0.00, real=0.05 secs] 
7.739: [Full GC (Allocation Failure) 7.739: [Tenured: 20479K->20479K(20480K), 0.0512487 secs] 29695K->27298K(29696K), [Metaspace: 13241K->13241K(1060864K)], 0.0512818 secs] [Times: user=0.05 sys=0.00, real=0.04 secs] 
7.793: [Full GC (Allocation Failure) 7.793: [Tenured: 20479K->20479K(20480K), 0.0521724 secs] 29695K->27320K(29696K), [Metaspace: 13241K->13241K(1060864K)], 0.0522125 secs] [Times: user=0.06 sys=0.00, real=0.05 secs] 
7.848: [Full GC (Allocation Failure) 7.848: [Tenured: 20479K->20447K(20480K), 0.0512470 secs] 29695K->27313K(29696K), [Metaspace: 13241K->13241K(1060864K)], 0.0512819 secs] [Times: user=0.04 sys=0.00, real=0.06 secs] 
7.903: [Full GC (Allocation Failure) 7.903: [Tenured: 20479K->20479K(20480K), 0.0519659 secs] 29695K->27371K(29696K), [Metaspace: 13241K->13241K(1060864K)], 0.0520049 secs] [Times: user=0.05 sys=0.00, real=0.05 secs] 
7.958: [Full GC (Allocation Failure) 7.958: [Tenured: 20479K->20479K(20480K), 0.0504134 secs] 29695K->27398K(29696K), [Metaspace: 13241K->13241K(1060864K)], 0.0504498 secs] [Times: user=0.04 sys=0.02, real=0.05 secs] 
8.011: [Full GC (Allocation Failure) 8.011: [Tenured: 20479K->20479K(20480K), 0.0516775 secs] 29695K->27420K(29696K), [Metaspace: 13241K->13241K(1060864K)], 0.0517178 secs] [Times: user=0.05 sys=0.00, real=0.05 secs] 
8.065: [Full GC (Allocation Failure) 8.065: [Tenured: 20479K->20447K(20480K), 0.0521140 secs] 29695K->27413K(29696K), [Metaspace: 13241K->13241K(1060864K)], 0.0521525 secs] [Times: user=0.05 sys=0.00, real=0.05 secs] 
8.121: [Full GC (Allocation Failure) 8.121: [Tenured: 20479K->20479K(20480K), 0.0516474 secs] 29695K->27468K(29696K), [Metaspace: 13241K->13241K(1060864K)], 0.0516878 secs] [Times: user=0.05 sys=0.00, real=0.05 secs] 
8.175: [Full GC (Allocation Failure) 8.175: [Tenured: 20479K->20479K(20480K), 0.0511752 secs] 29695K->27495K(29696K), [Metaspace: 13241K->13241K(1060864K)], 0.0512111 secs] [Times: user=0.06 sys=0.00, real=0.05 secs] 
8.229: [Full GC (Allocation Failure) 8.229: [Tenured: 20479K->20479K(20480K), 0.0515826 secs] 29695K->27516K(29696K), [Metaspace: 13241K->13241K(1060864K)], 0.0516265 secs] [Times: user=0.05 sys=0.00, real=0.06 secs] 
8.284: [Full GC (Allocation Failure) 8.284: [Tenured: 20479K->20448K(20480K), 0.0518091 secs] 29695K->27509K(29696K), [Metaspace: 13241K->13241K(1060864K)], 0.0518475 secs] [Times: user=0.05 sys=0.00, real=0.05 secs] 
8.339: [Full GC (Allocation Failure) 8.339: [Tenured: 20479K->20479K(20480K), 0.0520917 secs] 29695K->27563K(29696K), [Metaspace: 13241K->13241K(1060864K)], 0.0521401 secs] [Times: user=0.06 sys=0.00, real=0.05 secs] 
8.394: [Full GC (Allocation Failure) 8.394: [Tenured: 20479K->20479K(20480K), 0.0517478 secs] 29695K->27586K(29696K), [Metaspace: 13241K->13241K(1060864K)], 0.0518308 secs] [Times: user=0.05 sys=0.00, real=0.05 secs] 
8.449: [Full GC (Allocation Failure) 8.449: [Tenured: 20479K->20479K(20480K), 0.0529420 secs] 29695K->27609K(29696K), [Metaspace: 13241K->13241K(1060864K)], 0.0529816 secs] [Times: user=0.05 sys=0.00, real=0.06 secs] 
8.505: [Full GC (Allocation Failure) 8.505: [Tenured: 20479K->20448K(20480K), 0.0537626 secs] 29695K->27600K(29696K), [Metaspace: 13241K->13241K(1060864K)], 0.0537981 secs] [Times: user=0.05 sys=0.01, real=0.06 secs] 
8.561: [Full GC (Allocation Failure) 8.561: [Tenured: 20480K->20480K(20480K), 0.0513677 secs] 29695K->27652K(29696K), [Metaspace: 13241K->13241K(1060864K)], 0.0514033 secs] [Times: user=0.05 sys=0.00, real=0.05 secs] 
8.616: [Full GC (Allocation Failure) 8.616: [Tenured: 20480K->20480K(20480K), 0.0519995 secs] 29695K->27677K(29696K), [Metaspace: 13241K->13241K(1060864K)], 0.0520566 secs] [Times: user=0.05 sys=0.00, real=0.05 secs] 
8.671: [Full GC (Allocation Failure) 8.671: [Tenured: 20480K->20480K(20480K), 0.0540520 secs] 29695K->27697K(29696K), [Metaspace: 13241K->13241K(1060864K)], 0.0540927 secs] [Times: user=0.05 sys=0.00, real=0.05 secs] 
8.728: [Full GC (Allocation Failure) 8.728: [Tenured: 20480K->20448K(20480K), 0.0521275 secs] 29695K->27688K(29696K), [Metaspace: 13241K->13241K(1060864K)], 0.0521714 secs] [Times: user=0.05 sys=0.01, real=0.06 secs] 
8.783: [Full GC (Allocation Failure) 8.783: [Tenured: 20479K->20479K(20480K), 0.0534165 secs] 29695K->27739K(29696K), [Metaspace: 13241K->13241K(1060864K)], 0.0534548 secs] [Times: user=0.05 sys=0.00, real=0.05 secs] 
8.839: [Full GC (Allocation Failure) 8.839: [Tenured: 20479K->20479K(20480K), 0.0545734 secs] 29695K->27763K(29696K), [Metaspace: 13241K->13241K(1060864K)], 0.0546121 secs] [Times: user=0.06 sys=0.00, real=0.05 secs] 
8.896: [Full GC (Allocation Failure) 8.896: [Tenured: 20479K->20479K(20480K), 0.0530070 secs] 29695K->27783K(29696K), [Metaspace: 13241K->13241K(1060864K)], 0.0530451 secs] [Times: user=0.05 sys=0.00, real=0.05 secs] 
8.954: [Full GC (Allocation Failure) 8.954: [Tenured: 20479K->20449K(20480K), 0.0526419 secs] 29695K->27774K(29696K), [Metaspace: 13241K->13241K(1060864K)], 0.0527094 secs] [Times: user=0.05 sys=0.00, real=0.05 secs] 
9.010: [Full GC (Allocation Failure) 9.010: [Tenured: 20479K->20479K(20480K), 0.0526192 secs] 29695K->27821K(29696K), [Metaspace: 13241K->13241K(1060864K)], 0.0526539 secs] [Times: user=0.05 sys=0.00, real=0.06 secs] 
9.066: [Full GC (Allocation Failure) 9.066: [Tenured: 20479K->20479K(20480K), 0.0526958 secs] 29695K->27841K(29696K), [Metaspace: 13241K->13241K(1060864K)], 0.0527400 secs] [Times: user=0.05 sys=0.01, real=0.06 secs] 
9.121: [Full GC (Allocation Failure) 9.121: [Tenured: 20479K->20479K(20480K), 0.0514621 secs] 29695K->27861K(29696K), [Metaspace: 13241K->13241K(1060864K)], 0.0514981 secs] [Times: user=0.06 sys=0.00, real=0.05 secs] 
9.176: [Full GC (Allocation Failure) 9.176: [Tenured: 20479K->20449K(20480K), 0.0537326 secs] 29695K->27852K(29696K), [Metaspace: 13241K->13241K(1060864K)], 0.0537686 secs] [Times: user=0.05 sys=0.00, real=0.05 secs] 
9.232: [Full GC (Allocation Failure) 9.232: [Tenured: 20479K->20479K(20480K), 0.0527407 secs] 29695K->27900K(29696K), [Metaspace: 13241K->13241K(1060864K)], 0.0527768 secs] [Times: user=0.05 sys=0.00, real=0.05 secs] 
9.288: [Full GC (Allocation Failure) 9.288: [Tenured: 20479K->20479K(20480K), 0.0523867 secs] 29695K->27921K(29696K), [Metaspace: 13241K->13241K(1060864K)], 0.0524399 secs] [Times: user=0.05 sys=0.00, real=0.06 secs] 
9.343: [Full GC (Allocation Failure) 9.343: [Tenured: 20479K->20479K(20480K), 0.0526749 secs] 29695K->27939K(29696K), [Metaspace: 13241K->13241K(1060864K)], 0.0527120 secs] [Times: user=0.06 sys=0.00, real=0.05 secs] 
9.398: [Full GC (Allocation Failure) 9.398: [Tenured: 20479K->20449K(20480K), 0.0526834 secs] 29695K->27930K(29696K), [Metaspace: 13241K->13241K(1060864K)], 0.0527183 secs] [Times: user=0.05 sys=0.00, real=0.06 secs] 
9.454: [Full GC (Allocation Failure) 9.454: [Tenured: 20479K->20479K(20480K), 0.0513990 secs] 29695K->27976K(29696K), [Metaspace: 13241K->13241K(1060864K)], 0.0514355 secs] [Times: user=0.05 sys=0.00, real=0.05 secs] 
9.508: [Full GC (Allocation Failure) 9.508: [Tenured: 20479K->20479K(20480K), 0.0521796 secs] 29695K->27997K(29696K), [Metaspace: 13241K->13241K(1060864K)], 0.0522218 secs] [Times: user=0.05 sys=0.00, real=0.06 secs] 
9.563: [Full GC (Allocation Failure) 9.563: [Tenured: 20479K->20479K(20480K), 0.0516057 secs] 29695K->28013K(29696K), [Metaspace: 13241K->13241K(1060864K)], 0.0516414 secs] [Times: user=0.05 sys=0.01, real=0.05 secs] 
9.617: [Full GC (Allocation Failure) 9.617: [Tenured: 20479K->20450K(20480K), 0.0525381 secs] 29695K->28004K(29696K), [Metaspace: 13241K->13241K(1060864K)], 0.0525716 secs] [Times: user=0.05 sys=0.00, real=0.05 secs] 
9.672: [Full GC (Allocation Failure) 9.672: [Tenured: 20479K->20479K(20480K), 0.0523155 secs] 29695K->28048K(29696K), [Metaspace: 13241K->13241K(1060864K)], 0.0523521 secs] [Times: user=0.06 sys=0.00, real=0.05 secs] 
9.727: [Full GC (Allocation Failure) 9.727: [Tenured: 20479K->20479K(20480K), 0.0521390 secs] 29695K->28067K(29696K), [Metaspace: 13241K->13241K(1060864K)], 0.0521750 secs] [Times: user=0.05 sys=0.00, real=0.06 secs] 
9.782: [Full GC (Allocation Failure) 9.782: [Tenured: 20479K->20479K(20480K), 0.0534794 secs] 29695K->28086K(29696K), [Metaspace: 13241K->13241K(1060864K)], 0.0535182 secs] [Times: user=0.06 sys=0.00, real=0.05 secs] 
9.838: [Full GC (Allocation Failure) 9.838: [Tenured: 20479K->20450K(20480K), 0.0511567 secs] 29695K->28073K(29696K), [Metaspace: 13241K->13241K(1060864K)], 0.0511938 secs] [Times: user=0.05 sys=0.00, real=0.05 secs] 
9.892: [Full GC (Allocation Failure) 9.892: [Tenured: 20479K->20479K(20480K), 0.0517186 secs] 29695K->28118K(29696K), [Metaspace: 13241K->13241K(1060864K)], 0.0517573 secs] [Times: user=0.05 sys=0.00, real=0.05 secs] 
9.946: [Full GC (Allocation Failure) 9.946: [Tenured: 20479K->20479K(20480K), 0.0532400 secs] 29695K->28137K(29696K), [Metaspace: 13241K->13241K(1060864K)], 0.0532764 secs] [Times: user=0.06 sys=0.00, real=0.06 secs] 
10.002: [Full GC (Allocation Failure) 10.002: [Tenured: 20479K->20479K(20480K), 0.0519011 secs] 29695K->28152K(29696K), [Metaspace: 13241K->13241K(1060864K)], 0.0519405 secs] [Times: user=0.05 sys=0.01, real=0.05 secs] 
10.057: [Full GC (Allocation Failure) 10.058: [Tenured: 20479K->20450K(20480K), 0.0530356 secs] 29695K->28139K(29696K), [Metaspace: 13241K->13241K(1060864K)], 0.0531029 secs] [Times: user=0.05 sys=0.00, real=0.06 secs] 
10.113: [Full GC (Allocation Failure) 10.113: [Tenured: 20479K->20479K(20480K), 0.0533986 secs] 29695K->28184K(29696K), [Metaspace: 13241K->13241K(1060864K)], 0.0534350 secs] [Times: user=0.04 sys=0.00, real=0.05 secs] 
10.169: [Full GC (Allocation Failure) 10.169: [Tenured: 20479K->20479K(20480K), 0.0535999 secs] 29695K->28204K(29696K), [Metaspace: 13241K->13241K(1060864K)], 0.0536364 secs] [Times: user=0.05 sys=0.00, real=0.06 secs] 
10.225: [Full GC (Allocation Failure) 10.225: [Tenured: 20479K->20479K(20480K), 0.0531931 secs] 29695K->28217K(29696K), [Metaspace: 13241K->13241K(1060864K)], 0.0532307 secs] [Times: user=0.05 sys=0.01, real=0.06 secs] 
10.281: [Full GC (Allocation Failure) 10.281: [Tenured: 20479K->20451K(20480K), 0.0530198 secs] 29695K->28204K(29696K), [Metaspace: 13241K->13241K(1060864K)], 0.0530575 secs] [Times: user=0.05 sys=0.00, real=0.05 secs] 
10.337: [Full GC (Allocation Failure) 10.337: [Tenured: 20479K->20479K(20480K), 0.0537270 secs] 29695K->28248K(29696K), [Metaspace: 13241K->13241K(1060864K)], 0.0537882 secs] [Times: user=0.05 sys=0.00, real=0.06 secs] 
10.393: [Full GC (Allocation Failure) 10.393: [Tenured: 20479K->20479K(20480K), 0.0528814 secs] 29695K->28265K(29696K), [Metaspace: 13241K->13241K(1060864K)], 0.0529171 secs] [Times: user=0.05 sys=0.00, real=0.05 secs] 
10.448: [Full GC (Allocation Failure) 10.448: [Tenured: 20479K->20479K(20480K), 0.0529222 secs] 29695K->28281K(29696K), [Metaspace: 13241K->13241K(1060864K)], 0.0529611 secs] [Times: user=0.06 sys=0.00, real=0.06 secs] 
10.504: [Full GC (Allocation Failure) 10.504: [Tenured: 20479K->20451K(20480K), 0.0538141 secs] 29695K->28266K(29696K), [Metaspace: 13241K->13241K(1060864K)], 0.0538726 secs] [Times: user=0.05 sys=0.00, real=0.05 secs] 
10.560: [Full GC (Allocation Failure) 10.560: [Tenured: 20479K->20479K(20480K), 0.0530596 secs] 29695K->28309K(29696K), [Metaspace: 13241K->13241K(1060864K)], 0.0530960 secs] [Times: user=0.04 sys=0.00, real=0.05 secs] 
10.616: [Full GC (Allocation Failure) 10.616: [Tenured: 20479K->20479K(20480K), 0.0537009 secs] 29695K->28324K(29696K), [Metaspace: 13241K->13241K(1060864K)], 0.0537365 secs] [Times: user=0.06 sys=0.00, real=0.05 secs] 
10.672: [Full GC (Allocation Failure) 10.672: [Tenured: 20479K->20479K(20480K), 0.0552878 secs] 29695K->28341K(29696K), [Metaspace: 13241K->13241K(1060864K)], 0.0553309 secs] [Times: user=0.06 sys=0.00, real=0.05 secs] 
10.731: [Full GC (Allocation Failure) 10.731: [Tenured: 20479K->20451K(20480K), 0.0532125 secs] 29695K->28326K(29696K), [Metaspace: 13241K->13241K(1060864K)], 0.0532538 secs] [Times: user=0.05 sys=0.00, real=0.05 secs] 
10.786: [Full GC (Allocation Failure) 10.786: [Tenured: 20479K->20479K(20480K), 0.0528292 secs] 29695K->28367K(29696K), [Metaspace: 13241K->13241K(1060864K)], 0.0528715 secs] [Times: user=0.04 sys=0.01, real=0.06 secs] 
10.842: [Full GC (Allocation Failure) 10.842: [Tenured: 20479K->20479K(20480K), 0.0517154 secs] 29695K->28383K(29696K), [Metaspace: 13241K->13241K(1060864K)], 0.0517519 secs] [Times: user=0.05 sys=0.00, real=0.05 secs] 
10.896: [Full GC (Allocation Failure) 10.896: [Tenured: 20479K->20479K(20480K), 0.0524339 secs] 29695K->28398K(29696K), [Metaspace: 13241K->13241K(1060864K)], 0.0524710 secs] [Times: user=0.06 sys=0.00, real=0.05 secs] 
10.952: [Full GC (Allocation Failure) 10.952: [Tenured: 20479K->20452K(20480K), 0.0539542 secs] 29695K->28383K(29696K), [Metaspace: 13241K->13241K(1060864K)], 0.0539969 secs] [Times: user=0.05 sys=0.01, real=0.05 secs] 
11.008: [Full GC (Allocation Failure) 11.008: [Tenured: 20479K->20479K(20480K), 0.0543513 secs] 29695K->28423K(29696K), [Metaspace: 13241K->13241K(1060864K)], 0.0543827 secs] [Times: user=0.05 sys=0.00, real=0.06 secs] 
11.065: [Full GC (Allocation Failure) 11.065: [Tenured: 20479K->20479K(20480K), 0.0534647 secs] 29695K->28439K(29696K), [Metaspace: 13241K->13241K(1060864K)], 0.0535008 secs] [Times: user=0.05 sys=0.00, real=0.06 secs] 
11.121: [Full GC (Allocation Failure) 11.121: [Tenured: 20479K->20479K(20480K), 0.0525830 secs] 29695K->28454K(29696K), [Metaspace: 13241K->13241K(1060864K)], 0.0526249 secs] [Times: user=0.05 sys=0.00, real=0.05 secs] 
11.176: [Full GC (Allocation Failure) 11.176: [Tenured: 20479K->20452K(20480K), 0.0545867 secs] 29695K->28439K(29696K), [Metaspace: 13241K->13241K(1060864K)], 0.0546208 secs] [Times: user=0.06 sys=0.00, real=0.06 secs] 
11.233: [Full GC (Allocation Failure) 11.233: [Tenured: 20479K->20479K(20480K), 0.0527609 secs] 29695K->28477K(29696K), [Metaspace: 13241K->13241K(1060864K)], 0.0527935 secs] [Times: user=0.05 sys=0.00, real=0.05 secs] 
11.289: [Full GC (Allocation Failure) 11.289: [Tenured: 20479K->20479K(20480K), 0.0517905 secs] 29695K->28493K(29696K), [Metaspace: 13241K->13241K(1060864K)], 0.0518300 secs] [Times: user=0.05 sys=0.00, real=0.06 secs] 
11.343: [Full GC (Allocation Failure) 11.343: [Tenured: 20479K->20479K(20480K), 0.0542281 secs] 29695K->28506K(29696K), [Metaspace: 13241K->13241K(1060864K)], 0.0542646 secs] [Times: user=0.05 sys=0.01, real=0.05 secs] 
11.400: [Full GC (Allocation Failure) 11.400: [Tenured: 20479K->20452K(20480K), 0.0532947 secs] 29695K->28492K(29696K), [Metaspace: 13241K->13241K(1060864K)], 0.0533294 secs] [Times: user=0.06 sys=0.00, real=0.05 secs] 
11.455: [Full GC (Allocation Failure) 11.455: [Tenured: 20479K->20479K(20480K), 0.0528198 secs] 29695K->28528K(29696K), [Metaspace: 13241K->13241K(1060864K)], 0.0528565 secs] [Times: user=0.05 sys=0.00, real=0.05 secs] 
11.511: [Full GC (Allocation Failure) 11.511: [Tenured: 20479K->20479K(20480K), 0.0527237 secs] 29695K->28542K(29696K), [Metaspace: 13241K->13241K(1060864K)], 0.0527656 secs] [Times: user=0.05 sys=0.00, real=0.05 secs] 
11.566: [Full GC (Allocation Failure) 11.566: [Tenured: 20479K->20479K(20480K), 0.0536617 secs] 29695K->28554K(29696K), [Metaspace: 13241K->13241K(1060864K)], 0.0536961 secs] [Times: user=0.06 sys=0.00, real=0.06 secs] 
11.622: [Full GC (Allocation Failure) 11.622: [Tenured: 20479K->20452K(20480K), 0.0534556 secs] 29695K->28540K(29696K), [Metaspace: 13241K->13241K(1060864K)], 0.0534936 secs] [Times: user=0.05 sys=0.00, real=0.05 secs] 
11.678: [Full GC (Allocation Failure) 11.678: [Tenured: 20479K->20479K(20480K), 0.0533571 secs] 29695K->28578K(29696K), [Metaspace: 13241K->13241K(1060864K)], 0.0533970 secs] [Times: user=0.05 sys=0.00, real=0.05 secs] 
11.735: [Full GC (Allocation Failure) 11.735: [Tenured: 20479K->20479K(20480K), 0.0532202 secs] 29695K->28591K(29696K), [Metaspace: 13241K->13241K(1060864K)], 0.0532636 secs] [Times: user=0.05 sys=0.00, real=0.05 secs] 
11.791: [Full GC (Allocation Failure) 11.791: [Tenured: 20479K->20479K(20480K), 0.0555985 secs] 29695K->28601K(29696K), [Metaspace: 13241K->13241K(1060864K)], 0.0556468 secs] [Times: user=0.05 sys=0.01, real=0.05 secs] 
11.849: [Full GC (Allocation Failure) 11.849: [Tenured: 20479K->20453K(20480K), 0.0526268 secs] 29695K->28588K(29696K), [Metaspace: 13241K->13241K(1060864K)], 0.0526690 secs] [Times: user=0.06 sys=0.00, real=0.06 secs] 
11.904: [Full GC (Allocation Failure) 11.904: [Tenured: 20480K->20480K(20480K), 0.0549207 secs] 29695K->28625K(29696K), [Metaspace: 13241K->13241K(1060864K)], 0.0549567 secs] [Times: user=0.05 sys=0.00, real=0.06 secs] 
11.961: [Full GC (Allocation Failure) 11.961: [Tenured: 20480K->20480K(20480K), 0.0533186 secs] 29695K->28639K(29696K), [Metaspace: 13241K->13241K(1060864K)], 0.0533546 secs] [Times: user=0.05 sys=0.00, real=0.05 secs] 
12.017: [Full GC (Allocation Failure) 12.017: [Tenured: 20480K->20480K(20480K), 0.0562888 secs] 29695K->28649K(29696K), [Metaspace: 13241K->13241K(1060864K)], 0.0563250 secs] [Times: user=0.05 sys=0.00, real=0.06 secs] 
12.076: [Full GC (Allocation Failure) 12.076: [Tenured: 20480K->20453K(20480K), 0.0529351 secs] 29695K->28636K(29696K), [Metaspace: 13241K->13241K(1060864K)], 0.0529690 secs] [Times: user=0.06 sys=0.00, real=0.05 secs] 
12.131: [Full GC (Allocation Failure) 12.131: [Tenured: 20479K->20479K(20480K), 0.0528417 secs] 29695K->28670K(29696K), [Metaspace: 13241K->13241K(1060864K)], 0.0528787 secs] [Times: user=0.05 sys=0.00, real=0.05 secs] 
12.187: [Full GC (Allocation Failure) 12.187: [Tenured: 20479K->20479K(20480K), 0.0549559 secs] 29695K->28681K(29696K), [Metaspace: 13241K->13241K(1060864K)], 0.0549938 secs] [Times: user=0.06 sys=0.00, real=0.06 secs] 
12.244: [Full GC (Allocation Failure) 12.244: [Tenured: 20479K->20479K(20480K), 0.0530022 secs] 29695K->28692K(29696K), [Metaspace: 13241K->13241K(1060864K)], 0.0530378 secs] [Times: user=0.05 sys=0.01, real=0.05 secs] 
12.299: [Full GC (Allocation Failure) 12.299: [Tenured: 20479K->20453K(20480K), 0.0537728 secs] 29695K->28679K(29696K), [Metaspace: 13241K->13241K(1060864K)], 0.0538183 secs] [Times: user=0.05 sys=0.00, real=0.05 secs] 
12.356: [Full GC (Allocation Failure) 12.356: [Tenured: 20479K->20479K(20480K), 0.0526752 secs] 29695K->28713K(29696K), [Metaspace: 13241K->13241K(1060864K)], 0.0527141 secs] [Times: user=0.06 sys=0.00, real=0.05 secs] 
12.411: [Full GC (Allocation Failure) 12.411: [Tenured: 20479K->20479K(20480K), 0.0525068 secs] 29695K->28724K(29696K), [Metaspace: 13241K->13241K(1060864K)], 0.0525391 secs] [Times: user=0.05 sys=0.00, real=0.05 secs] 
12.466: [Full GC (Allocation Failure) 12.466: [Tenured: 20479K->20479K(20480K), 0.0526697 secs] 29695K->28736K(29696K), [Metaspace: 13241K->13241K(1060864K)], 0.0527037 secs] [Times: user=0.05 sys=0.01, real=0.06 secs] 
12.521: [Full GC (Allocation Failure) 12.521: [Tenured: 20479K->20454K(20480K), 0.0535044 secs] 29695K->28719K(29696K), [Metaspace: 13241K->13241K(1060864K)], 0.0535357 secs] [Times: user=0.04 sys=0.00, real=0.05 secs] 
12.577: [Full GC (Allocation Failure) 12.577: [Tenured: 20479K->20479K(20480K), 0.0524995 secs] 29695K->28754K(29696K), [Metaspace: 13241K->13241K(1060864K)], 0.0525497 secs] [Times: user=0.04 sys=0.01, real=0.05 secs] 
12.631: [Full GC (Allocation Failure) 12.631: [Tenured: 20479K->20479K(20480K), 0.0544529 secs] 29695K->28768K(29696K), [Metaspace: 13241K->13241K(1060864K)], 0.0544914 secs] [Times: user=0.06 sys=0.00, real=0.05 secs] 
12.688: [Full GC (Allocation Failure) 12.688: [Tenured: 20479K->20479K(20480K), 0.0547209 secs] 29695K->28775K(29696K), [Metaspace: 13241K->13241K(1060864K)], 0.0547572 secs] [Times: user=0.05 sys=0.00, real=0.06 secs] 
12.745: [Full GC (Allocation Failure) 12.745: [Tenured: 20479K->20454K(20480K), 0.0535293 secs] 29695K->28762K(29696K), [Metaspace: 13241K->13241K(1060864K)], 0.0535698 secs] [Times: user=0.06 sys=0.00, real=0.06 secs] 
12.801: [Full GC (Allocation Failure) 12.801: [Tenured: 20479K->20479K(20480K), 0.0542793 secs] 29695K->28794K(29696K), [Metaspace: 13241K->13241K(1060864K)], 0.0543365 secs] [Times: user=0.05 sys=0.00, real=0.05 secs] 
12.857: [Full GC (Allocation Failure) 12.857: [Tenured: 20479K->20479K(20480K), 0.0553155 secs] 29695K->28806K(29696K), [Metaspace: 13241K->13241K(1060864K)], 0.0553494 secs] [Times: user=0.05 sys=0.01, real=0.06 secs] 
12.915: [Full GC (Allocation Failure) 12.915: [Tenured: 20479K->20479K(20480K), 0.0546675 secs] 29695K->28814K(29696K), [Metaspace: 13241K->13241K(1060864K)], 0.0547012 secs] [Times: user=0.05 sys=0.00, real=0.05 secs] 
12.972: [Full GC (Allocation Failure) 12.972: [Tenured: 20479K->20454K(20480K), 0.0532276 secs] 29695K->28801K(29696K), [Metaspace: 13241K->13241K(1060864K)], 0.0532663 secs] [Times: user=0.06 sys=0.00, real=0.05 secs] 
13.028: [Full GC (Allocation Failure) 13.028: [Tenured: 20479K->20479K(20480K), 0.0539279 secs] 29695K->28832K(29696K), [Metaspace: 13241K->13241K(1060864K)], 0.0539697 secs] [Times: user=0.05 sys=0.00, real=0.06 secs] 
13.084: [Full GC (Allocation Failure) 13.084: [Tenured: 20479K->20479K(20480K), 0.0552084 secs] 29695K->28841K(29696K), [Metaspace: 13241K->13241K(1060864K)], 0.0552440 secs] [Times: user=0.05 sys=0.00, real=0.06 secs] 
13.141: [Full GC (Allocation Failure) 13.141: [Tenured: 20479K->20479K(20480K), 0.0544879 secs] 29695K->28852K(29696K), [Metaspace: 13241K->13241K(1060864K)], 0.0545244 secs] [Times: user=0.05 sys=0.00, real=0.05 secs] 
13.198: [Full GC (Allocation Failure) 13.198: [Tenured: 20479K->20454K(20480K), 0.0576463 secs] 29695K->28836K(29696K), [Metaspace: 13241K->13241K(1060864K)], 0.0576824 secs] [Times: user=0.05 sys=0.00, real=0.06 secs] 
13.257: [Full GC (Allocation Failure) 13.257: [Tenured: 20479K->20479K(20480K), 0.0547807 secs] 29695K->28869K(29696K), [Metaspace: 13241K->13241K(1060864K)], 0.0548165 secs] [Times: user=0.05 sys=0.00, real=0.06 secs] 
13.314: [Full GC (Allocation Failure) 13.314: [Tenured: 20479K->20479K(20480K), 0.0527147 secs] 29695K->28878K(29696K), [Metaspace: 13241K->13241K(1060864K)], 0.0527493 secs] [Times: user=0.05 sys=0.00, real=0.05 secs] 
13.369: [Full GC (Allocation Failure) 13.369: [Tenured: 20479K->20479K(20480K), 0.0542205 secs] 29695K->28887K(29696K), [Metaspace: 13241K->13241K(1060864K)], 0.0542559 secs] [Times: user=0.05 sys=0.01, real=0.06 secs] 
13.425: [Full GC (Allocation Failure) 13.425: [Tenured: 20479K->20455K(20480K), 0.0535017 secs] 29695K->28871K(29696K), [Metaspace: 13241K->13241K(1060864K)], 0.0535347 secs] [Times: user=0.06 sys=0.00, real=0.06 secs] 
13.481: [Full GC (Allocation Failure) 13.481: [Tenured: 20479K->20479K(20480K), 0.0532933 secs] 29695K->28903K(29696K), [Metaspace: 13241K->13241K(1060864K)], 0.0533273 secs] [Times: user=0.05 sys=0.00, real=0.05 secs] 
13.536: [Full GC (Allocation Failure) 13.536: [Tenured: 20479K->20479K(20480K), 0.0537358 secs] 29695K->28912K(29696K), [Metaspace: 13241K->13241K(1060864K)], 0.0537816 secs] [Times: user=0.05 sys=0.00, real=0.05 secs] 
13.592: [Full GC (Allocation Failure) 13.592: [Tenured: 20479K->20479K(20480K), 0.0535754 secs] 29695K->28922K(29696K), [Metaspace: 13241K->13241K(1060864K)], 0.0536108 secs] [Times: user=0.05 sys=0.01, real=0.05 secs] 
13.647: [Full GC (Allocation Failure) 13.647: [Tenured: 20479K->20455K(20480K), 0.0537792 secs] 29695K->28906K(29696K), [Metaspace: 13241K->13241K(1060864K)], 0.0538112 secs] [Times: user=0.05 sys=0.00, real=0.06 secs] 
13.703: [Full GC (Allocation Failure) 13.703: [Tenured: 20479K->20479K(20480K), 0.0561042 secs] 29695K->28937K(29696K), [Metaspace: 13241K->13241K(1060864K)], 0.0561428 secs] [Times: user=0.06 sys=0.00, real=0.06 secs] 
13.761: [Full GC (Allocation Failure) 13.761: [Tenured: 20479K->20479K(20480K), 0.0552369 secs] 29695K->28948K(29696K), [Metaspace: 13241K->13241K(1060864K)], 0.0552776 secs] [Times: user=0.05 sys=0.00, real=0.05 secs] 
13.818: [Full GC (Allocation Failure) 13.818: [Tenured: 20479K->20479K(20480K), 0.0538432 secs] 29695K->28956K(29696K), [Metaspace: 13241K->13241K(1060864K)], 0.0538766 secs] [Times: user=0.05 sys=0.00, real=0.06 secs] 
13.874: [Full GC (Allocation Failure) 13.874: [Tenured: 20479K->20455K(20480K), 0.0542993 secs] 29695K->28940K(29696K), [Metaspace: 13241K->13241K(1060864K)], 0.0543359 secs] [Times: user=0.05 sys=0.01, real=0.05 secs] 
13.930: [Full GC (Allocation Failure) 13.930: [Tenured: 20479K->20479K(20480K), 0.0530174 secs] 29695K->28969K(29696K), [Metaspace: 13241K->13241K(1060864K)], 0.0530560 secs] [Times: user=0.06 sys=0.00, real=0.06 secs] 
13.985: [Full GC (Allocation Failure) 13.985: [Tenured: 20479K->20479K(20480K), 0.0536721 secs] 29695K->28977K(29696K), [Metaspace: 13241K->13241K(1060864K)], 0.0537232 secs] [Times: user=0.05 sys=0.00, real=0.06 secs] 
14.041: [Full GC (Allocation Failure) 14.041: [Tenured: 20479K->20479K(20480K), 0.0564203 secs] 29695K->28986K(29696K), [Metaspace: 13241K->13241K(1060864K)], 0.0564556 secs] [Times: user=0.06 sys=0.00, real=0.05 secs] 
14.099: [Full GC (Allocation Failure) 14.099: [Tenured: 20479K->20455K(20480K), 0.0537108 secs] 29695K->28971K(29696K), [Metaspace: 13241K->13241K(1060864K)], 0.0537438 secs] [Times: user=0.05 sys=0.00, real=0.05 secs] 
14.155: [Full GC (Allocation Failure) 14.155: [Tenured: 20479K->20479K(20480K), 0.0536897 secs] 29695K->28999K(29696K), [Metaspace: 13241K->13241K(1060864K)], 0.0537297 secs] [Times: user=0.05 sys=0.00, real=0.05 secs] 
14.210: [Full GC (Allocation Failure) 14.210: [Tenured: 20479K->20479K(20480K), 0.0556246 secs] 29695K->29010K(29696K), [Metaspace: 13241K->13241K(1060864K)], 0.0556608 secs] [Times: user=0.06 sys=0.00, real=0.06 secs] 
14.268: [Full GC (Allocation Failure) 14.268: [Tenured: 20479K->20479K(20480K), 0.0534184 secs] 29695K->29017K(29696K), [Metaspace: 13241K->13241K(1060864K)], 0.0534527 secs] [Times: user=0.04 sys=0.01, real=0.06 secs] 
14.323: [Full GC (Allocation Failure) 14.323: [Tenured: 20479K->20456K(20480K), 0.0542340 secs] 29695K->29002K(29696K), [Metaspace: 13241K->13241K(1060864K)], 0.0542691 secs] [Times: user=0.05 sys=0.00, real=0.05 secs] 
14.379: [Full GC (Allocation Failure) 14.379: [Tenured: 20479K->20479K(20480K), 0.0534277 secs] 29695K->29029K(29696K), [Metaspace: 13241K->13241K(1060864K)], 0.0534909 secs] [Times: user=0.06 sys=0.00, real=0.05 secs] 
14.434: [Full GC (Allocation Failure) 14.434: [Tenured: 20479K->20479K(20480K), 0.0538139 secs] 29695K->29037K(29696K), [Metaspace: 13241K->13241K(1060864K)], 0.0538495 secs] [Times: user=0.05 sys=0.00, real=0.05 secs] 
14.490: [Full GC (Allocation Failure) 14.490: [Tenured: 20479K->20479K(20480K), 0.0533299 secs] 29695K->29043K(29696K), [Metaspace: 13241K->13241K(1060864K)], 0.0533661 secs] [Times: user=0.05 sys=0.00, real=0.06 secs] 
14.545: [Full GC (Allocation Failure) 14.545: [Tenured: 20479K->20456K(20480K), 0.0545463 secs] 29695K->29027K(29696K), [Metaspace: 13241K->13241K(1060864K)], 0.0545818 secs] [Times: user=0.05 sys=0.01, real=0.06 secs] 
14.601: [Full GC (Allocation Failure) 14.601: [Tenured: 20479K->20479K(20480K), 0.0539061 secs] 29695K->29057K(29696K), [Metaspace: 13241K->13241K(1060864K)], 0.0539405 secs] [Times: user=0.04 sys=0.01, real=0.05 secs] 
14.656: [Full GC (Allocation Failure) 14.656: [Tenured: 20479K->20479K(20480K), 0.0553533 secs] 29695K->29065K(29696K), [Metaspace: 13241K->13241K(1060864K)], 0.0553896 secs] [Times: user=0.06 sys=0.00, real=0.06 secs] 
14.713: [Full GC (Allocation Failure) 14.713: [Tenured: 20479K->20479K(20480K), 0.0555727 secs] 29695K->29073K(29696K), [Metaspace: 13241K->13241K(1060864K)], 0.0556092 secs] [Times: user=0.05 sys=0.00, real=0.05 secs] 
14.770: [Full GC (Allocation Failure) 14.770: [Tenured: 20479K->20456K(20480K), 0.0550992 secs] 29695K->29054K(29696K), [Metaspace: 13241K->13241K(1060864K)], 0.0551362 secs] [Times: user=0.06 sys=0.00, real=0.05 secs] 
14.827: [Full GC (Allocation Failure) 14.827: [Tenured: 20480K->20480K(20480K), 0.0535911 secs] 29695K->29084K(29696K), [Metaspace: 13241K->13241K(1060864K)], 0.0536314 secs] [Times: user=0.05 sys=0.00, real=0.06 secs] 
14.883: [Full GC (Allocation Failure) 14.883: [Tenured: 20480K->20480K(20480K), 0.0526116 secs] 29695K->29094K(29696K), [Metaspace: 13241K->13241K(1060864K)], 0.0526467 secs] [Times: user=0.06 sys=0.00, real=0.05 secs] 
14.937: [Full GC (Allocation Failure) 14.937: [Tenured: 20480K->20480K(20480K), 0.0549283 secs] 29695K->29099K(29696K), [Metaspace: 13241K->13241K(1060864K)], 0.0549609 secs] [Times: user=0.06 sys=0.00, real=0.06 secs] 
14.994: [Full GC (Allocation Failure) 14.994: [Tenured: 20480K->20456K(20480K), 0.0541523 secs] 29695K->29080K(29696K), [Metaspace: 13241K->13241K(1060864K)], 0.0542000 secs] [Times: user=0.05 sys=0.00, real=0.05 secs] 
15.050: [Full GC (Allocation Failure) 15.050: [Tenured: 20479K->20479K(20480K), 0.0533709 secs] 29695K->29110K(29696K), [Metaspace: 13241K->13241K(1060864K)], 0.0534118 secs] [Times: user=0.05 sys=0.00, real=0.06 secs] 
15.104: [Full GC (Allocation Failure) 15.104: [Tenured: 20479K->20479K(20480K), 0.0533752 secs] 29695K->29119K(29696K), [Metaspace: 13241K->13241K(1060864K)], 0.0534094 secs] [Times: user=0.05 sys=0.00, real=0.05 secs] 
15.159: [Full GC (Allocation Failure) 15.159: [Tenured: 20479K->20479K(20480K), 0.0541885 secs] 29695K->29125K(29696K), [Metaspace: 13241K->13241K(1060864K)], 0.0542230 secs] [Times: user=0.05 sys=0.00, real=0.05 secs] 
15.215: [Full GC (Allocation Failure) 15.215: [Tenured: 20479K->20457K(20480K), 0.0702593 secs] 29695K->29106K(29696K), [Metaspace: 13241K->13241K(1060864K)], 0.0703040 secs] [Times: user=0.07 sys=0.00, real=0.07 secs] 
15.293: [Full GC (Allocation Failure) 15.293: [Tenured: 20479K->20479K(20480K), 0.0578647 secs] 29695K->29146K(29696K), [Metaspace: 13256K->13256K(1060864K)], 0.0579516 secs] [Times: user=0.05 sys=0.01, real=0.06 secs] 
15.355: [Full GC (Allocation Failure) 15.355: [Tenured: 20479K->20479K(20480K), 0.0524198 secs] 29695K->29138K(29696K), [Metaspace: 13256K->13256K(1060864K)], 0.0524778 secs] [Times: user=0.06 sys=0.00, real=0.05 secs] 
15.411: [Full GC (Allocation Failure) 15.411: [Tenured: 20479K->20479K(20480K), 0.0528896 secs] 29695K->29139K(29696K), [Metaspace: 13256K->13256K(1060864K)], 0.0529332 secs] [Times: user=0.06 sys=0.00, real=0.05 secs] 
15.466: [Full GC (Allocation Failure) 15.466: [Tenured: 20479K->20437K(20480K), 0.0598508 secs] 29695K->29097K(29696K), [Metaspace: 13259K->13259K(1060864K)], 0.0598964 secs] [Times: user=0.06 sys=0.00, real=0.06 secs] 
15.528: [Full GC (Allocation Failure) 15.528: [Tenured: 20479K->20479K(20480K), 0.0521674 secs] 29695K->29136K(29696K), [Metaspace: 13260K->13260K(1060864K)], 0.0522123 secs] [Times: user=0.06 sys=0.00, real=0.06 secs] 
15.581: [Full GC (Allocation Failure) 15.581: [Tenured: 20479K->20479K(20480K), 0.0511975 secs] 29695K->29137K(29696K), [Metaspace: 13260K->13260K(1060864K)], 0.0512334 secs] [Times: user=0.05 sys=0.00, real=0.05 secs] 
15.634: [Full GC (Allocation Failure) 15.634: [Tenured: 20479K->20479K(20480K), 0.0509723 secs] 29695K->29139K(29696K), [Metaspace: 13260K->13260K(1060864K)], 0.0510055 secs] [Times: user=0.05 sys=0.00, real=0.05 secs] 
15.687: [Full GC (Allocation Failure) 15.687: [Tenured: 20479K->20410K(20480K), 0.0572703 secs] 29695K->29070K(29696K), [Metaspace: 13260K->13260K(1060864K)], 0.0573046 secs] [Times: user=0.06 sys=0.00, real=0.06 secs] 
15.745: [Full GC (Allocation Failure) 15.745: [Tenured: 20479K->20479K(20480K), 0.0530413 secs] 29695K->29136K(29696K), [Metaspace: 13260K->13260K(1060864K)], 0.0530755 secs] [Times: user=0.05 sys=0.00, real=0.06 secs] 
15.800: [Full GC (Allocation Failure) 15.800: [Tenured: 20479K->20479K(20480K), 0.0536082 secs] 29695K->29139K(29696K), [Metaspace: 13260K->13260K(1060864K)], 0.0536428 secs] [Times: user=0.05 sys=0.00, real=0.05 secs] 
15.855: [Full GC (Allocation Failure) 15.855: [Tenured: 20479K->20479K(20480K), 0.0516437 secs] 29695K->29139K(29696K), [Metaspace: 13260K->13260K(1060864K)], 0.0516760 secs] [Times: user=0.05 sys=0.00, real=0.05 secs] 
15.908: [Full GC (Allocation Failure) 15.908: [Tenured: 20479K->20384K(20480K), 0.0571701 secs] 29695K->29044K(29696K), [Metaspace: 13260K->13260K(1060864K)], 0.0572061 secs] [Times: user=0.06 sys=0.00, real=0.06 secs] 
15.967: [Full GC (Allocation Failure) 15.967: [Tenured: 20479K->20479K(20480K), 0.0514395 secs] 29695K->29136K(29696K), [Metaspace: 13260K->13260K(1060864K)], 0.0514709 secs] [Times: user=0.05 sys=0.00, real=0.05 secs] 
16.019: [Full GC (Allocation Failure) 16.019: [Tenured: 20479K->20479K(20480K), 0.0523862 secs] 29695K->29138K(29696K), [Metaspace: 13260K->13260K(1060864K)], 0.0524220 secs] [Times: user=0.05 sys=0.00, real=0.05 secs] 
16.073: [Full GC (Allocation Failure) 16.073: [Tenured: 20479K->20479K(20480K), 0.0506266 secs] 29695K->29139K(29696K), [Metaspace: 13260K->13260K(1060864K)], 0.0506569 secs] [Times: user=0.05 sys=0.00, real=0.05 secs] 
16.125: [Full GC (Allocation Failure) 16.125: [Tenured: 20479K->20357K(20480K), 0.0579772 secs] 29695K->29017K(29696K), [Metaspace: 13260K->13260K(1060864K)], 0.0580046 secs] [Times: user=0.06 sys=0.00, real=0.06 secs] 
16.183: [GC (Allocation Failure) 16.183: [DefNew (promotion failed) : 8659K->9215K(9216K), 0.0323309 secs]16.216: [Tenured: 20480K->20480K(20480K), 0.0552464 secs] 29017K->29017K(29696K), [Metaspace: 13260K->13260K(1060864K)], 0.0876220 secs] [Times: user=0.09 sys=0.00, real=0.09 secs] 
16.272: [Full GC (Allocation Failure) 16.272: [Tenured: 20480K->20480K(20480K), 0.0524482 secs] 29695K->29015K(29696K), [Metaspace: 13260K->13260K(1060864K)], 0.0524826 secs] [Times: user=0.05 sys=0.00, real=0.05 secs] 
16.326: [Full GC (Allocation Failure) 16.326: [Tenured: 20480K->20480K(20480K), 0.0509884 secs] 29695K->29013K(29696K), [Metaspace: 13260K->13260K(1060864K)], 0.0510211 secs] [Times: user=0.05 sys=0.00, real=0.05 secs] 
16.379: [Full GC (Allocation Failure) 16.379: [Tenured: 20480K->20456K(20480K), 0.0577604 secs] 29695K->28991K(29696K), [Metaspace: 13260K->13260K(1060864K)], 0.0577941 secs] [Times: user=0.05 sys=0.00, real=0.05 secs] 
16.439: [Full GC (Allocation Failure) 16.439: [Tenured: 20479K->20479K(20480K), 0.0510099 secs] 29695K->29012K(29696K), [Metaspace: 13260K->13260K(1060864K)], 0.0510584 secs] [Times: user=0.05 sys=0.00, real=0.04 secs] 
16.492: [Full GC (Allocation Failure) 16.492: [Tenured: 20479K->20479K(20480K), 0.0515808 secs] 29695K->29013K(29696K), [Metaspace: 13260K->13260K(1060864K)], 0.0516227 secs] [Times: user=0.05 sys=0.00, real=0.05 secs] 
16.545: [Full GC (Allocation Failure) 16.545: [Tenured: 20479K->20479K(20480K), 0.0518481 secs] 29695K->29014K(29696K), [Metaspace: 13260K->13260K(1060864K)], 0.0518843 secs] [Times: user=0.06 sys=0.00, real=0.05 secs] 
16.598: [Full GC (Allocation Failure) 16.598: [Tenured: 20479K->20424K(20480K), 0.0569687 secs] 29695K->28959K(29696K), [Metaspace: 13260K->13260K(1060864K)], 0.0570002 secs] [Times: user=0.06 sys=0.00, real=0.05 secs] 
16.657: [Full GC (Allocation Failure) 16.657: [Tenured: 20479K->20479K(20480K), 0.0508541 secs] 29695K->29012K(29696K), [Metaspace: 13260K->13260K(1060864K)], 0.0508843 secs] [Times: user=0.05 sys=0.00, real=0.05 secs] 
16.710: [Full GC (Allocation Failure) 16.710: [Tenured: 20479K->20479K(20480K), 0.0530391 secs] 29695K->29013K(29696K), [Metaspace: 13260K->13260K(1060864K)], 0.0530685 secs] [Times: user=0.05 sys=0.00, real=0.06 secs] 
16.764: [Full GC (Allocation Failure) 16.764: [Tenured: 20479K->20479K(20480K), 0.0529997 secs] 29695K->29014K(29696K), [Metaspace: 13260K->13260K(1060864K)], 0.0530341 secs] [Times: user=0.06 sys=0.00, real=0.05 secs] 
16.819: [Full GC (Allocation Failure) 16.819: [Tenured: 20479K->20391K(20480K), 0.0578880 secs] 29695K->28926K(29696K), [Metaspace: 13260K->13260K(1060864K)], 0.0579255 secs] [Times: user=0.06 sys=0.00, real=0.05 secs] 
16.878: [Full GC (Allocation Failure) 16.878: [Tenured: 20479K->20479K(20480K), 0.0511121 secs] 29695K->29012K(29696K), [Metaspace: 13260K->13260K(1060864K)], 0.0511526 secs] [Times: user=0.05 sys=0.00, real=0.04 secs] 
16.931: [Full GC (Allocation Failure) 16.931: [Tenured: 20479K->20479K(20480K), 0.0521984 secs] 29695K->29013K(29696K), [Metaspace: 13260K->13260K(1060864K)], 0.0522318 secs] [Times: user=0.05 sys=0.00, real=0.05 secs] 
16.985: [Full GC (Allocation Failure) 16.985: [Tenured: 20479K->20479K(20480K), 0.0528890 secs] 29695K->29014K(29696K), [Metaspace: 13260K->13260K(1060864K)], 0.0529247 secs] [Times: user=0.06 sys=0.00, real=0.05 secs] 
17.039: [Full GC (Allocation Failure) 17.039: [Tenured: 20479K->20358K(20480K), 0.0574205 secs] 29695K->28894K(29696K), [Metaspace: 13260K->13260K(1060864K)], 0.0574550 secs] [Times: user=0.06 sys=0.00, real=0.05 secs] 
17.097: [GC (Allocation Failure) 17.097: [DefNew (promotion failed) : 8535K->9215K(9216K), 0.0324647 secs]17.129: [Tenured: 20480K->20480K(20480K), 0.0531448 secs] 28894K->28894K(29696K), [Metaspace: 13260K->13260K(1060864K)], 0.0856593 secs] [Times: user=0.08 sys=0.00, real=0.09 secs] 
17.184: [Full GC (Allocation Failure) 17.184: [Tenured: 20480K->20480K(20480K), 0.0564845 secs] 29695K->28894K(29696K), [Metaspace: 13260K->13260K(1060864K)], 0.0565206 secs] [Times: user=0.06 sys=0.00, real=0.06 secs] 
17.243: [Full GC (Allocation Failure) 17.243: [Tenured: 20480K->20480K(20480K), 0.0518586 secs] 29695K->28894K(29696K), [Metaspace: 13260K->13260K(1060864K)], 0.0518950 secs] [Times: user=0.05 sys=0.00, real=0.05 secs] 
17.296: [Full GC (Allocation Failure) 17.296: [Tenured: 20480K->20451K(20480K), 0.0606545 secs] 29695K->28866K(29696K), [Metaspace: 13260K->13260K(1060864K)], 0.0606908 secs] [Times: user=0.06 sys=0.00, real=0.06 secs] 
17.359: [Full GC (Allocation Failure) 17.359: [Tenured: 20479K->20479K(20480K), 0.0511693 secs] 29695K->28891K(29696K), [Metaspace: 13260K->13260K(1060864K)], 0.0512263 secs] [Times: user=0.05 sys=0.00, real=0.04 secs] 
17.412: [Full GC (Allocation Failure) 17.412: [Tenured: 20479K->20479K(20480K), 0.0517798 secs] 29695K->28892K(29696K), [Metaspace: 13260K->13260K(1060864K)], 0.0518190 secs] [Times: user=0.05 sys=0.00, real=0.05 secs] 
17.466: [Full GC (Allocation Failure) 17.466: [Tenured: 20479K->20479K(20480K), 0.0521714 secs] 29695K->28894K(29696K), [Metaspace: 13260K->13260K(1060864K)], 0.0522117 secs] [Times: user=0.05 sys=0.00, real=0.05 secs] 
17.520: [Full GC (Allocation Failure) 17.520: [Tenured: 20479K->20414K(20480K), 0.0575607 secs] 29695K->28828K(29696K), [Metaspace: 13260K->13260K(1060864K)], 0.0576072 secs] [Times: user=0.05 sys=0.00, real=0.05 secs] 
17.580: [Full GC (Allocation Failure) 17.580: [Tenured: 20479K->20479K(20480K), 0.0531912 secs] 29695K->28891K(29696K), [Metaspace: 13260K->13260K(1060864K)], 0.0532413 secs] [Times: user=0.06 sys=0.00, real=0.05 secs] 
17.635: [Full GC (Allocation Failure) 17.635: [Tenured: 20479K->20479K(20480K), 0.0524852 secs] 29695K->28894K(29696K), [Metaspace: 13260K->13260K(1060864K)], 0.0525307 secs] [Times: user=0.06 sys=0.00, real=0.05 secs] 
17.689: [Full GC (Allocation Failure) 17.689: [Tenured: 20479K->20479K(20480K), 0.0538500 secs] 29695K->28894K(29696K), [Metaspace: 13260K->13260K(1060864K)], 0.0538907 secs] [Times: user=0.06 sys=0.00, real=0.06 secs] 
17.745: [Full GC (Allocation Failure) 17.745: [Tenured: 20479K->20376K(20480K), 0.0575892 secs] 29695K->28790K(29696K), [Metaspace: 13260K->13260K(1060864K)], 0.0576396 secs] [Times: user=0.06 sys=0.00, real=0.06 secs] 
17.805: [Full GC (Allocation Failure) 17.805: [Tenured: 20479K->20479K(20480K), 0.0530534 secs] 29695K->28891K(29696K), [Metaspace: 13260K->13260K(1060864K)], 0.0530998 secs] [Times: user=0.06 sys=0.00, real=0.05 secs] 
17.860: [Full GC (Allocation Failure) 17.860: [Tenured: 20479K->20479K(20480K), 0.0547084 secs] 29695K->28892K(29696K), [Metaspace: 13260K->13260K(1060864K)], 0.0547454 secs] [Times: user=0.05 sys=0.00, real=0.05 secs] 
17.916: [Full GC (Allocation Failure) 17.916: [Tenured: 20479K->20479K(20480K), 0.0513976 secs] 29695K->28894K(29696K), [Metaspace: 13260K->13260K(1060864K)], 0.0514377 secs] [Times: user=0.06 sys=0.00, real=0.05 secs] 
17.970: [Full GC (Allocation Failure) 17.970: [Tenured: 20479K->20337K(20480K), 0.0574930 secs] 29695K->28751K(29696K), [Metaspace: 13260K->13260K(1060864K)], 0.0595568 secs] [Times: user=0.06 sys=0.00, real=0.06 secs] 
18.029: [GC (Allocation Failure) 18.029: [DefNew (promotion failed) : 8414K->9215K(9216K), 0.0333738 secs]18.063: [Tenured: 20480K->20480K(20480K), 0.0539729 secs] 28751K->28751K(29696K), [Metaspace: 13260K->13260K(1060864K)], 0.0874291 secs] [Times: user=0.08 sys=0.00, real=0.09 secs] 
18.119: [Full GC (Allocation Failure) 18.119: [Tenured: 20480K->20480K(20480K), 0.0519420 secs] 29695K->28749K(29696K), [Metaspace: 13260K->13260K(1060864K)], 0.0519755 secs] [Times: user=0.06 sys=0.00, real=0.05 secs] 
18.173: [Full GC (Allocation Failure) 18.173: [Tenured: 20480K->20480K(20480K), 0.0517497 secs] 29695K->28749K(29696K), [Metaspace: 13260K->13260K(1060864K)], 0.0517869 secs] [Times: user=0.05 sys=0.00, real=0.05 secs] 
18.226: [Full GC (Allocation Failure) 18.226: [Tenured: 20480K->20446K(20480K), 0.0579778 secs] 29695K->28715K(29696K), [Metaspace: 13260K->13260K(1060864K)], 0.0580131 secs] [Times: user=0.06 sys=0.00, real=0.06 secs] 
18.287: [Full GC (Allocation Failure) 18.287: [Tenured: 20479K->20479K(20480K), 0.0518753 secs] 29695K->28748K(29696K), [Metaspace: 13260K->13260K(1060864K)], 0.0519111 secs] [Times: user=0.05 sys=0.00, real=0.06 secs] 
18.340: [Full GC (Allocation Failure) 18.340: [Tenured: 20479K->20479K(20480K), 0.0521836 secs] 29695K->28750K(29696K), [Metaspace: 13260K->13260K(1060864K)], 0.0522149 secs] [Times: user=0.06 sys=0.00, real=0.05 secs] 
18.395: [Full GC (Allocation Failure) 18.395: [Tenured: 20479K->20479K(20480K), 0.0522999 secs] 29695K->28748K(29696K), [Metaspace: 13260K->13260K(1060864K)], 0.0523356 secs] [Times: user=0.05 sys=0.00, real=0.05 secs] 
18.449: [Full GC (Allocation Failure) 18.449: [Tenured: 20479K->20402K(20480K), 0.0590883 secs] 29695K->28671K(29696K), [Metaspace: 13260K->13260K(1060864K)], 0.0591204 secs] [Times: user=0.06 sys=0.00, real=0.06 secs] 
18.510: [Full GC (Allocation Failure) 18.510: [Tenured: 20479K->20479K(20480K), 0.0517830 secs] 29695K->28748K(29696K), [Metaspace: 13260K->13260K(1060864K)], 0.0518203 secs] [Times: user=0.05 sys=0.00, real=0.05 secs] 
18.564: [Full GC (Allocation Failure) 18.564: [Tenured: 20479K->20479K(20480K), 0.0508838 secs] 29695K->28750K(29696K), [Metaspace: 13260K->13260K(1060864K)], 0.0509191 secs] [Times: user=0.06 sys=0.00, real=0.05 secs] 
18.617: [Full GC (Allocation Failure) 18.617: [Tenured: 20479K->20479K(20480K), 0.0516760 secs] 29695K->28748K(29696K), [Metaspace: 13260K->13260K(1060864K)], 0.0517084 secs] [Times: user=0.05 sys=0.00, real=0.05 secs] 
18.671: [Full GC (Allocation Failure) 18.671: [Tenured: 20479K->20357K(20480K), 0.0593929 secs] 29695K->28626K(29696K), [Metaspace: 13260K->13260K(1060864K)], 0.0594362 secs] [Times: user=0.06 sys=0.00, real=0.06 secs] 
18.733: [Full GC (Allocation Failure) 18.733: [Tenured: 20479K->20479K(20480K), 0.0519193 secs] 29695K->28748K(29696K), [Metaspace: 13260K->13260K(1060864K)], 0.0519541 secs] [Times: user=0.05 sys=0.00, real=0.05 secs] 
18.787: [Full GC (Allocation Failure) 18.787: [Tenured: 20479K->20479K(20480K), 0.0524603 secs] 29695K->28750K(29696K), [Metaspace: 13260K->13260K(1060864K)], 0.0525023 secs] [Times: user=0.05 sys=0.00, real=0.06 secs] 
18.842: [Full GC (Allocation Failure) 18.842: [Tenured: 20479K->20479K(20480K), 0.0526294 secs] 29695K->28749K(29696K), [Metaspace: 13260K->13260K(1060864K)], 0.0526648 secs] [Times: user=0.06 sys=0.00, real=0.05 secs] 
18.897: [Full GC (Allocation Failure) 18.897: [Tenured: 20479K->20312K(20480K), 0.0589091 secs] 29695K->28580K(29696K), [Metaspace: 13260K->13260K(1060864K)], 0.0589442 secs] [Times: user=0.06 sys=0.00, real=0.06 secs] 
18.956: [GC (Allocation Failure) 18.956: [DefNew (promotion failed) : 8268K->9215K(9216K), 0.0315166 secs]18.987: [Tenured: 20480K->20480K(20480K), 0.0553537 secs] 28581K->28581K(29696K), [Metaspace: 13260K->13260K(1060864K)], 0.0869228 secs] [Times: user=0.08 sys=0.00, real=0.09 secs] 
19.045: [Full GC (Allocation Failure) 19.045: [Tenured: 20480K->20480K(20480K), 0.0511632 secs] 29695K->28583K(29696K), [Metaspace: 13260K->13260K(1060864K)], 0.0511992 secs] [Times: user=0.06 sys=0.00, real=0.05 secs] 
19.098: [Full GC (Allocation Failure) 19.098: [Tenured: 20480K->20480K(20480K), 0.0514211 secs] 29695K->28583K(29696K), [Metaspace: 13260K->13260K(1060864K)], 0.0514552 secs] [Times: user=0.05 sys=0.00, real=0.04 secs] 
19.153: [Full GC (Allocation Failure) 19.153: [Tenured: 20480K->20441K(20480K), 0.0575811 secs] 29695K->28544K(29696K), [Metaspace: 13260K->13260K(1060864K)], 0.0576244 secs] [Times: user=0.06 sys=0.00, real=0.05 secs] 
19.213: [Full GC (Allocation Failure) 19.213: [Tenured: 20479K->20479K(20480K), 0.0520035 secs] 29695K->28580K(29696K), [Metaspace: 13260K->13260K(1060864K)], 0.0520412 secs] [Times: user=0.05 sys=0.00, real=0.05 secs] 
19.267: [Full GC (Allocation Failure) 19.267: [Tenured: 20479K->20479K(20480K), 0.0510692 secs] 29695K->28584K(29696K), [Metaspace: 13260K->13260K(1060864K)], 0.0511086 secs] [Times: user=0.05 sys=0.00, real=0.05 secs] 
19.321: [Full GC (Allocation Failure) 19.321: [Tenured: 20479K->20479K(20480K), 0.0510207 secs] 29695K->28583K(29696K), [Metaspace: 13260K->13260K(1060864K)], 0.0510607 secs] [Times: user=0.05 sys=0.00, real=0.05 secs] 
19.374: [Full GC (Allocation Failure) 19.374: [Tenured: 20479K->20388K(20480K), 0.0560990 secs] 29695K->28492K(29696K), [Metaspace: 13260K->13260K(1060864K)], 0.0561346 secs] [Times: user=0.05 sys=0.00, real=0.05 secs] 
19.433: [Full GC (Allocation Failure) 19.433: [Tenured: 20479K->20479K(20480K), 0.0511189 secs] 29695K->28580K(29696K), [Metaspace: 13260K->13260K(1060864K)], 0.0511633 secs] [Times: user=0.05 sys=0.00, real=0.05 secs] 
19.487: [Full GC (Allocation Failure) 19.487: [Tenured: 20479K->20479K(20480K), 0.0509968 secs] 29695K->28584K(29696K), [Metaspace: 13260K->13260K(1060864K)], 0.0510314 secs] [Times: user=0.05 sys=0.00, real=0.05 secs] 
19.540: [Full GC (Allocation Failure) 19.540: [Tenured: 20479K->20479K(20480K), 0.0525872 secs] 29695K->28583K(29696K), [Metaspace: 13260K->13260K(1060864K)], 0.0526270 secs] [Times: user=0.05 sys=0.00, real=0.05 secs] 
19.595: [Full GC (Allocation Failure) 19.595: [Tenured: 20479K->20335K(20480K), 0.0582560 secs] 29695K->28439K(29696K), [Metaspace: 13260K->13260K(1060864K)], 0.0582919 secs] [Times: user=0.05 sys=0.00, real=0.06 secs] 
19.656: [Full GC (Allocation Failure) 19.656: [Tenured: 20479K->20479K(20480K), 0.0594129 secs] 29695K->28580K(29696K), [Metaspace: 13260K->13260K(1060864K)], 0.0594518 secs] [Times: user=0.06 sys=0.00, real=0.06 secs] 
19.718: [Full GC (Allocation Failure) 19.718: [Tenured: 20479K->20479K(20480K), 0.0509110 secs] 29695K->28581K(29696K), [Metaspace: 13260K->13260K(1060864K)], 0.0509489 secs] [Times: user=0.05 sys=0.00, real=0.05 secs] 
19.771: [Full GC (Allocation Failure) 19.771: [Tenured: 20479K->20479K(20480K), 0.0523576 secs] 29695K->28583K(29696K), [Metaspace: 13260K->13260K(1060864K)], 0.0523991 secs] [Times: user=0.05 sys=0.00, real=0.05 secs] 
19.826: [Full GC (Allocation Failure) 19.826: [Tenured: 20479K->20282K(20480K), 0.0579155 secs] 29695K->28386K(29696K), [Metaspace: 13260K->13260K(1060864K)], 0.0579535 secs] [Times: user=0.05 sys=0.00, real=0.06 secs] 
19.884: [GC (Allocation Failure) 19.884: [DefNew (promotion failed) : 8192K->9216K(9216K), 0.0314686 secs]19.915: [Tenured: 20480K->20480K(20480K), 0.0520597 secs] 28474K->28385K(29696K), [Metaspace: 13260K->13260K(1060864K)], 0.0835843 secs] [Times: user=0.09 sys=0.00, real=0.08 secs] 
19.970: [Full GC (Allocation Failure) 19.970: [Tenured: 20480K->20480K(20480K), 0.0508152 secs] 29695K->28385K(29696K), [Metaspace: 13260K->13260K(1060864K)], 0.0508590 secs] [Times: user=0.05 sys=0.00, real=0.06 secs] 
20.023: [Full GC (Allocation Failure) 20.023: [Tenured: 20480K->20480K(20480K), 0.0505328 secs] 29695K->28385K(29696K), [Metaspace: 13260K->13260K(1060864K)], 0.0505737 secs] [Times: user=0.06 sys=0.00, real=0.05 secs] 
20.076: [Full GC (Allocation Failure) 20.076: [Tenured: 20480K->20433K(20480K), 0.0573809 secs] 29695K->28338K(29696K), [Metaspace: 13260K->13260K(1060864K)], 0.0574182 secs] [Times: user=0.05 sys=0.00, real=0.06 secs] 
20.136: [Full GC (Allocation Failure) 20.136: [Tenured: 20479K->20479K(20480K), 0.0502625 secs] 29695K->28383K(29696K), [Metaspace: 13260K->13260K(1060864K)], 0.0503005 secs] [Times: user=0.05 sys=0.00, real=0.05 secs] 
20.189: [Full GC (Allocation Failure) 20.189: [Tenured: 20479K->20479K(20480K), 0.0513281 secs] 29695K->28385K(29696K), [Metaspace: 13260K->13260K(1060864K)], 0.0513766 secs] [Times: user=0.05 sys=0.00, real=0.06 secs] 
20.243: [Full GC (Allocation Failure) 20.243: [Tenured: 20479K->20479K(20480K), 0.0501261 secs] 29695K->28385K(29696K), [Metaspace: 13260K->13260K(1060864K)], 0.0501651 secs] [Times: user=0.05 sys=0.00, real=0.05 secs] 
20.296: [Full GC (Allocation Failure) 20.296: [Tenured: 20479K->20371K(20480K), 0.0582936 secs] 29695K->28277K(29696K), [Metaspace: 13260K->13260K(1060864K)], 0.0583301 secs] [Times: user=0.06 sys=0.00, real=0.06 secs] 
20.357: [Full GC (Allocation Failure) 20.357: [Tenured: 20479K->20479K(20480K), 0.0511591 secs] 29695K->28383K(29696K), [Metaspace: 13260K->13260K(1060864K)], 0.0511964 secs] [Times: user=0.05 sys=0.00, real=0.05 secs] 
20.410: [Full GC (Allocation Failure) 20.410: [Tenured: 20479K->20479K(20480K), 0.0501861 secs] 29695K->28383K(29696K), [Metaspace: 13260K->13260K(1060864K)], 0.0502235 secs] [Times: user=0.05 sys=0.00, real=0.06 secs] 
20.463: [Full GC (Allocation Failure) 20.463: [Tenured: 20479K->20479K(20480K), 0.0514968 secs] 29695K->28385K(29696K), [Metaspace: 13260K->13260K(1060864K)], 0.0515443 secs] [Times: user=0.06 sys=0.00, real=0.05 secs] 
20.517: [Full GC (Allocation Failure) 20.517: [Tenured: 20479K->20309K(20480K), 0.0563142 secs] 29695K->28215K(29696K), [Metaspace: 13260K->13260K(1060864K)], 0.0563578 secs] [Times: user=0.06 sys=0.00, real=0.06 secs] 
20.576: [Full GC (Allocation Failure) 20.576: [Tenured: 20479K->20479K(20480K), 0.0519327 secs] 29695K->28383K(29696K), [Metaspace: 13260K->13260K(1060864K)], 0.0519924 secs] [Times: user=0.05 sys=0.00, real=0.05 secs] 
20.631: [Full GC (Allocation Failure) 20.631: [Tenured: 20479K->20479K(20480K), 0.0505692 secs] 29695K->28385K(29696K), [Metaspace: 13260K->13260K(1060864K)], 0.0506050 secs] [Times: user=0.05 sys=0.00, real=0.05 secs] 
20.684: [Full GC (Allocation Failure) 20.684: [Tenured: 20479K->20479K(20480K), 0.0523001 secs] 29695K->28385K(29696K), [Metaspace: 13260K->13260K(1060864K)], 0.0523357 secs] [Times: user=0.06 sys=0.00, real=0.05 secs] 
20.739: [Full GC (Allocation Failure) 20.739: [Tenured: 20479K->20246K(20480K), 0.0561315 secs] 29695K->28152K(29696K), [Metaspace: 13260K->13260K(1060864K)], 0.0561679 secs] [Times: user=0.06 sys=0.00, real=0.05 secs] 
20.795: [GC (Allocation Failure) 20.795: [DefNew (promotion failed) : 8192K->9216K(9216K), 0.0305914 secs]20.826: [Tenured: 20480K->20480K(20480K), 0.0526389 secs] 28438K->28151K(29696K), [Metaspace: 13260K->13260K(1060864K)], 0.0832921 secs] [Times: user=0.08 sys=0.00, real=0.09 secs] 
20.881: [Full GC (Allocation Failure) 20.881: [Tenured: 20480K->20480K(20480K), 0.0503944 secs] 29695K->28150K(29696K), [Metaspace: 13260K->13260K(1060864K)], 0.0504348 secs] [Times: user=0.05 sys=0.00, real=0.05 secs] 
20.934: [Full GC (Allocation Failure) 20.934: [Tenured: 20480K->20480K(20480K), 0.0507506 secs] 29695K->28151K(29696K), [Metaspace: 13260K->13260K(1060864K)], 0.0507888 secs] [Times: user=0.04 sys=0.00, real=0.05 secs] 
20.987: [Full GC (Allocation Failure) 20.987: [Tenured: 20480K->20422K(20480K), 0.0567046 secs] 29695K->28094K(29696K), [Metaspace: 13260K->13260K(1060864K)], 0.0567445 secs] [Times: user=0.05 sys=0.00, real=0.06 secs] 
21.047: [Full GC (Allocation Failure) 21.047: [Tenured: 20479K->20479K(20480K), 0.0500982 secs] 29695K->28150K(29696K), [Metaspace: 13260K->13260K(1060864K)], 0.0501699 secs] [Times: user=0.05 sys=0.00, real=0.05 secs] 
21.100: [Full GC (Allocation Failure) 21.100: [Tenured: 20479K->20479K(20480K), 0.0516101 secs] 29695K->28150K(29696K), [Metaspace: 13260K->13260K(1060864K)], 0.0516469 secs] [Times: user=0.05 sys=0.00, real=0.05 secs] 
21.154: [Full GC (Allocation Failure) 21.154: [Tenured: 20479K->20479K(20480K), 0.0510322 secs] 29695K->28151K(29696K), [Metaspace: 13260K->13260K(1060864K)], 0.0510707 secs] [Times: user=0.05 sys=0.00, real=0.05 secs] 
21.208: [Full GC (Allocation Failure) 21.208: [Tenured: 20479K->20350K(20480K), 0.0561370 secs] 29695K->28022K(29696K), [Metaspace: 13260K->13260K(1060864K)], 0.0561762 secs] [Times: user=0.05 sys=0.00, real=0.06 secs] 
21.267: [Full GC (Allocation Failure) 21.267: [Tenured: 20479K->20479K(20480K), 0.0503848 secs] 29695K->28150K(29696K), [Metaspace: 13260K->13260K(1060864K)], 0.0504282 secs] [Times: user=0.05 sys=0.00, real=0.05 secs] 
21.320: [Full GC (Allocation Failure) 21.320: [Tenured: 20479K->20479K(20480K), 0.0509729 secs] 29695K->28150K(29696K), [Metaspace: 13260K->13260K(1060864K)], 0.0510219 secs] [Times: user=0.05 sys=0.00, real=0.05 secs] 
21.373: [Full GC (Allocation Failure) 21.373: [Tenured: 20479K->20479K(20480K), 0.0507074 secs] 29695K->28152K(29696K), [Metaspace: 13260K->13260K(1060864K)], 0.0507459 secs] [Times: user=0.04 sys=0.00, real=0.05 secs] 
21.426: [Full GC (Allocation Failure) 21.426: [Tenured: 20479K->20276K(20480K), 0.0564318 secs] 29695K->27948K(29696K), [Metaspace: 13260K->13260K(1060864K)], 0.0564679 secs] [Times: user=0.05 sys=0.00, real=0.06 secs] 
21.486: [Full GC (Allocation Failure) 21.486: [Tenured: 20480K->20480K(20480K), 0.0493582 secs] 29695K->28150K(29696K), [Metaspace: 13260K->13260K(1060864K)], 0.0493976 secs] [Times: user=0.05 sys=0.00, real=0.05 secs] 
21.538: [Full GC (Allocation Failure) 21.538: [Tenured: 20480K->20480K(20480K), 0.0513341 secs] 29695K->28151K(29696K), [Metaspace: 13260K->13260K(1060864K)], 0.0513687 secs] [Times: user=0.05 sys=0.00, real=0.05 secs] 
21.592: [Full GC (Allocation Failure) 21.592: [Tenured: 20480K->20480K(20480K), 0.0502322 secs] 29695K->28152K(29696K), [Metaspace: 13260K->13260K(1060864K)], 0.0502676 secs] [Times: user=0.05 sys=0.00, real=0.05 secs] 
21.646: [Full GC (Allocation Failure) 21.646: [Tenured: 20480K->20202K(20480K), 0.0565468 secs] 29695K->27874K(29696K), [Metaspace: 13260K->13260K(1060864K)], 0.0565921 secs] [Times: user=0.05 sys=0.00, real=0.06 secs] 
21.703: [GC (Allocation Failure) 21.703: [DefNew (promotion failed) : 8192K->9216K(9216K), 0.0306389 secs]21.734: [Tenured: 20480K->20480K(20480K), 0.0524302 secs] 28394K->27874K(29696K), [Metaspace: 13260K->13260K(1060864K)], 0.0831224 secs] [Times: user=0.09 sys=0.00, real=0.08 secs] 
21.790: [Full GC (Allocation Failure) 21.790: [Tenured: 20480K->20480K(20480K), 0.0520480 secs] 29695K->27876K(29696K), [Metaspace: 13260K->13260K(1060864K)], 0.0521168 secs] [Times: user=0.05 sys=0.00, real=0.06 secs] 
21.844: [Full GC (Allocation Failure) 21.844: [Tenured: 20480K->20480K(20480K), 0.0489532 secs] 29695K->27872K(29696K), [Metaspace: 13260K->13260K(1060864K)], 0.0490007 secs] [Times: user=0.06 sys=0.00, real=0.05 secs] 
21.896: [Full GC (Allocation Failure) 21.896: [Tenured: 20480K->20410K(20480K), 0.0568337 secs] 29695K->27803K(29696K), [Metaspace: 13260K->13260K(1060864K)], 0.0568714 secs] [Times: user=0.06 sys=0.00, real=0.06 secs] 
21.957: [Full GC (Allocation Failure) 21.957: [Tenured: 20479K->20479K(20480K), 0.0503633 secs] 29695K->27872K(29696K), [Metaspace: 13260K->13260K(1060864K)], 0.0504062 secs] [Times: user=0.05 sys=0.00, real=0.05 secs] 
22.010: [Full GC (Allocation Failure) 22.010: [Tenured: 20479K->20479K(20480K), 0.0498388 secs] 29695K->27875K(29696K), [Metaspace: 13260K->13260K(1060864K)], 0.0498815 secs] [Times: user=0.05 sys=0.00, real=0.06 secs] 
22.062: [Full GC (Allocation Failure) 22.062: [Tenured: 20479K->20479K(20480K), 0.0502803 secs] 29695K->27873K(29696K), [Metaspace: 13263K->13263K(1060864K)], 0.0503229 secs] [Times: user=0.06 sys=0.00, real=0.05 secs] 
22.115: [Full GC (Allocation Failure) 22.115: [Tenured: 20479K->20324K(20480K), 0.0557483 secs] 29695K->27718K(29696K), [Metaspace: 13263K->13263K(1060864K)], 0.0557914 secs] [Times: user=0.06 sys=0.00, real=0.06 secs] 
22.174: [Full GC (Allocation Failure) 22.174: [Tenured: 20479K->20479K(20480K), 0.0502651 secs] 29695K->27872K(29696K), [Metaspace: 13263K->13263K(1060864K)], 0.0503073 secs] [Times: user=0.05 sys=0.00, real=0.05 secs] 
22.227: [Full GC (Allocation Failure) 22.227: [Tenured: 20479K->20479K(20480K), 0.0524786 secs] 29695K->27875K(29696K), [Metaspace: 13263K->13263K(1060864K)], 0.0525212 secs] [Times: user=0.05 sys=0.00, real=0.06 secs] 
22.282: [Full GC (Allocation Failure) 22.282: [Tenured: 20479K->20479K(20480K), 0.0500627 secs] 29695K->27873K(29696K), [Metaspace: 13263K->13263K(1060864K)], 0.0501012 secs] [Times: user=0.06 sys=0.00, real=0.05 secs] 
22.335: [Full GC (Allocation Failure) 22.335: [Tenured: 20479K->20238K(20480K), 0.0575119 secs] 29695K->27632K(29696K), [Metaspace: 13263K->13263K(1060864K)], 0.0575641 secs] [Times: user=0.06 sys=0.00, real=0.06 secs] 
22.396: [Full GC (Allocation Failure) 22.396: [Tenured: 20479K->20479K(20480K), 0.0506433 secs] 29695K->27872K(29696K), [Metaspace: 13263K->13263K(1060864K)], 0.0506941 secs] [Times: user=0.05 sys=0.00, real=0.05 secs] 
22.449: [Full GC (Allocation Failure) 22.449: [Tenured: 20480K->20480K(20480K), 0.0503682 secs] 29696K->27872K(29696K), [Metaspace: 13263K->13263K(1060864K)], 0.0504027 secs] [Times: user=0.05 sys=0.00, real=0.06 secs] 
22.502: [Full GC (Allocation Failure) 22.502: [Tenured: 20480K->20480K(20480K), 0.0507529 secs] 29695K->27874K(29696K), [Metaspace: 13263K->13263K(1060864K)], 0.0507895 secs] [Times: user=0.06 sys=0.00, real=0.05 secs] 
22.555: [Full GC (Allocation Failure) 22.555: [Tenured: 20480K->20150K(20480K), 0.0567446 secs] 29695K->27544K(29696K), [Metaspace: 13263K->13263K(1060864K)], 0.0567840 secs] [Times: user=0.06 sys=0.00, real=0.06 secs] 
22.612: [GC (Allocation Failure) 22.612: [DefNew (promotion failed) : 8192K->9216K(9216K), 0.0299067 secs]22.642: [Tenured: 20480K->20480K(20480K), 0.0519216 secs] 28342K->27544K(29696K), [Metaspace: 13263K->13263K(1060864K)], 0.0819349 secs] [Times: user=0.07 sys=0.00, real=0.08 secs] 
22.697: [Full GC (Allocation Failure) 22.697: [Tenured: 20480K->20480K(20480K), 0.0512499 secs] 29695K->27546K(29696K), [Metaspace: 13263K->13263K(1060864K)], 0.0512907 secs] [Times: user=0.05 sys=0.00, real=0.05 secs] 
22.751: [Full GC (Allocation Failure) 22.751: [Tenured: 20480K->20480K(20480K), 0.0517049 secs] 29695K->27547K(29696K), [Metaspace: 13263K->13263K(1060864K)], 0.0517541 secs] [Times: user=0.05 sys=0.00, real=0.05 secs] 
22.805: [Full GC (Allocation Failure) 22.805: [Tenured: 20480K->20395K(20480K), 0.0614726 secs] 29695K->27461K(29696K), [Metaspace: 13263K->13263K(1060864K)], 0.0615136 secs] [Times: user=0.06 sys=0.00, real=0.06 secs] 
22.870: [Full GC (Allocation Failure) 22.870: [Tenured: 20479K->20479K(20480K), 0.0489689 secs] 29695K->27543K(29696K), [Metaspace: 13263K->13263K(1060864K)], 0.0490113 secs] [Times: user=0.05 sys=0.00, real=0.06 secs] 
22.921: [Full GC (Allocation Failure) 22.921: [Tenured: 20479K->20479K(20480K), 0.0493729 secs] 29695K->27544K(29696K), [Metaspace: 13263K->13263K(1060864K)], 0.0494113 secs] [Times: user=0.05 sys=0.00, real=0.05 secs] 
22.973: [Full GC (Allocation Failure) 22.973: [Tenured: 20479K->20479K(20480K), 0.0498984 secs] 29695K->27547K(29696K), [Metaspace: 13263K->13263K(1060864K)], 0.0499388 secs] [Times: user=0.05 sys=0.00, real=0.05 secs] 
23.026: [Full GC (Allocation Failure) 23.026: [Tenured: 20479K->20294K(20480K), 0.0555241 secs] 29695K->27361K(29696K), [Metaspace: 13263K->13263K(1060864K)], 0.0555642 secs] [Times: user=0.06 sys=0.00, real=0.06 secs] 
23.085: [Full GC (Allocation Failure) 23.085: [Tenured: 20479K->20479K(20480K), 0.0515251 secs] 29695K->27543K(29696K), [Metaspace: 13263K->13263K(1060864K)], 0.0515794 secs] [Times: user=0.06 sys=0.00, real=0.05 secs] 
23.139: [Full GC (Allocation Failure) 23.139: [Tenured: 20479K->20479K(20480K), 0.0491692 secs] 29695K->27545K(29696K), [Metaspace: 13263K->13263K(1060864K)], 0.0492070 secs] [Times: user=0.04 sys=0.00, real=0.04 secs] 
23.191: [Full GC (Allocation Failure) 23.191: [Tenured: 20479K->20479K(20480K), 0.0504229 secs] 29695K->27547K(29696K), [Metaspace: 13263K->13263K(1060864K)], 0.0504782 secs] [Times: user=0.05 sys=0.00, real=0.05 secs] 
23.245: [Full GC (Allocation Failure) 23.245: [Tenured: 20479K->20192K(20480K), 0.0578905 secs] 29695K->27259K(29696K), [Metaspace: 13263K->13263K(1060864K)], 0.0579415 secs] [Times: user=0.06 sys=0.01, real=0.06 secs] 
23.307: [Full GC (Allocation Failure) 23.307: [Tenured: 20480K->20480K(20480K), 0.0504223 secs] 29696K->27543K(29696K), [Metaspace: 13263K->13263K(1060864K)], 0.0505205 secs] [Times: user=0.05 sys=0.00, real=0.05 secs] 
23.360: [Full GC (Allocation Failure) 23.360: [Tenured: 20480K->20480K(20480K), 0.0488154 secs] 29695K->27543K(29696K), [Metaspace: 13263K->13263K(1060864K)], 0.0488547 secs] [Times: user=0.05 sys=0.00, real=0.04 secs] 
23.412: [Full GC (Allocation Failure) 23.412: [Tenured: 20480K->20480K(20480K), 0.0494568 secs] 29695K->27546K(29696K), [Metaspace: 13263K->13263K(1060864K)], 0.0494964 secs] [Times: user=0.05 sys=0.00, real=0.05 secs] 
23.464: [Full GC (Allocation Failure) 23.464: [Tenured: 20480K->20089K(20480K), 0.0548135 secs] 29695K->27155K(29696K), [Metaspace: 13263K->13263K(1060864K)], 0.0548591 secs] [Times: user=0.05 sys=0.00, real=0.06 secs] 
23.519: [GC (Allocation Failure) 23.519: [DefNew (promotion failed) : 8192K->9216K(9216K), 0.0287912 secs]23.548: [Tenured: 20480K->20480K(20480K), 0.0516076 secs] 28281K->27155K(29696K), [Metaspace: 13263K->13263K(1060864K)], 0.0804530 secs] [Times: user=0.08 sys=0.00, real=0.08 secs] 
23.602: [Full GC (Allocation Failure) 23.603: [Tenured: 20480K->20480K(20480K), 0.0489936 secs] 29695K->27154K(29696K), [Metaspace: 13263K->13263K(1060864K)], 0.0490375 secs] [Times: user=0.05 sys=0.00, real=0.05 secs] 
23.654: [Full GC (Allocation Failure) 23.654: [Tenured: 20480K->20480K(20480K), 0.0503601 secs] 29695K->27156K(29696K), [Metaspace: 13263K->13263K(1060864K)], 0.0504025 secs] [Times: user=0.06 sys=0.00, real=0.05 secs] 
23.708: [Full GC (Allocation Failure) 23.708: [Tenured: 20480K->20378K(20480K), 0.0577436 secs] 29695K->27053K(29696K), [Metaspace: 13263K->13263K(1060864K)], 0.0578154 secs] [Times: user=0.06 sys=0.00, real=0.06 secs] 
23.769: [Full GC (Allocation Failure) 23.769: [Tenured: 20479K->20479K(20480K), 0.0500920 secs] 29695K->27152K(29696K), [Metaspace: 13263K->13263K(1060864K)], 0.0501278 secs] [Times: user=0.05 sys=0.00, real=0.06 secs] 
23.822: [Full GC (Allocation Failure) 23.822: [Tenured: 20479K->20479K(20480K), 0.0486805 secs] 29695K->27155K(29696K), [Metaspace: 13263K->13263K(1060864K)], 0.0487370 secs] [Times: user=0.05 sys=0.00, real=0.05 secs] 
23.874: [Full GC (Allocation Failure) 23.874: [Tenured: 20479K->20479K(20480K), 0.0484600 secs] 29695K->27155K(29696K), [Metaspace: 13263K->13263K(1060864K)], 0.0484991 secs] [Times: user=0.05 sys=0.00, real=0.05 secs] 
23.925: [Full GC (Allocation Failure) 23.925: [Tenured: 20479K->20258K(20480K), 0.0557993 secs] 29695K->26934K(29696K), [Metaspace: 13263K->13263K(1060864K)], 0.0558415 secs] [Times: user=0.06 sys=0.00, real=0.06 secs] 
23.984: [Full GC (Allocation Failure) 23.984: [Tenured: 20479K->20479K(20480K), 0.0495852 secs] 29695K->27152K(29696K), [Metaspace: 13263K->13263K(1060864K)], 0.0496267 secs] [Times: user=0.05 sys=0.00, real=0.05 secs] 
24.036: [Full GC (Allocation Failure) 24.037: [Tenured: 20479K->20479K(20480K), 0.0483675 secs] 29695K->27152K(29696K), [Metaspace: 13263K->13263K(1060864K)], 0.0484079 secs] [Times: user=0.05 sys=0.00, real=0.05 secs] 
24.088: [Full GC (Allocation Failure) 24.088: [Tenured: 20479K->20479K(20480K), 0.0494893 secs] 29695K->27156K(29696K), [Metaspace: 13263K->13263K(1060864K)], 0.0495301 secs] [Times: user=0.05 sys=0.00, real=0.05 secs] 
24.140: [Full GC (Allocation Failure) 24.140: [Tenured: 20479K->20138K(20480K), 0.0556124 secs] 29695K->26814K(29696K), [Metaspace: 13263K->13263K(1060864K)], 0.0556509 secs] [Times: user=0.06 sys=0.00, real=0.05 secs] 
24.199: [Full GC (Allocation Failure) 24.199: [Tenured: 20479K->20479K(20480K), 0.0491888 secs] 29695K->27152K(29696K), [Metaspace: 13263K->13263K(1060864K)], 0.0492395 secs] [Times: user=0.05 sys=0.00, real=0.04 secs] 
24.252: [Full GC (Allocation Failure) 24.252: [Tenured: 20479K->20479K(20480K), 0.0502195 secs] 29695K->27154K(29696K), [Metaspace: 13263K->13263K(1060864K)], 0.0502837 secs] [Times: user=0.06 sys=0.00, real=0.05 secs] 
24.305: [Full GC (Allocation Failure) 24.305: [Tenured: 20479K->20479K(20480K), 0.0486791 secs] 29695K->27155K(29696K), [Metaspace: 13263K->13263K(1060864K)], 0.0487209 secs] [Times: user=0.05 sys=0.00, real=0.05 secs] 
24.357: [Full GC (Allocation Failure) 24.357: [Tenured: 20479K->20016K(20480K), 0.0546024 secs] 29695K->26691K(29696K), [Metaspace: 13263K->13263K(1060864K)], 0.0546523 secs] [Times: user=0.05 sys=0.00, real=0.06 secs] 
24.412: [GC (Allocation Failure) 24.412: [DefNew (promotion failed) : 8192K->9216K(9216K), 0.0266661 secs]24.439: [Tenured: 20480K->20480K(20480K), 0.0499117 secs] 28208K->26691K(29696K), [Metaspace: 13263K->13263K(1060864K)], 0.0766335 secs] [Times: user=0.07 sys=0.00, real=0.07 secs] 
24.492: [Full GC (Allocation Failure) 24.492: [Tenured: 20480K->20480K(20480K), 0.0496217 secs] 29695K->26690K(29696K), [Metaspace: 13263K->13263K(1060864K)], 0.0496627 secs] [Times: user=0.06 sys=0.00, real=0.05 secs] 
24.544: [Full GC (Allocation Failure) 24.544: [Tenured: 20480K->20480K(20480K), 0.0491263 secs] 29695K->26690K(29696K), [Metaspace: 13263K->13263K(1060864K)], 0.0491690 secs] [Times: user=0.05 sys=0.00, real=0.05 secs] 
24.597: [Full GC (Allocation Failure) 24.597: [Tenured: 20480K->20357K(20480K), 0.0536119 secs] 29695K->26570K(29696K), [Metaspace: 13263K->13263K(1060864K)], 0.0536517 secs] [Times: user=0.05 sys=0.00, real=0.06 secs] 
24.653: [Full GC (Allocation Failure) 24.653: [Tenured: 20479K->20479K(20480K), 0.0484533 secs] 29695K->26688K(29696K), [Metaspace: 13263K->13263K(1060864K)], 0.0484931 secs] [Times: user=0.05 sys=0.00, real=0.05 secs] 
24.705: [Full GC (Allocation Failure) 24.705: [Tenured: 20479K->20479K(20480K), 0.0503317 secs] 29695K->26689K(29696K), [Metaspace: 13263K->13263K(1060864K)], 0.0503850 secs] [Times: user=0.05 sys=0.00, real=0.05 secs] 
24.759: [Full GC (Allocation Failure) 24.759: [Tenured: 20479K->20479K(20480K), 0.0486252 secs] 29695K->26689K(29696K), [Metaspace: 13263K->13263K(1060864K)], 0.0486694 secs] [Times: user=0.05 sys=0.00, real=0.04 secs] 
24.811: [Full GC (Allocation Failure) 24.811: [Tenured: 20479K->20216K(20480K), 0.0531128 secs] 29695K->26428K(29696K), [Metaspace: 13263K->13263K(1060864K)], 0.0531598 secs] [Times: user=0.06 sys=0.00, real=0.05 secs] 
24.868: [Full GC (Allocation Failure) 24.868: [Tenured: 20479K->20479K(20480K), 0.0495008 secs] 29695K->26688K(29696K), [Metaspace: 13263K->13263K(1060864K)], 0.0495477 secs] [Times: user=0.05 sys=0.00, real=0.05 secs] 
24.920: [Full GC (Allocation Failure) 24.920: [Tenured: 20479K->20479K(20480K), 0.0493398 secs] 29695K->26689K(29696K), [Metaspace: 13263K->13263K(1060864K)], 0.0493841 secs] [Times: user=0.04 sys=0.00, real=0.04 secs] 
24.973: [Full GC (Allocation Failure) 24.973: [Tenured: 20479K->20479K(20480K), 0.0486756 secs] 29695K->26691K(29696K), [Metaspace: 13263K->13263K(1060864K)], 0.0487164 secs] [Times: user=0.05 sys=0.00, real=0.05 secs] 
25.024: [Full GC (Allocation Failure) 25.024: [Tenured: 20479K->20073K(20480K), 0.0537083 secs] 29695K->26284K(29696K), [Metaspace: 13263K->13263K(1060864K)], 0.0537506 secs] [Times: user=0.05 sys=0.00, real=0.05 secs] 
25.082: [Full GC (Allocation Failure) 25.082: [Tenured: 20479K->20479K(20480K), 0.0482702 secs] 29695K->26688K(29696K), [Metaspace: 13263K->13263K(1060864K)], 0.0483110 secs] [Times: user=0.04 sys=0.00, real=0.04 secs] 
25.133: [Full GC (Allocation Failure) 25.133: [Tenured: 20479K->20479K(20480K), 0.0468324 secs] 29695K->26691K(29696K), [Metaspace: 13263K->13263K(1060864K)], 0.0468740 secs] [Times: user=0.04 sys=0.00, real=0.05 secs] 
25.183: [Full GC (Allocation Failure) 25.183: [Tenured: 20479K->20479K(20480K), 0.0480556 secs] 29695K->26689K(29696K), [Metaspace: 13263K->13263K(1060864K)], 0.0480977 secs] [Times: user=0.04 sys=0.00, real=0.05 secs] 
25.234: [Full GC (Allocation Failure) 25.234: [Tenured: 20479K->19929K(20480K), 0.0530230 secs] 29695K->26140K(29696K), [Metaspace: 13263K->13263K(1060864K)], 0.0530683 secs] [Times: user=0.05 sys=0.00, real=0.05 secs] 
25.288: [GC (Allocation Failure) 25.288: [DefNew (promotion failed) : 8192K->9216K(9216K), 0.0251330 secs]25.313: [Tenured: 20480K->20480K(20480K), 0.0472854 secs] 28121K->26140K(29696K), [Metaspace: 13263K->13263K(1060864K)], 0.0724770 secs] [Times: user=0.08 sys=0.00, real=0.08 secs] 
25.364: [Full GC (Allocation Failure) 25.364: [Tenured: 20480K->20480K(20480K), 0.0488650 secs] 29695K->26140K(29696K), [Metaspace: 13263K->13263K(1060864K)], 0.0489178 secs] [Times: user=0.05 sys=0.00, real=0.05 secs] 
25.416: [Full GC (Allocation Failure) 25.416: [Tenured: 20480K->20480K(20480K), 0.0465890 secs] 29695K->26140K(29696K), [Metaspace: 13263K->13263K(1060864K)], 0.0466376 secs] [Times: user=0.04 sys=0.00, real=0.05 secs] 
25.465: [Full GC (Allocation Failure) 25.465: [Tenured: 20480K->20332K(20480K), 0.0534800 secs] 29695K->25993K(29696K), [Metaspace: 13263K->13263K(1060864K)], 0.0535218 secs] [Times: user=0.05 sys=0.00, real=0.06 secs] 
25.522: [Full GC (Allocation Failure) 25.522: [Tenured: 20479K->20479K(20480K), 0.0473017 secs] 29695K->26137K(29696K), [Metaspace: 13263K->13263K(1060864K)], 0.0473593 secs] [Times: user=0.05 sys=0.00, real=0.04 secs] 
25.573: [Full GC (Allocation Failure) 25.573: [Tenured: 20479K->20479K(20480K), 0.0480184 secs] 29695K->26141K(29696K), [Metaspace: 13263K->13263K(1060864K)], 0.0480638 secs] [Times: user=0.05 sys=0.00, real=0.05 secs] 
25.624: [Full GC (Allocation Failure) 25.624: [Tenured: 20479K->20479K(20480K), 0.0485065 secs] 29695K->26140K(29696K), [Metaspace: 13263K->13263K(1060864K)], 0.0485537 secs] [Times: user=0.05 sys=0.00, real=0.05 secs] 
25.676: [Full GC (Allocation Failure) 25.676: [Tenured: 20479K->20165K(20480K), 0.0520658 secs] 29695K->25825K(29696K), [Metaspace: 13263K->13263K(1060864K)], 0.0521090 secs] [Times: user=0.06 sys=0.00, real=0.05 secs] 
25.732: [Full GC (Allocation Failure) 25.732: [Tenured: 20479K->20479K(20480K), 0.0467364 secs] 29695K->26137K(29696K), [Metaspace: 13263K->13263K(1060864K)], 0.0467855 secs] [Times: user=0.05 sys=0.00, real=0.05 secs] 
25.782: [Full GC (Allocation Failure) 25.782: [Tenured: 20479K->20479K(20480K), 0.0485651 secs] 29695K->26139K(29696K), [Metaspace: 13263K->13263K(1060864K)], 0.0486049 secs] [Times: user=0.05 sys=0.00, real=0.05 secs] 
25.833: [Full GC (Allocation Failure) 25.834: [Tenured: 20479K->20479K(20480K), 0.0471145 secs] 29695K->26141K(29696K), [Metaspace: 13263K->13263K(1060864K)], 0.0471540 secs] [Times: user=0.05 sys=0.00, real=0.05 secs] 
25.884: [Full GC (Allocation Failure) 25.884: [Tenured: 20479K->19996K(20480K), 0.0511908 secs] 29695K->25657K(29696K), [Metaspace: 13263K->13263K(1060864K)], 0.0512338 secs] [Times: user=0.05 sys=0.00, real=0.05 secs] 
25.939: [Full GC (Allocation Failure) 25.939: [Tenured: 20479K->20479K(20480K), 0.0463561 secs] 29695K->26137K(29696K), [Metaspace: 13263K->13263K(1060864K)], 0.0464018 secs] [Times: user=0.05 sys=0.00, real=0.04 secs] 
25.989: [Full GC (Allocation Failure) 25.989: [Tenured: 20479K->20479K(20480K), 0.0462501 secs] 29695K->26138K(29696K), [Metaspace: 13263K->13263K(1060864K)], 0.0462904 secs] [Times: user=0.04 sys=0.00, real=0.05 secs] 
26.038: [Full GC (Allocation Failure) 26.038: [Tenured: 20479K->20479K(20480K), 0.0460560 secs] 29695K->26140K(29696K), [Metaspace: 13263K->13263K(1060864K)], 0.0460958 secs] [Times: user=0.04 sys=0.00, real=0.05 secs] 
26.088: [Full GC (Allocation Failure) 26.088: [Tenured: 20479K->19825K(20480K), 0.0509580 secs] 29695K->25485K(29696K), [Metaspace: 13263K->13263K(1060864K)], 0.0510019 secs] [Times: user=0.05 sys=0.00, real=0.06 secs] 
26.140: [GC (Allocation Failure) 26.140: [DefNew (promotion failed) : 8192K->9216K(9216K), 0.0225459 secs]26.162: [Tenured: 20479K->20479K(20480K), 0.0461542 secs] 28017K->25486K(29696K), [Metaspace: 13263K->13263K(1060864K)], 0.0687564 secs] [Times: user=0.07 sys=0.00, real=0.06 secs] 
26.212: [Full GC (Allocation Failure) 26.212: [Tenured: 20479K->20479K(20480K), 0.0470399 secs] 29695K->25483K(29696K), [Metaspace: 13263K->13263K(1060864K)], 0.0470856 secs] [Times: user=0.05 sys=0.00, real=0.05 secs] 
26.262: [Full GC (Allocation Failure) 26.262: [Tenured: 20479K->20479K(20480K), 0.0459579 secs] 29695K->25487K(29696K), [Metaspace: 13263K->13263K(1060864K)], 0.0459951 secs] [Times: user=0.05 sys=0.00, real=0.04 secs] 
26.312: [Full GC (Allocation Failure) 26.312: [Tenured: 20479K->20303K(20480K), 0.0511296 secs] 29695K->25310K(29696K), [Metaspace: 13263K->13263K(1060864K)], 0.0511753 secs] [Times: user=0.05 sys=0.00, real=0.05 secs] 
26.367: [Full GC (Allocation Failure) 26.367: [Tenured: 20479K->20479K(20480K), 0.0459316 secs] 29695K->25483K(29696K), [Metaspace: 13263K->13263K(1060864K)], 0.0459816 secs] [Times: user=0.04 sys=0.00, real=0.05 secs] 
26.416: [Full GC (Allocation Failure) 26.416: [Tenured: 20479K->20479K(20480K), 0.0474997 secs] 29695K->25486K(29696K), [Metaspace: 13263K->13263K(1060864K)], 0.0475530 secs] [Times: user=0.05 sys=0.00, real=0.05 secs] 
26.467: [Full GC (Allocation Failure) 26.467: [Tenured: 20479K->20479K(20480K), 0.0456961 secs] 29695K->25486K(29696K), [Metaspace: 13263K->13263K(1060864K)], 0.0457414 secs] [Times: user=0.04 sys=0.00, real=0.05 secs] 
26.516: [Full GC (Allocation Failure) 26.516: [Tenured: 20479K->20105K(20480K), 0.0514909 secs] 29695K->25112K(29696K), [Metaspace: 13263K->13263K(1060864K)], 0.0515629 secs] [Times: user=0.05 sys=0.00, real=0.05 secs] 
26.572: [Full GC (Allocation Failure) 26.572: [Tenured: 20479K->20479K(20480K), 0.0451341 secs] 29695K->25483K(29696K), [Metaspace: 13263K->13263K(1060864K)], 0.0451791 secs] [Times: user=0.05 sys=0.00, real=0.04 secs] 
26.621: [Full GC (Allocation Failure) 26.621: [Tenured: 20479K->20479K(20480K), 0.0451941 secs] 29695K->25486K(29696K), [Metaspace: 13263K->13263K(1060864K)], 0.0452383 secs] [Times: user=0.05 sys=0.00, real=0.04 secs] 
26.669: [Full GC (Allocation Failure) 26.669: [Tenured: 20479K->20479K(20480K), 0.0467990 secs] 29695K->25486K(29696K), [Metaspace: 13263K->13263K(1060864K)], 0.0468380 secs] [Times: user=0.05 sys=0.00, real=0.05 secs] 
26.719: [Full GC (Allocation Failure) 26.719: [Tenured: 20479K->19905K(20480K), 0.0490118 secs] 29695K->24912K(29696K), [Metaspace: 13263K->13263K(1060864K)], 0.0490574 secs] [Times: user=0.05 sys=0.00, real=0.04 secs] 
26.773: [Full GC (Allocation Failure) 26.773: [Tenured: 20479K->20479K(20480K), 0.0453556 secs] 29695K->25483K(29696K), [Metaspace: 13263K->13263K(1060864K)], 0.0454170 secs] [Times: user=0.05 sys=0.00, real=0.04 secs] 
26.821: [Full GC (Allocation Failure) 26.821: [Tenured: 20479K->20479K(20480K), 0.0443872 secs] 29695K->25484K(29696K), [Metaspace: 13263K->13263K(1060864K)], 0.0444302 secs] [Times: user=0.05 sys=0.00, real=0.04 secs] 
26.869: [Full GC (Allocation Failure) 26.869: [Tenured: 20479K->20479K(20480K), 0.0462177 secs] 29695K->25487K(29696K), [Metaspace: 13263K->13263K(1060864K)], 0.0462627 secs] [Times: user=0.04 sys=0.00, real=0.05 secs] 
26.919: [Full GC (Allocation Failure) 26.919: [Tenured: 20479K->19703K(20480K), 0.0495905 secs] 29695K->24709K(29696K), [Metaspace: 13263K->13263K(1060864K)], 0.0496374 secs] [Times: user=0.05 sys=0.00, real=0.04 secs] 
26.970: [GC (Allocation Failure) 26.970: [DefNew (promotion failed) : 8192K->9216K(9216K), 0.0190781 secs]26.989: [Tenured: 20479K->20479K(20480K), 0.0461520 secs] 27895K->24709K(29696K), [Metaspace: 13263K->13263K(1060864K)], 0.0652969 secs] [Times: user=0.06 sys=0.00, real=0.07 secs] 
27.039: [Full GC (Allocation Failure) 27.039: [Tenured: 20479K->20479K(20480K), 0.0483984 secs] 29695K->24710K(29696K), [Metaspace: 13263K->13263K(1060864K)], 0.0484530 secs] [Times: user=0.05 sys=0.00, real=0.04 secs] 
27.091: [Full GC (Allocation Failure) 27.091: [Tenured: 20479K->20479K(20480K), 0.0451311 secs] 29695K->24708K(29696K), [Metaspace: 13263K->13263K(1060864K)], 0.0451840 secs] [Times: user=0.04 sys=0.00, real=0.04 secs] 
27.140: [Full GC (Allocation Failure) 27.140: [Tenured: 20479K->20269K(20480K), 0.0497566 secs] 29695K->24497K(29696K), [Metaspace: 13263K->13263K(1060864K)], 0.0498235 secs] [Times: user=0.05 sys=0.00, real=0.04 secs] 
27.194: [Full GC (Allocation Failure) 27.194: [Tenured: 20479K->20479K(20480K), 0.0446415 secs] 29695K->24706K(29696K), [Metaspace: 13263K->13263K(1060864K)], 0.0446886 secs] [Times: user=0.05 sys=0.00, real=0.05 secs] 
27.243: [Full GC (Allocation Failure) 27.243: [Tenured: 20479K->20479K(20480K), 0.0471178 secs] 29695K->24707K(29696K), [Metaspace: 13263K->13263K(1060864K)], 0.0471701 secs] [Times: user=0.05 sys=0.00, real=0.05 secs] 
27.294: [Full GC (Allocation Failure) 27.294: [Tenured: 20479K->20479K(20480K), 0.0454243 secs] 29695K->24708K(29696K), [Metaspace: 13263K->13263K(1060864K)], 0.0454900 secs] [Times: user=0.05 sys=0.00, real=0.05 secs] 
27.343: [Full GC (Allocation Failure) 27.343: [Tenured: 20479K->20034K(20480K), 0.0504778 secs] 29695K->24264K(29696K), [Metaspace: 13263K->13263K(1060864K)], 0.0505251 secs] [Times: user=0.05 sys=0.00, real=0.05 secs] 
27.398: [Full GC (Allocation Failure) 27.398: [Tenured: 20480K->20480K(20480K), 0.0447595 secs] 29696K->24706K(29696K), [Metaspace: 13263K->13263K(1060864K)], 0.0448051 secs] [Times: user=0.04 sys=0.00, real=0.05 secs] 
27.446: [Full GC (Allocation Failure) 27.446: [Tenured: 20480K->20480K(20480K), 0.0440425 secs] 29695K->24710K(29696K), [Metaspace: 13263K->13263K(1060864K)], 0.0440872 secs] [Times: user=0.04 sys=0.00, real=0.05 secs] 
27.494: [Full GC (Allocation Failure) 27.494: [Tenured: 20480K->20480K(20480K), 0.0456334 secs] 29695K->24709K(29696K), [Metaspace: 13263K->13263K(1060864K)], 0.0456750 secs] [Times: user=0.05 sys=0.00, real=0.05 secs] 
27.543: [Full GC (Allocation Failure) 27.543: [Tenured: 20480K->19797K(20480K), 0.0487627 secs] 29695K->24027K(29696K), [Metaspace: 13263K->13263K(1060864K)], 0.0488110 secs] [Times: user=0.05 sys=0.00, real=0.05 secs] 
27.598: [Full GC (Allocation Failure) 27.598: [Tenured: 20479K->20479K(20480K), 0.0460260 secs] 29695K->24706K(29696K), [Metaspace: 13263K->13263K(1060864K)], 0.0460720 secs] [Times: user=0.05 sys=0.00, real=0.05 secs] 
27.647: [Full GC (Allocation Failure) 27.647: [Tenured: 20479K->20479K(20480K), 0.0445202 secs] 29695K->24708K(29696K), [Metaspace: 13263K->13263K(1060864K)], 0.0445686 secs] [Times: user=0.04 sys=0.00, real=0.05 secs] 
27.695: [Full GC (Allocation Failure) 27.695: [Tenured: 20479K->20479K(20480K), 0.0448532 secs] 29695K->24710K(29696K), [Metaspace: 13263K->13263K(1060864K)], 0.0449014 secs] [Times: user=0.05 sys=0.00, real=0.05 secs] 
27.744: [Full GC (Allocation Failure) 27.744: [Tenured: 20479K->19557K(20480K), 0.0483851 secs] 29695K->23787K(29696K), [Metaspace: 13263K->13263K(1060864K)], 0.0484305 secs] [Times: user=0.05 sys=0.00, real=0.05 secs] 
27.794: [GC (Allocation Failure) 27.794: [DefNew (promotion failed) : 8192K->9216K(9216K), 0.0157569 secs]27.810: [Tenured: 20480K->20480K(20480K), 0.0448580 secs] 27749K->23787K(29696K), [Metaspace: 13263K->13263K(1060864K)], 0.0606719 secs] [Times: user=0.06 sys=0.00, real=0.06 secs] 
27.858: [Full GC (Allocation Failure) 27.858: [Tenured: 20480K->20480K(20480K), 0.0449646 secs] 29695K->23789K(29696K), [Metaspace: 13263K->13263K(1060864K)], 0.0450102 secs] [Times: user=0.04 sys=0.00, real=0.04 secs] 
27.907: [Full GC (Allocation Failure) 27.907: [Tenured: 20480K->20480K(20480K), 0.0434254 secs] 29695K->23790K(29696K), [Metaspace: 13263K->13263K(1060864K)], 0.0434679 secs] [Times: user=0.04 sys=0.00, real=0.05 secs] 
27.955: [Full GC (Allocation Failure) 27.955: [Tenured: 20480K->20225K(20480K), 0.0508313 secs] 29695K->23535K(29696K), [Metaspace: 13263K->13263K(1060864K)], 0.0508741 secs] [Times: user=0.05 sys=0.00, real=0.05 secs] 
28.011: [Full GC (Allocation Failure) 28.011: [Tenured: 20479K->20479K(20480K), 0.0450642 secs] 29695K->23787K(29696K), [Metaspace: 13263K->13263K(1060864K)], 0.0451233 secs] [Times: user=0.04 sys=0.00, real=0.04 secs] 
28.060: [Full GC (Allocation Failure) 28.060: [Tenured: 20479K->20479K(20480K), 0.0460267 secs] 29695K->23787K(29696K), [Metaspace: 13263K->13263K(1060864K)], 0.0460727 secs] [Times: user=0.04 sys=0.00, real=0.04 secs] 
28.109: [Full GC (Allocation Failure) 28.109: [Tenured: 20479K->20479K(20480K), 0.0440859 secs] 29695K->23787K(29696K), [Metaspace: 13263K->13263K(1060864K)], 0.0441349 secs] [Times: user=0.04 sys=0.00, real=0.05 secs] 
28.158: [Full GC (Allocation Failure) 28.158: [Tenured: 20479K->19947K(20480K), 0.0459876 secs] 29695K->23258K(29696K), [Metaspace: 13263K->13263K(1060864K)], 0.0460351 secs] [Times: user=0.05 sys=0.00, real=0.05 secs] 
28.209: [Full GC (Allocation Failure) 28.209: [Tenured: 20479K->20479K(20480K), 0.0431961 secs] 29695K->23787K(29696K), [Metaspace: 13263K->13263K(1060864K)], 0.0432441 secs] [Times: user=0.04 sys=0.00, real=0.05 secs] 
28.256: [Full GC (Allocation Failure) 28.256: [Tenured: 20479K->20479K(20480K), 0.0424436 secs] 29695K->23788K(29696K), [Metaspace: 13263K->13263K(1060864K)], 0.0424893 secs] [Times: user=0.05 sys=0.00, real=0.05 secs] 
28.303: [Full GC (Allocation Failure) 28.303: [Tenured: 20479K->20479K(20480K), 0.0431328 secs] 29695K->23787K(29696K), [Metaspace: 13263K->13263K(1060864K)], 0.0431798 secs] [Times: user=0.04 sys=0.00, real=0.04 secs] 
28.350: [Full GC (Allocation Failure) 28.350: [Tenured: 20479K->19666K(20480K), 0.0472947 secs] 29695K->22976K(29696K), [Metaspace: 13263K->13263K(1060864K)], 0.0473416 secs] [Times: user=0.04 sys=0.00, real=0.05 secs] 
28.403: [Full GC (Allocation Failure) 28.403: [Tenured: 20479K->20479K(20480K), 0.0416550 secs] 29695K->23787K(29696K), [Metaspace: 13263K->13263K(1060864K)], 0.0417065 secs] [Times: user=0.04 sys=0.00, real=0.04 secs] 
28.448: [Full GC (Allocation Failure) 28.448: [Tenured: 20479K->20479K(20480K), 0.0419509 secs] 29695K->23789K(29696K), [Metaspace: 13263K->13263K(1060864K)], 0.0420001 secs] [Times: user=0.04 sys=0.00, real=0.04 secs] 
28.494: [Full GC (Allocation Failure) 28.494: [Tenured: 20479K->19666K(20480K), 0.0413921 secs] 29695K->22976K(29696K), [Metaspace: 13263K->13263K(1060864K)], 0.0414387 secs] [Times: user=0.04 sys=0.00, real=0.04 secs] 
28.541: [Full GC (Allocation Failure) 28.542: [Tenured: 20479K->19373K(20480K), 0.0468580 secs] 29695K->22680K(29696K), [Metaspace: 13263K->13263K(1060864K)], 0.0469005 secs] [Times: user=0.05 sys=0.00, real=0.04 secs] 
28.590: [GC (Allocation Failure) 28.590: [DefNew (promotion failed) : 8192K->9216K(9216K), 0.0137256 secs]28.604: [Tenured: 19559K->19559K(20480K), 0.0421332 secs] 27565K->22693K(29696K), [Metaspace: 13263K->13263K(1060864K)], 0.0559442 secs] [Times: user=0.05 sys=0.00, real=0.05 secs] 
28.652: [Full GC (Allocation Failure) 28.652: [Tenured: 20480K->20431K(20480K), 0.0415688 secs] 29695K->23565K(29696K), [Metaspace: 13263K->13263K(1060864K)], 0.0416195 secs] [Times: user=0.04 sys=0.00, real=0.04 secs] 
28.698: [Full GC (Allocation Failure) 28.698: [Tenured: 20479K->19553K(20480K), 0.0426441 secs] 29695K->22687K(29696K), [Metaspace: 13263K->13263K(1060864K)], 0.0427006 secs] [Times: user=0.04 sys=0.00, real=0.05 secs] 
28.747: [Full GC (Allocation Failure) 28.747: [Tenured: 20479K->19258K(20480K), 0.0453942 secs] 29695K->22392K(29696K), [Metaspace: 13263K->13263K(1060864K)], 0.0454427 secs] [Times: user=0.04 sys=0.00, real=0.05 secs] 
28.794: [GC (Allocation Failure) 28.794: [DefNew (promotion failed) : 8192K->9216K(9216K), 0.0146582 secs]28.809: [Tenured: 19268K->19268K(20480K), 0.0409016 secs] 27450K->22403K(29696K), [Metaspace: 13263K->13263K(1060864K)], 0.0556200 secs] [Times: user=0.06 sys=0.00, real=0.05 secs] 
28.852: [GC (Allocation Failure) 28.852: [DefNew (promotion failed) : 8192K->9216K(9216K), 0.0138495 secs]28.865: [Tenured: 19269K->19269K(20480K), 0.0406232 secs] 27460K->22403K(29696K), [Metaspace: 13263K->13263K(1060864K)], 0.0545329 secs] [Times: user=0.05 sys=0.00, real=0.05 secs] 
28.908: [GC (Allocation Failure) 28.908: [DefNew (promotion failed) : 8192K->9216K(9216K), 0.0141737 secs]28.922: [Tenured: 19273K->19273K(20480K), 0.0411926 secs] 27461K->22407K(29696K), [Metaspace: 13263K->13263K(1060864K)], 0.0554312 secs] [Times: user=0.05 sys=0.00, real=0.06 secs] 
28.966: [GC (Allocation Failure) 28.966: [DefNew (promotion failed) : 8192K->9216K(9216K), 0.0135656 secs]28.979: [Tenured: 19274K->19021K(20480K), 0.0435824 secs] 27465K->22155K(29696K), [Metaspace: 13263K->13263K(1060864K)], 0.0572121 secs] [Times: user=0.06 sys=0.00, real=0.06 secs] 
29.025: [GC (Allocation Failure) 29.025: [DefNew (promotion failed) : 8192K->9216K(9216K), 0.0139190 secs]29.039: [Tenured: 19025K->19025K(20480K), 0.0410958 secs] 27213K->22159K(29696K), [Metaspace: 13263K->13263K(1060864K)], 0.0550765 secs] [Times: user=0.06 sys=0.00, real=0.06 secs] 
29.082: [GC (Allocation Failure) 29.082: [DefNew (promotion failed) : 8192K->9216K(9216K), 0.0135642 secs]29.095: [Tenured: 19028K->19028K(20480K), 0.0411533 secs] 27217K->22162K(29696K), [Metaspace: 13263K->13263K(1060864K)], 0.0547809 secs] [Times: user=0.06 sys=0.00, real=0.05 secs] 
29.139: [GC (Allocation Failure) 29.139: [DefNew (promotion failed) : 8192K->9216K(9216K), 0.0136392 secs]29.152: [Tenured: 19029K->19029K(20480K), 0.0414188 secs] 27220K->22163K(29696K), [Metaspace: 13263K->13263K(1060864K)], 0.0551227 secs] [Times: user=0.05 sys=0.00, real=0.05 secs] 
29.196: [GC (Allocation Failure) 29.196: [DefNew (promotion failed) : 8192K->9216K(9216K), 0.0142730 secs]29.210: [Tenured: 19031K->18786K(20480K), 0.0440651 secs] 27221K->21920K(29696K), [Metaspace: 13263K->13263K(1060864K)], 0.0584024 secs] [Times: user=0.05 sys=0.00, real=0.06 secs] 
29.256: [GC (Allocation Failure) 29.256: [DefNew (promotion failed) : 8192K->9216K(9216K), 0.0134377 secs]29.270: [Tenured: 18788K->18788K(20480K), 0.0408989 secs] 26978K->21922K(29696K), [Metaspace: 13263K->13263K(1060864K)], 0.0543963 secs] [Times: user=0.05 sys=0.01, real=0.06 secs] 
29.312: [GC (Allocation Failure) 29.312: [DefNew (promotion failed) : 8192K->9215K(9216K), 0.0140654 secs]29.326: [Tenured: 18788K->18788K(20480K), 0.0414058 secs] 26980K->21922K(29696K), [Metaspace: 13263K->13263K(1060864K)], 0.0555335 secs] [Times: user=0.05 sys=0.00, real=0.05 secs] 
29.370: [GC (Allocation Failure) 29.370: [DefNew (promotion failed) : 8192K->9216K(9216K), 0.0132017 secs]29.383: [Tenured: 18791K->18791K(20480K), 0.0402745 secs] 26980K->21925K(29696K), [Metaspace: 13263K->13263K(1060864K)], 0.0535401 secs] [Times: user=0.06 sys=0.00, real=0.06 secs] 
29.426: [GC (Allocation Failure) 29.426: [DefNew (promotion failed) : 8192K->9216K(9216K), 0.0138863 secs]29.440: [Tenured: 18792K->18550K(20480K), 0.0435801 secs] 26983K->21684K(29696K), [Metaspace: 13263K->13263K(1060864K)], 0.0575389 secs] [Times: user=0.06 sys=0.00, real=0.06 secs] 
29.485: [GC (Allocation Failure) 29.485: [DefNew (promotion failed) : 8192K->9216K(9216K), 0.0131769 secs]29.498: [Tenured: 18553K->18553K(20480K), 0.0406371 secs] 26742K->21687K(29696K), [Metaspace: 13263K->13263K(1060864K)], 0.0538751 secs] [Times: user=0.06 sys=0.00, real=0.06 secs] 
29.541: [GC (Allocation Failure) 29.541: [DefNew (promotion failed) : 8192K->9216K(9216K), 0.0139191 secs]29.555: [Tenured: 18553K->18553K(20480K), 0.0411287 secs] 26745K->21688K(29696K), [Metaspace: 13263K->13263K(1060864K)], 0.0551143 secs] [Times: user=0.05 sys=0.00, real=0.05 secs] 
29.598: [GC (Allocation Failure) 29.598: [DefNew (promotion failed) : 8192K->9216K(9216K), 0.0132642 secs]29.611: [Tenured: 18557K->18557K(20480K), 0.0394986 secs] 26745K->21691K(29696K), [Metaspace: 13263K->13263K(1060864K)], 0.0528282 secs] [Times: user=0.06 sys=0.00, real=0.06 secs] 
29.653: [GC (Allocation Failure) 29.653: [DefNew (promotion failed) : 8192K->9216K(9216K), 0.0156370 secs]29.669: [Tenured: 18559K->20479K(20480K), 0.0434301 secs] 26749K->21450K(29696K), [Metaspace: 13263K->13263K(1060864K)], 0.0591451 secs] [Times: user=0.06 sys=0.00, real=0.06 secs] 
29.717: [Full GC (Allocation Failure) 29.717: [Tenured: 20479K->20479K(20480K), 0.0400217 secs] 29695K->21453K(29696K), [Metaspace: 13263K->13263K(1060864K)], 0.0400631 secs] [Times: user=0.04 sys=0.00, real=0.04 secs] 
29.761: [Full GC (Allocation Failure) 29.761: [Tenured: 20479K->20479K(20480K), 0.0392362 secs] 29695K->21452K(29696K), [Metaspace: 13263K->13263K(1060864K)], 0.0392777 secs] [Times: user=0.04 sys=0.00, real=0.04 secs] 
29.805: [Full GC (Allocation Failure) 29.805: [Tenured: 20479K->20479K(20480K), 0.0402008 secs] 29695K->21454K(29696K), [Metaspace: 13263K->13263K(1060864K)], 0.0402459 secs] [Times: user=0.04 sys=0.00, real=0.04 secs] 
29.851: [Full GC (Allocation Failure) 29.851: [Tenured: 20479K->20480K(20480K), 0.0412484 secs] 29695K->21066K(29696K), [Metaspace: 13263K->13263K(1060864K)], 0.0412956 secs] [Times: user=0.04 sys=0.00, real=0.04 secs] 
29.896: [Full GC (Allocation Failure) 29.896: [Tenured: 20480K->20480K(20480K), 0.0390067 secs] 29695K->21065K(29696K), [Metaspace: 13263K->13263K(1060864K)], 0.0390507 secs] [Times: user=0.04 sys=0.00, real=0.04 secs] 
29.940: [Full GC (Allocation Failure) 29.940: [Tenured: 20480K->20480K(20480K), 0.0428233 secs] 29695K->21066K(29696K), [Metaspace: 13263K->13263K(1060864K)], 0.0428677 secs] [Times: user=0.04 sys=0.00, real=0.04 secs] 
29.988: [Full GC (Allocation Failure) 29.988: [Tenured: 20480K->20480K(20480K), 0.0385878 secs] 29695K->21066K(29696K), [Metaspace: 13263K->13263K(1060864K)], 0.0386277 secs] [Times: user=0.04 sys=0.00, real=0.04 secs] 
30.032: [Full GC (Allocation Failure) 30.032: [Tenured: 20480K->20480K(20480K), 0.0406061 secs] 29695K->20664K(29696K), [Metaspace: 13263K->13263K(1060864K)], 0.0406526 secs] [Times: user=0.04 sys=0.00, real=0.04 secs] 
30.078: [Full GC (Allocation Failure) 30.078: [Tenured: 20480K->20480K(20480K), 0.0369214 secs] 29695K->20664K(29696K), [Metaspace: 13263K->13263K(1060864K)], 0.0369685 secs] [Times: user=0.04 sys=0.00, real=0.04 secs] 
30.120: [Full GC (Allocation Failure) 30.120: [Tenured: 20480K->20480K(20480K), 0.0422181 secs] 29695K->20664K(29696K), [Metaspace: 13263K->13263K(1060864K)], 0.0422563 secs] [Times: user=0.04 sys=0.00, real=0.04 secs] 
30.167: [Full GC (Allocation Failure) 30.167: [Tenured: 20480K->20480K(20480K), 0.0380412 secs] 29695K->20663K(29696K), [Metaspace: 13263K->13263K(1060864K)], 0.0380832 secs] [Times: user=0.04 sys=0.00, real=0.04 secs] 
30.210: [Full GC (Allocation Failure) 30.210: [Tenured: 20480K->20243K(20480K), 0.0386153 secs] 29695K->20243K(29696K), [Metaspace: 13263K->13263K(1060864K)], 0.0386528 secs] [Times: user=0.04 sys=0.00, real=0.04 secs] 
30.252: [GC (Allocation Failure) 30.252: [DefNew: 8192K->8192K(9216K), 0.0000091 secs]30.252: [Tenured: 20243K->20246K(20480K), 0.0366013 secs] 28435K->20246K(29696K), [Metaspace: 13263K->13263K(1060864K)], 0.0366597 secs] [Times: user=0.03 sys=0.00, real=0.03 secs] 
30.292: [GC (Allocation Failure) 30.292: [DefNew: 8192K->8192K(9216K), 0.0000088 secs]30.292: [Tenured: 20246K->20247K(20480K), 0.0371374 secs] 28438K->20247K(29696K), [Metaspace: 13263K->13263K(1060864K)], 0.0372040 secs] [Times: user=0.03 sys=0.00, real=0.03 secs] 
30.332: [GC (Allocation Failure) 30.332: [DefNew: 8192K->8192K(9216K), 0.0000087 secs]30.332: [Tenured: 20247K->20250K(20480K), 0.0362110 secs] 28439K->20250K(29696K), [Metaspace: 13263K->13263K(1060864K)], 0.0362596 secs] [Times: user=0.03 sys=0.00, real=0.03 secs] 
30.371: [GC (Allocation Failure) 30.371: [DefNew: 8192K->8192K(9216K), 0.0000087 secs]30.371: [Tenured: 20250K->19865K(20480K), 0.0373360 secs] 28442K->19865K(29696K), [Metaspace: 13263K->13263K(1060864K)], 0.0373881 secs] [Times: user=0.03 sys=0.00, real=0.03 secs] 
30.412: [GC (Allocation Failure) 30.412: [DefNew: 8192K->14K(9216K), 0.0004874 secs] 28057K->19880K(29696K), 0.0005093 secs] [Times: user=0.00 sys=0.00, real=0.00 secs] 
30.415: [GC (Allocation Failure) 30.415: [DefNew: 8206K->27K(9216K), 0.0005267 secs] 28072K->19893K(29696K), 0.0005478 secs] [Times: user=0.00 sys=0.00, real=0.00 secs] 
30.418: [GC (Allocation Failure) 30.418: [DefNew: 8219K->37K(9216K), 0.0004852 secs] 28085K->19902K(29696K), 0.0005072 secs] [Times: user=0.01 sys=0.00, real=0.00 secs] 
30.422: [GC (Allocation Failure) 30.422: [DefNew: 8229K->50K(9216K), 0.0005007 secs] 28094K->19916K(29696K), 0.0005234 secs] [Times: user=0.00 sys=0.00, real=0.00 secs] 
30.425: [GC (Allocation Failure) 30.425: [DefNew: 8242K->59K(9216K), 0.0004862 secs] 28108K->19925K(29696K), 0.0005070 secs] [Times: user=0.00 sys=0.00, real=0.00 secs] 
30.429: [GC (Allocation Failure) 30.429: [DefNew: 8251K->72K(9216K), 0.0004845 secs] 28117K->19938K(29696K), 0.0005039 secs] [Times: user=0.00 sys=0.00, real=0.00 secs] 
30.432: [GC (Allocation Failure) 30.432: [DefNew: 8264K->85K(9216K), 0.0005008 secs] 28130K->19951K(29696K), 0.0005240 secs] [Times: user=0.00 sys=0.00, real=0.00 secs] 
30.436: [GC (Allocation Failure) 30.436: [DefNew: 8277K->98K(9216K), 0.0005556 secs] 28143K->19964K(29696K), 0.0005781 secs] [Times: user=0.00 sys=0.00, real=0.00 secs] 
30.439: [GC (Allocation Failure) 30.439: [DefNew: 8290K->107K(9216K), 0.0005337 secs] 28156K->19973K(29696K), 0.0005644 secs] [Times: user=0.00 sys=0.00, real=0.00 secs] 
30.443: [GC (Allocation Failure) 30.443: [DefNew: 8299K->120K(9216K), 0.0005060 secs] 28165K->19986K(29696K), 0.0005248 secs] [Times: user=0.00 sys=0.00, real=0.00 secs] 
30.446: [GC (Allocation Failure) 30.446: [DefNew: 8312K->133K(9216K), 0.0005546 secs] 28178K->19999K(29696K), 0.0005740 secs] [Times: user=0.00 sys=0.00, real=0.00 secs] 
30.450: [GC (Allocation Failure) 30.450: [DefNew: 8325K->146K(9216K), 0.0005214 secs] 28191K->20012K(29696K), 0.0005417 secs] [Times: user=0.00 sys=0.00, real=0.00 secs] 
30.453: [GC (Allocation Failure) 30.453: [DefNew: 8338K->155K(9216K), 0.0005590 secs] 28204K->20021K(29696K), 0.0005804 secs] [Times: user=0.00 sys=0.00, real=0.00 secs] 
30.457: [GC (Allocation Failure) 30.457: [DefNew: 8347K->168K(9216K), 0.0005293 secs] 28213K->20034K(29696K), 0.0005470 secs] [Times: user=0.00 sys=0.00, real=0.00 secs] 
30.460: [GC (Allocation Failure) 30.460: [DefNew: 8360K->181K(9216K), 0.0005371 secs] 28226K->20047K(29696K), 0.0005587 secs] [Times: user=0.00 sys=0.00, real=0.00 secs] 
30.463: [GC (Allocation Failure) 30.463: [DefNew: 8373K->182K(9216K), 0.0005426 secs] 28239K->20060K(29696K), 0.0005611 secs] [Times: user=0.00 sys=0.00, real=0.00 secs] 
30.467: [GC (Allocation Failure) 30.467: [DefNew: 8374K->179K(9216K), 0.0005382 secs] 28252K->20068K(29696K), 0.0005562 secs] [Times: user=0.00 sys=0.00, real=0.00 secs] 
30.470: [GC (Allocation Failure) 30.470: [DefNew: 8371K->180K(9216K), 0.0005333 secs] 28260K->20081K(29696K), 0.0005550 secs] [Times: user=0.00 sys=0.00, real=0.00 secs] 
30.474: [GC (Allocation Failure) 30.474: [DefNew: 8372K->181K(9216K), 0.0005674 secs] 28273K->20094K(29696K), 0.0005857 secs] [Times: user=0.00 sys=0.00, real=0.00 secs] 
30.478: [GC (Allocation Failure) 30.478: [DefNew: 8373K->178K(9216K), 0.0005583 secs] 28286K->20104K(29696K), 0.0005793 secs] [Times: user=0.00 sys=0.00, real=0.00 secs] 
30.481: [GC (Allocation Failure) 30.481: [DefNew: 8370K->179K(9216K), 0.0006692 secs] 28296K->20117K(29696K), 0.0007014 secs] [Times: user=0.00 sys=0.00, real=0.00 secs] 
30.485: [GC (Allocation Failure) 30.485: [DefNew: 8371K->181K(9216K), 0.0007278 secs] 28309K->20130K(29696K), 0.0007622 secs] [Times: user=0.00 sys=0.00, real=0.00 secs] 
30.490: [GC (Allocation Failure) 30.490: [DefNew: 8373K->182K(9216K), 0.0008051 secs] 28322K->20143K(29696K), 0.0008607 secs] [Times: user=0.00 sys=0.00, real=0.01 secs] 
30.494: [GC (Allocation Failure) 30.494: [DefNew: 8374K->179K(9216K), 0.0006579 secs] 28335K->20151K(29696K), 0.0006888 secs] [Times: user=0.00 sys=0.00, real=0.00 secs] 
30.498: [GC (Allocation Failure) 30.498: [DefNew: 8371K->180K(9216K), 0.0006438 secs] 28343K->20164K(29696K), 0.0006760 secs] [Times: user=0.00 sys=0.00, real=0.01 secs] 
30.501: [GC (Allocation Failure) 30.501: [DefNew: 7717K->177K(9216K), 0.0006375 secs] 27702K->20174K(29696K), 0.0006692 secs] [Times: user=0.00 sys=0.00, real=0.00 secs] 
30.509: [GC (Allocation Failure) 30.509: [DefNew (promotion failed) : 8369K->9215K(9216K), 0.0057267 secs]30.515: [Tenured: 20438K->20479K(20480K), 0.0420831 secs] 28366K->21458K(29696K), [Metaspace: 13266K->13266K(1060864K)], 0.0478809 secs] [Times: user=0.04 sys=0.00, real=0.05 secs] 
30.566: [Full GC (Allocation Failure) 30.566: [Tenured: 20479K->20479K(20480K), 0.0412324 secs] 29695K->23105K(29696K), [Metaspace: 13266K->13266K(1060864K)], 0.0412753 secs] [Times: user=0.04 sys=0.00, real=0.04 secs] 
30.612: [Full GC (Allocation Failure) 30.612: [Tenured: 20479K->20479K(20480K), 0.0418999 secs] 29695K->24423K(29696K), [Metaspace: 13266K->13266K(1060864K)], 0.0419448 secs] [Times: user=0.04 sys=0.00, real=0.04 secs] 
30.659: [Full GC (Allocation Failure) 30.659: [Tenured: 20479K->20479K(20480K), 0.0482016 secs] 29695K->24453K(29696K), [Metaspace: 13266K->13266K(1060864K)], 0.0482551 secs] [Times: user=0.04 sys=0.00, real=0.04 secs] 
30.712: [Full GC (Allocation Failure) 30.712: [Tenured: 20479K->20479K(20480K), 0.0452370 secs] 29695K->25501K(29696K), [Metaspace: 13266K->13266K(1060864K)], 0.0452793 secs] [Times: user=0.04 sys=0.00, real=0.04 secs] 
30.762: [Full GC (Allocation Failure) 30.762: [Tenured: 20479K->20479K(20480K), 0.0452171 secs] 29695K->26340K(29696K), [Metaspace: 13266K->13266K(1060864K)], 0.0452643 secs] [Times: user=0.04 sys=0.00, real=0.04 secs] 
30.812: [Full GC (Allocation Failure) 30.812: [Tenured: 20479K->20479K(20480K), 0.0437021 secs] 29695K->27011K(29696K), [Metaspace: 13266K->13266K(1060864K)], 0.0437464 secs] [Times: user=0.04 sys=0.00, real=0.04 secs] 
30.860: [Full GC (Allocation Failure) 30.860: [Tenured: 20479K->20479K(20480K), 0.0444180 secs] 29695K->27548K(29696K), [Metaspace: 13266K->13266K(1060864K)], 0.0444567 secs] [Times: user=0.04 sys=0.00, real=0.04 secs] 
30.909: [Full GC (Allocation Failure) 30.909: [Tenured: 20479K->20479K(20480K), 0.0445637 secs] 29695K->27977K(29696K), [Metaspace: 13266K->13266K(1060864K)], 0.0446258 secs] [Times: user=0.05 sys=0.00, real=0.05 secs] 
30.957: [Full GC (Allocation Failure) 30.957: [Tenured: 20479K->20479K(20480K), 0.0450435 secs] 29695K->28321K(29696K), [Metaspace: 13266K->13266K(1060864K)], 0.0451058 secs] [Times: user=0.05 sys=0.00, real=0.05 secs] 
31.006: [Full GC (Allocation Failure) 31.006: [Tenured: 20479K->20479K(20480K), 0.0451780 secs] 29695K->28596K(29696K), [Metaspace: 13266K->13266K(1060864K)], 0.0452150 secs] [Times: user=0.05 sys=0.00, real=0.05 secs] 
31.055: [Full GC (Allocation Failure) 31.055: [Tenured: 20479K->20479K(20480K), 0.0442448 secs] 29695K->28816K(29696K), [Metaspace: 13266K->13266K(1060864K)], 0.0442821 secs] [Times: user=0.05 sys=0.00, real=0.05 secs] 
31.103: [Full GC (Allocation Failure) 31.103: [Tenured: 20479K->20479K(20480K), 0.0449099 secs] 29695K->28992K(29696K), [Metaspace: 13266K->13266K(1060864K)], 0.0449479 secs] [Times: user=0.04 sys=0.00, real=0.04 secs] 
31.151: [Full GC (Allocation Failure) 31.151: [Tenured: 20479K->20479K(20480K), 0.0455178 secs] 29695K->29132K(29696K), [Metaspace: 13266K->13266K(1060864K)], 0.0455797 secs] [Times: user=0.04 sys=0.00, real=0.04 secs] 
31.198: [Full GC (Allocation Failure) 31.198: [Tenured: 20479K->20479K(20480K), 0.0455697 secs] 29695K->29245K(29696K), [Metaspace: 13266K->13266K(1060864K)], 0.0456074 secs] [Times: user=0.04 sys=0.00, real=0.04 secs] 
31.246: [Full GC (Allocation Failure) 31.246: [Tenured: 20479K->20479K(20480K), 0.0493267 secs] 29695K->29335K(29696K), [Metaspace: 13266K->13266K(1060864K)], 0.0493722 secs] [Times: user=0.05 sys=0.00, real=0.05 secs] 
31.297: [Full GC (Allocation Failure) 31.297: [Tenured: 20479K->20479K(20480K), 0.0447144 secs] 29695K->29407K(29696K), [Metaspace: 13266K->13266K(1060864K)], 0.0447512 secs] [Times: user=0.05 sys=0.00, real=0.05 secs] 
31.343: [Full GC (Allocation Failure) 31.343: [Tenured: 20479K->20479K(20480K), 0.0453344 secs] 29695K->29465K(29696K), [Metaspace: 13266K->13266K(1060864K)], 0.0453689 secs] [Times: user=0.04 sys=0.00, real=0.04 secs] 
31.389: [Full GC (Allocation Failure) 31.389: [Tenured: 20479K->20479K(20480K), 0.0453470 secs] 29695K->29511K(29696K), [Metaspace: 13266K->13266K(1060864K)], 0.0454124 secs] [Times: user=0.05 sys=0.00, real=0.05 secs] 
31.435: [Full GC (Allocation Failure) 31.435: [Tenured: 20479K->20479K(20480K), 0.0446436 secs] 29695K->29548K(29696K), [Metaspace: 13266K->13266K(1060864K)], 0.0446803 secs] [Times: user=0.05 sys=0.00, real=0.05 secs] 
31.480: [Full GC (Allocation Failure) 31.480: [Tenured: 20479K->20479K(20480K), 0.0443320 secs] 29695K->29577K(29696K), [Metaspace: 13266K->13266K(1060864K)], 0.0443784 secs] [Times: user=0.04 sys=0.00, real=0.04 secs] 
31.526: [Full GC (Allocation Failure) 31.526: [Tenured: 20479K->20479K(20480K), 0.0472798 secs] 29695K->29601K(29696K), [Metaspace: 13266K->13266K(1060864K)], 0.0473281 secs] [Times: user=0.05 sys=0.00, real=0.05 secs] 
31.573: [Full GC (Allocation Failure) 31.573: [Tenured: 20479K->20479K(20480K), 0.0467499 secs] 29695K->29620K(29696K), [Metaspace: 13256K->13256K(1060864K)], 0.0467846 secs] [Times: user=0.05 sys=0.00, real=0.05 secs] 
31.621: [Full GC (Allocation Failure) 31.621: [Tenured: 20479K->20479K(20480K), 0.0553755 secs] 29695K->29625K(29696K), [Metaspace: 13256K->13256K(1060864K)], 0.0554185 secs] [Times: user=0.05 sys=0.00, real=0.05 secs] 
31.676: [Full GC (Allocation Failure) 31.676: [Tenured: 20479K->20479K(20480K), 0.0463522 secs] 29695K->29639K(29696K), [Metaspace: 13256K->13256K(1060864K)], 0.0463878 secs] [Times: user=0.05 sys=0.00, real=0.05 secs] 
31.724: [Full GC (Allocation Failure) 31.724: [Tenured: 20479K->20479K(20480K), 0.0494981 secs] 29695K->29665K(29696K), [Metaspace: 13256K->13256K(1060864K)], 0.0495408 secs] [Times: user=0.05 sys=0.00, real=0.05 secs] 
31.775: [Full GC (Allocation Failure) 31.775: [Tenured: 20479K->20479K(20480K), 0.0445510 secs] 29695K->29669K(29696K), [Metaspace: 13258K->13258K(1060864K)], 0.0446159 secs] [Times: user=0.05 sys=0.00, real=0.05 secs] 
31.821: [Full GC (Allocation Failure) 31.821: [Tenured: 20479K->20479K(20480K), 0.0546036 secs] 29695K->29668K(29696K), [Metaspace: 13262K->13262K(1060864K)], 0.0546501 secs] [Times: user=0.06 sys=0.00, real=0.05 secs] 
31.876: [Full GC (Allocation Failure) 31.876: [Tenured: 20479K->20479K(20480K), 0.0442398 secs] 29695K->29668K(29696K), [Metaspace: 13262K->13262K(1060864K)], 0.0442761 secs] [Times: user=0.04 sys=0.00, real=0.05 secs] 
31.921: [Full GC (Allocation Failure) 31.921: [Tenured: 20479K->20479K(20480K), 0.0449604 secs] 29695K->29670K(29696K), [Metaspace: 13262K->13262K(1060864K)], 0.0449971 secs] [Times: user=0.05 sys=0.00, real=0.04 secs] 
31.967: [Full GC (Allocation Failure) 31.967: [Tenured: 20479K->20479K(20480K), 0.0463534 secs] 29695K->29668K(29696K), [Metaspace: 13262K->13262K(1060864K)], 0.0463946 secs] [Times: user=0.05 sys=0.00, real=0.05 secs] 
32.014: [Full GC (Allocation Failure) 32.014: [Tenured: 20479K->20479K(20480K), 0.0446276 secs] 29695K->29668K(29696K), [Metaspace: 13262K->13262K(1060864K)], 0.0446776 secs] [Times: user=0.04 sys=0.00, real=0.05 secs] 
32.059: [Full GC (Allocation Failure) 32.059: [Tenured: 20479K->20479K(20480K), 0.0447320 secs] 29695K->29668K(29696K), [Metaspace: 13262K->13262K(1060864K)], 0.0447636 secs] [Times: user=0.04 sys=0.00, real=0.04 secs] 
32.104: [Full GC (Allocation Failure) 32.104: [Tenured: 20479K->20479K(20480K), 0.0443313 secs] 29695K->29668K(29696K), [Metaspace: 13262K->13262K(1060864K)], 0.0443709 secs] [Times: user=0.05 sys=0.00, real=0.04 secs] 
32.149: [Full GC (Allocation Failure) 32.149: [Tenured: 20479K->20479K(20480K), 0.0459779 secs] 29695K->29668K(29696K), [Metaspace: 13262K->13262K(1060864K)], 0.0460140 secs] [Times: user=0.04 sys=0.00, real=0.05 secs] 
32.196: [Full GC (Allocation Failure) 32.196: [Tenured: 20479K->20479K(20480K), 0.0447799 secs] 29695K->29668K(29696K), [Metaspace: 13262K->13262K(1060864K)], 0.0448104 secs] [Times: user=0.05 sys=0.00, real=0.05 secs] 
32.241: [Full GC (Allocation Failure) 32.241: [Tenured: 20479K->20479K(20480K), 0.0453708 secs] 29695K->29668K(29696K), [Metaspace: 13262K->13262K(1060864K)], 0.0454051 secs] [Times: user=0.05 sys=0.00, real=0.04 secs] 
32.287: [Full GC (Allocation Failure) 32.287: [Tenured: 20479K->20479K(20480K), 0.0449012 secs] 29695K->29668K(29696K), [Metaspace: 13262K->13262K(1060864K)], 0.0449439 secs] [Times: user=0.04 sys=0.00, real=0.05 secs] 
32.332: [Full GC (Allocation Failure) 32.332: [Tenured: 20479K->20479K(20480K), 0.0443762 secs] 29695K->29668K(29696K), [Metaspace: 13262K->13262K(1060864K)], 0.0444123 secs] [Times: user=0.05 sys=0.00, real=0.04 secs] 
32.377: [Full GC (Allocation Failure) 32.377: [Tenured: 20479K->20479K(20480K), 0.0455250 secs] 29695K->29668K(29696K), [Metaspace: 13262K->13262K(1060864K)], 0.0455588 secs] [Times: user=0.05 sys=0.00, real=0.05 secs] 
32.423: [Full GC (Allocation Failure) 32.423: [Tenured: 20479K->20479K(20480K), 0.0456155 secs] 29695K->29668K(29696K), [Metaspace: 13262K->13262K(1060864K)], 0.0456464 secs] [Times: user=0.04 sys=0.00, real=0.04 secs] 
32.469: [Full GC (Allocation Failure) 32.469: [Tenured: 20479K->20479K(20480K), 0.0450069 secs] 29695K->29668K(29696K), [Metaspace: 13262K->13262K(1060864K)], 0.0450661 secs] [Times: user=0.05 sys=0.00, real=0.05 secs] 
32.515: [Full GC (Allocation Failure) 32.515: [Tenured: 20479K->20479K(20480K), 0.0459847 secs] 29695K->29668K(29696K), [Metaspace: 13262K->13262K(1060864K)], 0.0460172 secs] [Times: user=0.05 sys=0.00, real=0.05 secs] 
32.561: [Full GC (Allocation Failure) 32.561: [Tenured: 20479K->20479K(20480K), 0.0450278 secs] 29695K->29668K(29696K), [Metaspace: 13262K->13262K(1060864K)], 0.0450645 secs] [Times: user=0.04 sys=0.00, real=0.04 secs] 
32.607: [Full GC (Allocation Failure) 32.607: [Tenured: 20479K->20479K(20480K), 0.0451985 secs] 29695K->29668K(29696K), [Metaspace: 13262K->13262K(1060864K)], 0.0452331 secs] [Times: user=0.04 sys=0.00, real=0.05 secs] 
32.652: [Full GC (Allocation Failure) 32.652: [Tenured: 20479K->20479K(20480K), 0.0456551 secs] 29695K->29668K(29696K), [Metaspace: 13262K->13262K(1060864K)], 0.0456892 secs] [Times: user=0.05 sys=0.00, real=0.04 secs] 
32.698: [Full GC (Allocation Failure) 32.698: [Tenured: 20479K->20479K(20480K), 0.0447237 secs] 29695K->29668K(29696K), [Metaspace: 13262K->13262K(1060864K)], 0.0447615 secs] [Times: user=0.04 sys=0.00, real=0.04 secs] 
32.744: [Full GC (Allocation Failure) 32.744: [Tenured: 20479K->20479K(20480K), 0.0460931 secs] 29695K->29667K(29696K), [Metaspace: 13262K->13262K(1060864K)], 0.0461305 secs] [Times: user=0.05 sys=0.00, real=0.04 secs] 
32.790: [Full GC (Allocation Failure) 32.790: [Tenured: 20479K->20479K(20480K), 0.0453230 secs] 29695K->29654K(29696K), [Metaspace: 13262K->13262K(1060864K)], 0.0453843 secs] [Times: user=0.05 sys=0.00, real=0.05 secs] 
32.836: [Full GC (Allocation Failure) 32.836: [Tenured: 20479K->20479K(20480K), 0.0444863 secs] 29695K->29657K(29696K), [Metaspace: 13262K->13262K(1060864K)], 0.0445216 secs] [Times: user=0.04 sys=0.00, real=0.05 secs] 
32.881: [Full GC (Allocation Failure) 32.881: [Tenured: 20479K->20479K(20480K), 0.0455422 secs] 29695K->29654K(29696K), [Metaspace: 13262K->13262K(1060864K)], 0.0455775 secs] [Times: user=0.05 sys=0.00, real=0.04 secs] 
32.927: [Full GC (Allocation Failure) 32.927: [Tenured: 20479K->20479K(20480K), 0.0458238 secs] 29695K->29654K(29696K), [Metaspace: 13262K->13262K(1060864K)], 0.0458602 secs] [Times: user=0.05 sys=0.00, real=0.05 secs] 
32.974: [Full GC (Allocation Failure) 32.974: [Tenured: 20479K->20479K(20480K), 0.0454633 secs] 29695K->29655K(29696K), [Metaspace: 13266K->13266K(1060864K)], 0.0455025 secs] [Times: user=0.04 sys=0.00, real=0.05 secs] 
33.020: [Full GC (Allocation Failure) 33.020: [Tenured: 20479K->20479K(20480K), 0.0455859 secs] 29695K->29657K(29696K), [Metaspace: 13266K->13266K(1060864K)], 0.0456196 secs] [Times: user=0.05 sys=0.00, real=0.04 secs] 
33.066: [Full GC (Allocation Failure) 33.066: [Tenured: 20479K->20479K(20480K), 0.0443323 secs] 29695K->29655K(29696K), [Metaspace: 13266K->13266K(1060864K)], 0.0443676 secs] [Times: user=0.05 sys=0.00, real=0.05 secs] 
33.111: [Full GC (Allocation Failure) 33.111: [Tenured: 20479K->20479K(20480K), 0.0468472 secs] 29695K->29655K(29696K), [Metaspace: 13266K->13266K(1060864K)], 0.0468828 secs] [Times: user=0.04 sys=0.00, real=0.04 secs] 
33.158: [Full GC (Allocation Failure) 33.158: [Tenured: 20479K->20479K(20480K), 0.0452038 secs] 29695K->29655K(29696K), [Metaspace: 13266K->13266K(1060864K)], 0.0452375 secs] [Times: user=0.05 sys=0.00, real=0.04 secs] 
33.204: [Full GC (Allocation Failure) 33.204: [Tenured: 20479K->20479K(20480K), 0.0442901 secs] 29695K->29655K(29696K), [Metaspace: 13266K->13266K(1060864K)], 0.0443255 secs] [Times: user=0.05 sys=0.00, real=0.04 secs] 
33.249: [Full GC (Allocation Failure) 33.249: [Tenured: 20479K->20479K(20480K), 0.0473622 secs] 29695K->29655K(29696K), [Metaspace: 13266K->13266K(1060864K)], 0.0474023 secs] [Times: user=0.05 sys=0.00, real=0.05 secs] 
33.297: [Full GC (Allocation Failure) 33.297: [Tenured: 20479K->20479K(20480K), 0.0447848 secs] 29695K->29655K(29696K), [Metaspace: 13266K->13266K(1060864K)], 0.0448185 secs] [Times: user=0.05 sys=0.00, real=0.05 secs] 
33.342: [Full GC (Allocation Failure) 33.342: [Tenured: 20479K->20479K(20480K), 0.0451162 secs] 29695K->29655K(29696K), [Metaspace: 13266K->13266K(1060864K)], 0.0451622 secs] [Times: user=0.04 sys=0.00, real=0.04 secs] 
33.388: [Full GC (Allocation Failure) 33.388: [Tenured: 20479K->20479K(20480K), 0.0456854 secs] 29695K->29655K(29696K), [Metaspace: 13266K->13266K(1060864K)], 0.0457237 secs] [Times: user=0.05 sys=0.00, real=0.05 secs] 
33.434: [Full GC (Allocation Failure) 33.434: [Tenured: 20479K->20479K(20480K), 0.0464844 secs] 29695K->29655K(29696K), [Metaspace: 13266K->13266K(1060864K)], 0.0465251 secs] [Times: user=0.05 sys=0.00, real=0.05 secs] 
33.481: [Full GC (Allocation Failure) 33.481: [Tenured: 20479K->20479K(20480K), 0.0455964 secs] 29695K->29655K(29696K), [Metaspace: 13266K->13266K(1060864K)], 0.0456301 secs] [Times: user=0.05 sys=0.00, real=0.04 secs] 
33.527: [Full GC (Allocation Failure) 33.527: [Tenured: 20479K->20479K(20480K), 0.0443767 secs] 29695K->29655K(29696K), [Metaspace: 13266K->13266K(1060864K)], 0.0444111 secs] [Times: user=0.04 sys=0.00, real=0.05 secs] 
33.572: [Full GC (Allocation Failure) 33.572: [Tenured: 20479K->20479K(20480K), 0.0453279 secs] 29695K->29655K(29696K), [Metaspace: 13266K->13266K(1060864K)], 0.0453599 secs] [Times: user=0.05 sys=0.00, real=0.04 secs] 
33.618: [Full GC (Allocation Failure) 33.618: [Tenured: 20479K->20479K(20480K), 0.0449874 secs] 29695K->29655K(29696K), [Metaspace: 13266K->13266K(1060864K)], 0.0450184 secs] [Times: user=0.04 sys=0.00, real=0.05 secs] 
33.663: [Full GC (Allocation Failure) 33.663: [Tenured: 20479K->20479K(20480K), 0.0457797 secs] 29695K->29655K(29696K), [Metaspace: 13266K->13266K(1060864K)], 0.0458128 secs] [Times: user=0.05 sys=0.00, real=0.04 secs] 
33.709: [Full GC (Allocation Failure) 33.709: [Tenured: 20479K->20479K(20480K), 0.0450021 secs] 29695K->29655K(29696K), [Metaspace: 13266K->13266K(1060864K)], 0.0450368 secs] [Times: user=0.04 sys=0.00, real=0.05 secs] 
33.755: [Full GC (Allocation Failure) 33.755: [Tenured: 20479K->20479K(20480K), 0.0460096 secs] 29695K->29655K(29696K), [Metaspace: 13266K->13266K(1060864K)], 0.0460458 secs] [Times: user=0.04 sys=0.00, real=0.05 secs] 
33.801: [Full GC (Allocation Failure) 33.801: [Tenured: 20479K->20479K(20480K), 0.0446976 secs] 29695K->29655K(29696K), [Metaspace: 13266K->13266K(1060864K)], 0.0447406 secs] [Times: user=0.04 sys=0.00, real=0.04 secs] 
33.847: [Full GC (Allocation Failure) 33.847: [Tenured: 20479K->20479K(20480K), 0.0450105 secs] 29695K->29655K(29696K), [Metaspace: 13266K->13266K(1060864K)], 0.0450462 secs] [Times: user=0.05 sys=0.00, real=0.05 secs] 
33.892: [Full GC (Allocation Failure) 33.892: [Tenured: 20479K->20479K(20480K), 0.0454155 secs] 29695K->29655K(29696K), [Metaspace: 13266K->13266K(1060864K)], 0.0454514 secs] [Times: user=0.05 sys=0.00, real=0.04 secs] 
33.938: [Full GC (Allocation Failure) 33.938: [Tenured: 20479K->20479K(20480K), 0.0443911 secs] 29695K->29655K(29696K), [Metaspace: 13266K->13266K(1060864K)], 0.0444274 secs] [Times: user=0.04 sys=0.00, real=0.05 secs] 
33.983: [Full GC (Allocation Failure) 33.983: [Tenured: 20479K->20479K(20480K), 0.0463922 secs] 29695K->29655K(29696K), [Metaspace: 13266K->13266K(1060864K)], 0.0464295 secs] [Times: user=0.05 sys=0.00, real=0.04 secs] 
34.030: [Full GC (Allocation Failure) 34.030: [Tenured: 20479K->20479K(20480K), 0.0452675 secs] 29695K->29655K(29696K), [Metaspace: 13266K->13266K(1060864K)], 0.0453031 secs] [Times: user=0.05 sys=0.00, real=0.05 secs] 
34.076: [Full GC (Allocation Failure) 34.076: [Tenured: 20479K->20479K(20480K), 0.0453068 secs] 29695K->29655K(29696K), [Metaspace: 13266K->13266K(1060864K)], 0.0453460 secs] [Times: user=0.04 sys=0.00, real=0.05 secs] 
34.122: [Full GC (Allocation Failure) 34.122: [Tenured: 20479K->20479K(20480K), 0.0463384 secs] 29695K->29655K(29696K), [Metaspace: 13266K->13266K(1060864K)], 0.0463749 secs] [Times: user=0.05 sys=0.00, real=0.04 secs] 
34.168: [Full GC (Allocation Failure) 34.168: [Tenured: 20479K->20479K(20480K), 0.0442231 secs] 29695K->29655K(29696K), [Metaspace: 13266K->13266K(1060864K)], 0.0442584 secs] [Times: user=0.04 sys=0.00, real=0.05 secs] 
34.213: [Full GC (Allocation Failure) 34.213: [Tenured: 20479K->20479K(20480K), 0.0451021 secs] 29695K->29655K(29696K), [Metaspace: 13266K->13266K(1060864K)], 0.0451475 secs] [Times: user=0.05 sys=0.00, real=0.05 secs] 
34.259: [Full GC (Allocation Failure) 34.259: [Tenured: 20479K->20479K(20480K), 0.0456668 secs] 29695K->29655K(29696K), [Metaspace: 13266K->13266K(1060864K)], 0.0457056 secs] [Times: user=0.04 sys=0.00, real=0.04 secs] 
34.305: [Full GC (Allocation Failure) 34.305: [Tenured: 20479K->20479K(20480K), 0.0462885 secs] 29695K->29655K(29696K), [Metaspace: 13266K->13266K(1060864K)], 0.0463246 secs] [Times: user=0.05 sys=0.00, real=0.05 secs] 
34.352: [Full GC (Allocation Failure) 34.352: [Tenured: 20479K->20479K(20480K), 0.0453979 secs] 29695K->29655K(29696K), [Metaspace: 13266K->13266K(1060864K)], 0.0454328 secs] [Times: user=0.05 sys=0.00, real=0.04 secs] 
34.398: [Full GC (Allocation Failure) 34.398: [Tenured: 20479K->20479K(20480K), 0.0449998 secs] 29695K->29655K(29696K), [Metaspace: 13266K->13266K(1060864K)], 0.0450368 secs] [Times: user=0.04 sys=0.00, real=0.05 secs] 
34.444: [Full GC (Allocation Failure) 34.444: [Tenured: 20479K->20479K(20480K), 0.0459927 secs] 29695K->29655K(29696K), [Metaspace: 13266K->13266K(1060864K)], 0.0460301 secs] [Times: user=0.05 sys=0.00, real=0.04 secs] 
34.490: [Full GC (Allocation Failure) 34.490: [Tenured: 20479K->20479K(20480K), 0.0446179 secs] 29695K->29655K(29696K), [Metaspace: 13266K->13266K(1060864K)], 0.0446525 secs] [Times: user=0.04 sys=0.00, real=0.05 secs] 
34.535: [Full GC (Allocation Failure) 34.535: [Tenured: 20479K->20479K(20480K), 0.0450728 secs] 29695K->29655K(29696K), [Metaspace: 13266K->13266K(1060864K)], 0.0451094 secs] [Times: user=0.05 sys=0.00, real=0.05 secs] 
34.581: [Full GC (Allocation Failure) 34.581: [Tenured: 20479K->20479K(20480K), 0.0451620 secs] 29695K->29655K(29696K), [Metaspace: 13266K->13266K(1060864K)], 0.0451966 secs] [Times: user=0.04 sys=0.00, real=0.04 secs] 
34.627: [Full GC (Allocation Failure) 34.627: [Tenured: 20479K->20479K(20480K), 0.0446687 secs] 29695K->29655K(29696K), [Metaspace: 13266K->13266K(1060864K)], 0.0447049 secs] [Times: user=0.05 sys=0.00, real=0.05 secs] 
34.672: [Full GC (Allocation Failure) 34.672: [Tenured: 20479K->20479K(20480K), 0.0453918 secs] 29695K->29655K(29696K), [Metaspace: 13266K->13266K(1060864K)], 0.0454230 secs] [Times: user=0.05 sys=0.00, real=0.04 secs] 
34.718: [Full GC (Allocation Failure) 34.718: [Tenured: 20479K->20479K(20480K), 0.0470549 secs] 29695K->29655K(29696K), [Metaspace: 13266K->13266K(1060864K)], 0.0470949 secs] [Times: user=0.04 sys=0.00, real=0.05 secs] 
34.765: [Full GC (Allocation Failure) 34.765: [Tenured: 20479K->20479K(20480K), 0.0456020 secs] 29695K->29655K(29696K), [Metaspace: 13266K->13266K(1060864K)], 0.0456378 secs] [Times: user=0.05 sys=0.00, real=0.05 secs] 
34.811: [Full GC (Allocation Failure) 34.811: [Tenured: 20479K->20479K(20480K), 0.0457019 secs] 29695K->29655K(29696K), [Metaspace: 13266K->13266K(1060864K)], 0.0457408 secs] [Times: user=0.05 sys=0.00, real=0.04 secs] 
34.858: [Full GC (Allocation Failure) 34.858: [Tenured: 20479K->20479K(20480K), 0.0445219 secs] 29695K->29655K(29696K), [Metaspace: 13266K->13266K(1060864K)], 0.0445598 secs] [Times: user=0.04 sys=0.00, real=0.05 secs] 
34.903: [Full GC (Allocation Failure) 34.903: [Tenured: 20479K->20479K(20480K), 0.0461222 secs] 29695K->29655K(29696K), [Metaspace: 13266K->13266K(1060864K)], 0.0461839 secs] [Times: user=0.05 sys=0.00, real=0.04 secs] 
34.949: [Full GC (Allocation Failure) 34.949: [Tenured: 20479K->20479K(20480K), 0.0452627 secs] 29695K->29655K(29696K), [Metaspace: 13266K->13266K(1060864K)], 0.0453040 secs] [Times: user=0.04 sys=0.00, real=0.05 secs] 
34.995: [Full GC (Allocation Failure) 34.995: [Tenured: 20479K->20479K(20480K), 0.0470717 secs] 29695K->29655K(29696K), [Metaspace: 13266K->13266K(1060864K)], 0.0471071 secs] [Times: user=0.05 sys=0.00, real=0.05 secs] 
35.043: [Full GC (Allocation Failure) 35.043: [Tenured: 20479K->20479K(20480K), 0.0458109 secs] 29695K->29655K(29696K), [Metaspace: 13266K->13266K(1060864K)], 0.0458477 secs] [Times: user=0.04 sys=0.00, real=0.04 secs] 
35.089: [Full GC (Allocation Failure) 35.089: [Tenured: 20479K->20479K(20480K), 0.0453139 secs] 29695K->29655K(29696K), [Metaspace: 13266K->13266K(1060864K)], 0.0453496 secs] [Times: user=0.04 sys=0.00, real=0.05 secs] 
35.135: [Full GC (Allocation Failure) 35.135: [Tenured: 20479K->20479K(20480K), 0.0444873 secs] 29695K->29655K(29696K), [Metaspace: 13266K->13266K(1060864K)], 0.0445253 secs] [Times: user=0.05 sys=0.00, real=0.05 secs] 
35.180: [Full GC (Allocation Failure) 35.180: [Tenured: 20479K->20479K(20480K), 0.0456057 secs] 29695K->29655K(29696K), [Metaspace: 13266K->13266K(1060864K)], 0.0456423 secs] [Times: user=0.04 sys=0.00, real=0.04 secs] 
35.226: [Full GC (Allocation Failure) 35.226: [Tenured: 20479K->20479K(20480K), 0.0445222 secs] 29695K->29655K(29696K), [Metaspace: 13266K->13266K(1060864K)], 0.0445591 secs] [Times: user=0.05 sys=0.00, real=0.05 secs] 
35.271: [Full GC (Allocation Failure) 35.271: [Tenured: 20479K->20479K(20480K), 0.0466438 secs] 29695K->29655K(29696K), [Metaspace: 13266K->13266K(1060864K)], 0.0466782 secs] [Times: user=0.05 sys=0.00, real=0.04 secs] 
35.318: [Full GC (Allocation Failure) 35.318: [Tenured: 20479K->20479K(20480K), 0.0454884 secs] 29695K->29655K(29696K), [Metaspace: 13266K->13266K(1060864K)], 0.0455384 secs] [Times: user=0.04 sys=0.00, real=0.05 secs] 
35.364: [Full GC (Allocation Failure) 35.364: [Tenured: 20479K->20479K(20480K), 0.0450499 secs] 29695K->29655K(29696K), [Metaspace: 13266K->13266K(1060864K)], 0.0450871 secs] [Times: user=0.05 sys=0.00, real=0.04 secs] 
35.410: [Full GC (Allocation Failure) 35.410: [Tenured: 20479K->20479K(20480K), 0.0457026 secs] 29695K->29655K(29696K), [Metaspace: 13266K->13266K(1060864K)], 0.0457518 secs] [Times: user=0.05 sys=0.00, real=0.05 secs] 
35.456: [Full GC (Allocation Failure) 35.456: [Tenured: 20479K->20479K(20480K), 0.0447000 secs] 29695K->29655K(29696K), [Metaspace: 13266K->13266K(1060864K)], 0.0447375 secs] [Times: user=0.04 sys=0.01, real=0.05 secs] 
35.501: [Full GC (Allocation Failure) 35.501: [Tenured: 20479K->20479K(20480K), 0.0448927 secs] 29695K->29659K(29696K), [Metaspace: 13269K->13269K(1060864K)], 0.0449287 secs] [Times: user=0.04 sys=0.00, real=0.04 secs] 
35.547: [Full GC (Allocation Failure) 35.547: [Tenured: 20479K->20479K(20480K), 0.0443187 secs] 29695K->29655K(29696K), [Metaspace: 13269K->13269K(1060864K)], 0.0443537 secs] [Times: user=0.05 sys=0.00, real=0.05 secs] 
35.591: [Full GC (Allocation Failure) 35.591: [Tenured: 20479K->20479K(20480K), 0.0462826 secs] 29695K->29655K(29696K), [Metaspace: 13269K->13269K(1060864K)], 0.0463175 secs] [Times: user=0.04 sys=0.00, real=0.04 secs] 
35.638: [Full GC (Allocation Failure) 35.638: [Tenured: 20479K->20479K(20480K), 0.0450955 secs] 29695K->29655K(29696K), [Metaspace: 13269K->13269K(1060864K)], 0.0451287 secs] [Times: user=0.04 sys=0.00, real=0.05 secs] 
35.684: [Full GC (Allocation Failure) 35.684: [Tenured: 20479K->20479K(20480K), 0.0442303 secs] 29695K->29655K(29696K), [Metaspace: 13269K->13269K(1060864K)], 0.0442836 secs] [Times: user=0.04 sys=0.00, real=0.04 secs] 
35.729: [Full GC (Allocation Failure) 35.729: [Tenured: 20479K->20479K(20480K), 0.0447443 secs] 29695K->29655K(29696K), [Metaspace: 13269K->13269K(1060864K)], 0.0447780 secs] [Times: user=0.05 sys=0.00, real=0.05 secs] 
35.774: [Full GC (Allocation Failure) 35.774: [Tenured: 20479K->20479K(20480K), 0.0456733 secs] 29695K->29655K(29696K), [Metaspace: 13269K->13269K(1060864K)], 0.0457123 secs] [Times: user=0.05 sys=0.00, real=0.05 secs] 
35.820: [Full GC (Allocation Failure) 35.820: [Tenured: 20479K->20479K(20480K), 0.0443150 secs] 29695K->29655K(29696K), [Metaspace: 13269K->13269K(1060864K)], 0.0443489 secs] [Times: user=0.04 sys=0.00, real=0.04 secs] 
35.865: [Full GC (Allocation Failure) 35.865: [Tenured: 20479K->20479K(20480K), 0.0458215 secs] 29695K->29655K(29696K), [Metaspace: 13269K->13269K(1060864K)], 0.0458548 secs] [Times: user=0.05 sys=0.00, real=0.05 secs] 
35.911: [Full GC (Allocation Failure) 35.911: [Tenured: 20479K->20479K(20480K), 0.0455388 secs] 29695K->29655K(29696K), [Metaspace: 13269K->13269K(1060864K)], 0.0455859 secs] [Times: user=0.05 sys=0.00, real=0.04 secs] 
35.957: [Full GC (Allocation Failure) 35.957: [Tenured: 20479K->20479K(20480K), 0.0442614 secs] 29695K->29655K(29696K), [Metaspace: 13269K->13269K(1060864K)], 0.0442987 secs] [Times: user=0.04 sys=0.00, real=0.05 secs] 
36.002: [Full GC (Allocation Failure) 36.002: [Tenured: 20479K->20479K(20480K), 0.0457043 secs] 29695K->29655K(29696K), [Metaspace: 13269K->13269K(1060864K)], 0.0457420 secs] [Times: user=0.04 sys=0.00, real=0.04 secs] 
36.048: [Full GC (Allocation Failure) 36.048: [Tenured: 20479K->20479K(20480K), 0.0450017 secs] 29695K->29655K(29696K), [Metaspace: 13269K->13269K(1060864K)], 0.0450417 secs] [Times: user=0.04 sys=0.00, real=0.05 secs] 
36.093: [Full GC (Allocation Failure) 36.093: [Tenured: 20479K->20479K(20480K), 0.0441582 secs] 29695K->29655K(29696K), [Metaspace: 13269K->13269K(1060864K)], 0.0441948 secs] [Times: user=0.05 sys=0.00, real=0.04 secs] 
36.138: [Full GC (Allocation Failure) 36.138: [Tenured: 20479K->20479K(20480K), 0.0448666 secs] 29695K->29655K(29696K), [Metaspace: 13269K->13269K(1060864K)], 0.0449048 secs] [Times: user=0.04 sys=0.00, real=0.05 secs] 
36.183: [Full GC (Allocation Failure) 36.183: [Tenured: 20479K->20479K(20480K), 0.0449030 secs] 29695K->29655K(29696K), [Metaspace: 13269K->13269K(1060864K)], 0.0449402 secs] [Times: user=0.05 sys=0.00, real=0.04 secs] 
36.229: [Full GC (Allocation Failure) 36.229: [Tenured: 20479K->20479K(20480K), 0.0460462 secs] 29695K->29655K(29696K), [Metaspace: 13269K->13269K(1060864K)], 0.0461030 secs] [Times: user=0.04 sys=0.00, real=0.05 secs] 
36.275: [Full GC (Allocation Failure) 36.275: [Tenured: 20479K->20479K(20480K), 0.0449086 secs] 29695K->29655K(29696K), [Metaspace: 13269K->13269K(1060864K)], 0.0449387 secs] [Times: user=0.05 sys=0.00, real=0.05 secs] 
36.320: [Full GC (Allocation Failure) 36.320: [Tenured: 20479K->20479K(20480K), 0.0445478 secs] 29695K->29655K(29696K), [Metaspace: 13269K->13269K(1060864K)], 0.0445782 secs] [Times: user=0.04 sys=0.00, real=0.04 secs] 
36.365: [Full GC (Allocation Failure) 36.365: [Tenured: 20479K->20479K(20480K), 0.0455350 secs] 29695K->29655K(29696K), [Metaspace: 13269K->13269K(1060864K)], 0.0455729 secs] [Times: user=0.05 sys=0.00, real=0.05 secs] 
36.411: [Full GC (Allocation Failure) 36.411: [Tenured: 20479K->20479K(20480K), 0.0441088 secs] 29695K->29655K(29696K), [Metaspace: 13269K->13269K(1060864K)], 0.0441464 secs] [Times: user=0.05 sys=0.00, real=0.04 secs] 
36.456: [Full GC (Allocation Failure) 36.456: [Tenured: 20479K->20479K(20480K), 0.0456998 secs] 29695K->29655K(29696K), [Metaspace: 13269K->13269K(1060864K)], 0.0457363 secs] [Times: user=0.04 sys=0.00, real=0.05 secs] 
36.502: [Full GC (Allocation Failure) 36.502: [Tenured: 20479K->20479K(20480K), 0.0465960 secs] 29695K->29655K(29696K), [Metaspace: 13269K->13269K(1060864K)], 0.0466275 secs] [Times: user=0.05 sys=0.00, real=0.04 secs] 
36.549: [Full GC (Allocation Failure) 36.549: [Tenured: 20479K->20479K(20480K), 0.0456377 secs] 29695K->29655K(29696K), [Metaspace: 13269K->13269K(1060864K)], 0.0456696 secs] [Times: user=0.05 sys=0.00, real=0.05 secs] 
36.596: [Full GC (Allocation Failure) 36.596: [Tenured: 20479K->20479K(20480K), 0.0459655 secs] 29695K->29655K(29696K), [Metaspace: 13269K->13269K(1060864K)], 0.0459998 secs] [Times: user=0.04 sys=0.00, real=0.05 secs] 
36.642: [Full GC (Allocation Failure) 36.642: [Tenured: 20479K->20479K(20480K), 0.0447575 secs] 29695K->29655K(29696K), [Metaspace: 13269K->13269K(1060864K)], 0.0447947 secs] [Times: user=0.05 sys=0.00, real=0.04 secs] 
36.688: [Full GC (Allocation Failure) 36.688: [Tenured: 20479K->20479K(20480K), 0.0457212 secs] 29695K->29655K(29696K), [Metaspace: 13269K->13269K(1060864K)], 0.0457596 secs] [Times: user=0.05 sys=0.00, real=0.05 secs] 
36.735: [Full GC (Allocation Failure) 36.735: [Tenured: 20479K->20479K(20480K), 0.0459054 secs] 29695K->29655K(29696K), [Metaspace: 13269K->13269K(1060864K)], 0.0459500 secs] [Times: user=0.04 sys=0.00, real=0.05 secs] 
36.782: [Full GC (Allocation Failure) 36.782: [Tenured: 20479K->20479K(20480K), 0.0449263 secs] 29695K->29655K(29696K), [Metaspace: 13269K->13269K(1060864K)], 0.0449676 secs] [Times: user=0.05 sys=0.00, real=0.04 secs] 
36.828: [Full GC (Allocation Failure) 36.828: [Tenured: 20479K->20479K(20480K), 0.0463305 secs] 29695K->29655K(29696K), [Metaspace: 13269K->13269K(1060864K)], 0.0463746 secs] [Times: user=0.05 sys=0.00, real=0.05 secs] 
36.875: [Full GC (Allocation Failure) 36.875: [Tenured: 20479K->20479K(20480K), 0.0456030 secs] 29695K->29655K(29696K), [Metaspace: 13269K->13269K(1060864K)], 0.0456433 secs] [Times: user=0.05 sys=0.00, real=0.05 secs] 
36.921: [Full GC (Allocation Failure) 36.921: [Tenured: 20479K->20479K(20480K), 0.0458116 secs] 29695K->29655K(29696K), [Metaspace: 13269K->13269K(1060864K)], 0.0458497 secs] [Times: user=0.04 sys=0.00, real=0.04 secs] 
36.967: [Full GC (Allocation Failure) 36.967: [Tenured: 20479K->20479K(20480K), 0.0454240 secs] 29695K->29655K(29696K), [Metaspace: 13269K->13269K(1060864K)], 0.0454636 secs] [Times: user=0.05 sys=0.00, real=0.05 secs] 
37.013: [Full GC (Allocation Failure) 37.013: [Tenured: 20479K->20479K(20480K), 0.0453963 secs] 29695K->29655K(29696K), [Metaspace: 13269K->13269K(1060864K)], 0.0454362 secs] [Times: user=0.04 sys=0.00, real=0.05 secs] 
37.059: [Full GC (Allocation Failure) 37.059: [Tenured: 20479K->20479K(20480K), 0.0461766 secs] 29695K->29655K(29696K), [Metaspace: 13269K->13269K(1060864K)], 0.0462155 secs] [Times: user=0.04 sys=0.00, real=0.04 secs] 
37.106: [Full GC (Allocation Failure) 37.106: [Tenured: 20479K->20479K(20480K), 0.0463250 secs] 29695K->29655K(29696K), [Metaspace: 13269K->13269K(1060864K)], 0.0463633 secs] [Times: user=0.05 sys=0.00, real=0.05 secs] 
37.153: [Full GC (Allocation Failure) 37.153: [Tenured: 20479K->20479K(20480K), 0.0462356 secs] 29695K->29655K(29696K), [Metaspace: 13269K->13269K(1060864K)], 0.0462771 secs] [Times: user=0.05 sys=0.00, real=0.05 secs] 
37.199: [Full GC (Allocation Failure) 37.199: [Tenured: 20479K->20479K(20480K), 0.0456903 secs] 29695K->29655K(29696K), [Metaspace: 13269K->13269K(1060864K)], 0.0457283 secs] [Times: user=0.04 sys=0.00, real=0.04 secs] 
37.245: [Full GC (Allocation Failure) 37.246: [Tenured: 20479K->20479K(20480K), 0.0462893 secs] 29695K->29655K(29696K), [Metaspace: 13269K->13269K(1060864K)], 0.0463235 secs] [Times: user=0.05 sys=0.00, real=0.05 secs] 
37.292: [Full GC (Allocation Failure) 37.292: [Tenured: 20479K->20479K(20480K), 0.0444742 secs] 29695K->29655K(29696K), [Metaspace: 13269K->13269K(1060864K)], 0.0445078 secs] [Times: user=0.04 sys=0.00, real=0.04 secs] 
37.337: [Full GC (Allocation Failure) 37.337: [Tenured: 20479K->20479K(20480K), 0.0451768 secs] 29695K->29655K(29696K), [Metaspace: 13269K->13269K(1060864K)], 0.0452113 secs] [Times: user=0.05 sys=0.00, real=0.05 secs] 
37.383: [Full GC (Allocation Failure) 37.383: [Tenured: 20479K->20479K(20480K), 0.0444623 secs] 29695K->29655K(29696K), [Metaspace: 13269K->13269K(1060864K)], 0.0444956 secs] [Times: user=0.04 sys=0.00, real=0.04 secs] 
37.428: [Full GC (Allocation Failure) 37.428: [Tenured: 20479K->20479K(20480K), 0.0473506 secs] 29695K->29655K(29696K), [Metaspace: 13269K->13269K(1060864K)], 0.0473869 secs] [Times: user=0.05 sys=0.00, real=0.05 secs] 
37.476: [Full GC (Allocation Failure) 37.476: [Tenured: 20479K->20479K(20480K), 0.0456924 secs] 29695K->29655K(29696K), [Metaspace: 13269K->13269K(1060864K)], 0.0457313 secs] [Times: user=0.05 sys=0.00, real=0.05 secs] 
37.522: [Full GC (Allocation Failure) 37.522: [Tenured: 20479K->20479K(20480K), 0.0447118 secs] 29695K->29655K(29696K), [Metaspace: 13269K->13269K(1060864K)], 0.0447473 secs] [Times: user=0.04 sys=0.00, real=0.04 secs] 
37.567: [Full GC (Allocation Failure) 37.567: [Tenured: 20479K->20479K(20480K), 0.0461893 secs] 29695K->29655K(29696K), [Metaspace: 13269K->13269K(1060864K)], 0.0462281 secs] [Times: user=0.05 sys=0.00, real=0.05 secs] 
37.613: [Full GC (Allocation Failure) 37.613: [Tenured: 20479K->20479K(20480K), 0.0444151 secs] 29695K->29655K(29696K), [Metaspace: 13269K->13269K(1060864K)], 0.0444523 secs] [Times: user=0.05 sys=0.00, real=0.04 secs] 
37.658: [Full GC (Allocation Failure) 37.658: [Tenured: 20479K->20479K(20480K), 0.0456040 secs] 29695K->29655K(29696K), [Metaspace: 13269K->13269K(1060864K)], 0.0456409 secs] [Times: user=0.04 sys=0.00, real=0.04 secs] 
37.704: [Full GC (Allocation Failure) 37.704: [Tenured: 20479K->20479K(20480K), 0.0471393 secs] 29695K->29655K(29696K), [Metaspace: 13269K->13269K(1060864K)], 0.0471782 secs] [Times: user=0.05 sys=0.00, real=0.05 secs] 
37.752: [Full GC (Allocation Failure) 37.752: [Tenured: 20479K->20479K(20480K), 0.0461302 secs] 29695K->29655K(29696K), [Metaspace: 13269K->13269K(1060864K)], 0.0461684 secs] [Times: user=0.05 sys=0.00, real=0.04 secs] 
37.799: [Full GC (Allocation Failure) 37.799: [Tenured: 20479K->20479K(20480K), 0.0461293 secs] 29695K->29655K(29696K), [Metaspace: 13269K->13269K(1060864K)], 0.0461685 secs] [Times: user=0.04 sys=0.00, real=0.04 secs] 
37.846: [Full GC (Allocation Failure) 37.846: [Tenured: 20479K->20479K(20480K), 0.0444365 secs] 29695K->29655K(29696K), [Metaspace: 13269K->13269K(1060864K)], 0.0444753 secs] [Times: user=0.05 sys=0.00, real=0.04 secs] 
37.891: [Full GC (Allocation Failure) 37.891: [Tenured: 20479K->20479K(20480K), 0.0446806 secs] 29695K->29655K(29696K), [Metaspace: 13269K->13269K(1060864K)], 0.0447163 secs] [Times: user=0.04 sys=0.00, real=0.04 secs] 
37.936: [Full GC (Allocation Failure) 37.936: [Tenured: 20479K->20479K(20480K), 0.0445398 secs] 29695K->29655K(29696K), [Metaspace: 13269K->13269K(1060864K)], 0.0445755 secs] [Times: user=0.04 sys=0.00, real=0.05 secs] 
37.981: [Full GC (Allocation Failure) 37.981: [Tenured: 20479K->20479K(20480K), 0.0446555 secs] 29695K->29655K(29696K), [Metaspace: 13269K->13269K(1060864K)], 0.0446939 secs] [Times: user=0.04 sys=0.00, real=0.04 secs] 
38.027: [Full GC (Allocation Failure) 38.027: [Tenured: 20479K->20479K(20480K), 0.0448337 secs] 29695K->29655K(29696K), [Metaspace: 13269K->13269K(1060864K)], 0.0448691 secs] [Times: user=0.04 sys=0.00, real=0.05 secs] 
38.072: [Full GC (Allocation Failure) 38.072: [Tenured: 20479K->20479K(20480K), 0.0451338 secs] 29695K->29655K(29696K), [Metaspace: 13269K->13269K(1060864K)], 0.0451693 secs] [Times: user=0.05 sys=0.00, real=0.04 secs] 
38.118: [Full GC (Allocation Failure) 38.118: [Tenured: 20479K->20479K(20480K), 0.0439823 secs] 29695K->29655K(29696K), [Metaspace: 13269K->13269K(1060864K)], 0.0440197 secs] [Times: user=0.04 sys=0.00, real=0.05 secs] 
38.163: [Full GC (Allocation Failure) 38.163: [Tenured: 20479K->20479K(20480K), 0.0448373 secs] 29695K->29655K(29696K), [Metaspace: 13269K->13269K(1060864K)], 0.0448756 secs] [Times: user=0.05 sys=0.00, real=0.04 secs] 
38.208: [Full GC (Allocation Failure) 38.208: [Tenured: 20479K->20479K(20480K), 0.0445591 secs] 29695K->29655K(29696K), [Metaspace: 13269K->13269K(1060864K)], 0.0445993 secs] [Times: user=0.05 sys=0.00, real=0.05 secs] 
38.253: [Full GC (Allocation Failure) 38.253: [Tenured: 20479K->20479K(20480K), 0.0460215 secs] 29695K->29655K(29696K), [Metaspace: 13269K->13269K(1060864K)], 0.0460614 secs] [Times: user=0.04 sys=0.00, real=0.05 secs] 
38.303: [Full GC (Allocation Failure) 38.303: [Tenured: 20479K->20479K(20480K), 0.0448481 secs] 29695K->29655K(29696K), [Metaspace: 13269K->13269K(1060864K)], 0.0448944 secs] [Times: user=0.05 sys=0.00, real=0.04 secs] 
38.348: [Full GC (Allocation Failure) 38.348: [Tenured: 20479K->20479K(20480K), 0.0458683 secs] 29695K->29655K(29696K), [Metaspace: 13269K->13269K(1060864K)], 0.0459028 secs] [Times: user=0.04 sys=0.00, real=0.05 secs] 
38.394: [Full GC (Allocation Failure) 38.394: [Tenured: 20479K->20479K(20480K), 0.0451431 secs] 29695K->29655K(29696K), [Metaspace: 13269K->13269K(1060864K)], 0.0451782 secs] [Times: user=0.05 sys=0.00, real=0.05 secs] 
38.440: [Full GC (Allocation Failure) 38.440: [Tenured: 20479K->20479K(20480K), 0.0445436 secs] 29695K->29655K(29696K), [Metaspace: 13269K->13269K(1060864K)], 0.0445765 secs] [Times: user=0.04 sys=0.00, real=0.04 secs] 
38.485: [Full GC (Allocation Failure) 38.485: [Tenured: 20479K->20479K(20480K), 0.0440021 secs] 29695K->29655K(29696K), [Metaspace: 13269K->13269K(1060864K)], 0.0440461 secs] [Times: user=0.05 sys=0.00, real=0.04 secs] 
38.529: [Full GC (Allocation Failure) 38.529: [Tenured: 20479K->20479K(20480K), 0.0446875 secs] 29695K->29655K(29696K), [Metaspace: 13269K->13269K(1060864K)], 0.0447206 secs] [Times: user=0.04 sys=0.00, real=0.05 secs] 
38.574: [Full GC (Allocation Failure) 38.574: [Tenured: 20479K->20479K(20480K), 0.0455537 secs] 29695K->29655K(29696K), [Metaspace: 13269K->13269K(1060864K)], 0.0455841 secs] [Times: user=0.05 sys=0.00, real=0.05 secs] 
38.620: [Full GC (Allocation Failure) 38.620: [Tenured: 20479K->20479K(20480K), 0.0443410 secs] 29695K->29655K(29696K), [Metaspace: 13269K->13269K(1060864K)], 0.0443737 secs] [Times: user=0.04 sys=0.00, real=0.04 secs] 
38.665: [Full GC (Allocation Failure) 38.665: [Tenured: 20479K->20479K(20480K), 0.0451278 secs] 29695K->29655K(29696K), [Metaspace: 13269K->13269K(1060864K)], 0.0451602 secs] [Times: user=0.05 sys=0.00, real=0.04 secs] 
38.710: [Full GC (Allocation Failure) 38.711: [Tenured: 20479K->20479K(20480K), 0.0476542 secs] 29695K->29655K(29696K), [Metaspace: 13269K->13269K(1060864K)], 0.0476964 secs] [Times: user=0.04 sys=0.00, real=0.04 secs] 
38.759: [Full GC (Allocation Failure) 38.759: [Tenured: 20479K->20479K(20480K), 0.0455776 secs] 29695K->29655K(29696K), [Metaspace: 13269K->13269K(1060864K)], 0.0456150 secs] [Times: user=0.05 sys=0.00, real=0.04 secs] 
38.805: [Full GC (Allocation Failure) 38.805: [Tenured: 20479K->20479K(20480K), 0.0443778 secs] 29695K->29655K(29696K), [Metaspace: 13269K->13269K(1060864K)], 0.0444147 secs] [Times: user=0.04 sys=0.00, real=0.04 secs] 
38.849: [Full GC (Allocation Failure) 38.849: [Tenured: 20479K->20479K(20480K), 0.0452514 secs] 29695K->29655K(29696K), [Metaspace: 13269K->13269K(1060864K)], 0.0452867 secs] [Times: user=0.05 sys=0.00, real=0.05 secs] 
38.895: [Full GC (Allocation Failure) 38.895: [Tenured: 20479K->20479K(20480K), 0.0449970 secs] 29695K->29655K(29696K), [Metaspace: 13269K->13269K(1060864K)], 0.0450317 secs] [Times: user=0.04 sys=0.00, real=0.05 secs] 
38.940: [Full GC (Allocation Failure) 38.940: [Tenured: 20479K->20479K(20480K), 0.0448428 secs] 29695K->29655K(29696K), [Metaspace: 13269K->13269K(1060864K)], 0.0448775 secs] [Times: user=0.05 sys=0.00, real=0.04 secs] 
38.986: [Full GC (Allocation Failure) 38.986: [Tenured: 20479K->20479K(20480K), 0.0443825 secs] 29695K->29655K(29696K), [Metaspace: 13269K->13269K(1060864K)], 0.0444254 secs] [Times: user=0.04 sys=0.00, real=0.04 secs] 
39.031: [Full GC (Allocation Failure) 39.031: [Tenured: 20479K->20479K(20480K), 0.0463450 secs] 29695K->29655K(29696K), [Metaspace: 13269K->13269K(1060864K)], 0.0463824 secs] [Times: user=0.05 sys=0.00, real=0.04 secs] 
39.077: [Full GC (Allocation Failure) 39.077: [Tenured: 20479K->20479K(20480K), 0.0437421 secs] 29695K->29655K(29696K), [Metaspace: 13269K->13269K(1060864K)], 0.0437780 secs] [Times: user=0.04 sys=0.00, real=0.05 secs] 
39.121: [Full GC (Allocation Failure) 39.121: [Tenured: 20479K->20479K(20480K), 0.0450984 secs] 29695K->29658K(29696K), [Metaspace: 13269K->13269K(1060864K)], 0.0451345 secs] [Times: user=0.05 sys=0.00, real=0.04 secs] 
39.167: [Full GC (Allocation Failure) 39.167: [Tenured: 20479K->20479K(20480K), 0.0446519 secs] 29695K->29655K(29696K), [Metaspace: 13269K->13269K(1060864K)], 0.0446874 secs] [Times: user=0.05 sys=0.00, real=0.05 secs] 
39.212: [Full GC (Allocation Failure) 39.212: [Tenured: 20479K->20479K(20480K), 0.0442126 secs] 29695K->29655K(29696K), [Metaspace: 13269K->13269K(1060864K)], 0.0442476 secs] [Times: user=0.04 sys=0.00, real=0.04 secs] 
39.257: [Full GC (Allocation Failure) 39.257: [Tenured: 20479K->20479K(20480K), 0.0451410 secs] 29695K->29655K(29696K), [Metaspace: 13269K->13269K(1060864K)], 0.0451855 secs] [Times: user=0.04 sys=0.00, real=0.05 secs] 
39.302: [Full GC (Allocation Failure) 39.302: [Tenured: 20479K->20479K(20480K), 0.0440990 secs] 29695K->29655K(29696K), [Metaspace: 13269K->13269K(1060864K)], 0.0441368 secs] [Times: user=0.05 sys=0.00, real=0.04 secs] 
39.347: [Full GC (Allocation Failure) 39.347: [Tenured: 20479K->20479K(20480K), 0.0485541 secs] 29695K->29655K(29696K), [Metaspace: 13269K->13269K(1060864K)], 0.0485887 secs] [Times: user=0.05 sys=0.00, real=0.05 secs] 
39.396: [Full GC (Allocation Failure) 39.396: [Tenured: 20479K->20479K(20480K), 0.0460702 secs] 29695K->29655K(29696K), [Metaspace: 13269K->13269K(1060864K)], 0.0461046 secs] [Times: user=0.04 sys=0.00, real=0.05 secs] 
39.442: [Full GC (Allocation Failure) 39.442: [Tenured: 20479K->20479K(20480K), 0.0445351 secs] 29695K->29655K(29696K), [Metaspace: 13269K->13269K(1060864K)], 0.0445653 secs] [Times: user=0.04 sys=0.00, real=0.04 secs] 
39.487: [Full GC (Allocation Failure) 39.487: [Tenured: 20479K->20479K(20480K), 0.0581406 secs] 29695K->29655K(29696K), [Metaspace: 13269K->13269K(1060864K)], 0.0581794 secs] [Times: user=0.05 sys=0.00, real=0.06 secs] 
39.546: [Full GC (Allocation Failure) 39.546: [Tenured: 20479K->20479K(20480K), 0.0619473 secs] 29695K->29655K(29696K), [Metaspace: 13269K->13269K(1060864K)], 0.0619874 secs] [Times: user=0.06 sys=0.00, real=0.06 secs] 
39.608: [Full GC (Allocation Failure) 39.608: [Tenured: 20479K->20479K(20480K), 0.0551346 secs] 29695K->29655K(29696K), [Metaspace: 13269K->13269K(1060864K)], 0.0551792 secs] [Times: user=0.06 sys=0.00, real=0.06 secs] 
39.664: [Full GC (Allocation Failure) 39.664: [Tenured: 20479K->20479K(20480K), 0.0596344 secs] 29695K->29655K(29696K), [Metaspace: 13269K->13269K(1060864K)], 0.0596751 secs] [Times: user=0.06 sys=0.00, real=0.06 secs] 
39.724: [Full GC (Allocation Failure) 39.724: [Tenured: 20479K->20479K(20480K), 0.0459057 secs] 29695K->29655K(29696K), [Metaspace: 13269K->13269K(1060864K)], 0.0459363 secs] [Times: user=0.04 sys=0.00, real=0.04 secs] 
39.770: [Full GC (Allocation Failure) 39.770: [Tenured: 20479K->20479K(20480K), 0.0458231 secs] 29695K->29655K(29696K), [Metaspace: 13269K->13269K(1060864K)], 0.0458595 secs] [Times: user=0.05 sys=0.00, real=0.05 secs] 
39.816: [Full GC (Allocation Failure) 39.816: [Tenured: 20479K->20479K(20480K), 0.0466186 secs] 29695K->29655K(29696K), [Metaspace: 13269K->13269K(1060864K)], 0.0466526 secs] [Times: user=0.05 sys=0.00, real=0.05 secs] 
39.863: [Full GC (Allocation Failure) 39.863: [Tenured: 20479K->20479K(20480K), 0.0459988 secs] 29695K->29655K(29696K), [Metaspace: 13269K->13269K(1060864K)], 0.0460349 secs] [Times: user=0.04 sys=0.00, real=0.04 secs] 
39.910: [Full GC (Allocation Failure) 39.910: [Tenured: 20479K->20479K(20480K), 0.0454092 secs] 29695K->29655K(29696K), [Metaspace: 13269K->13269K(1060864K)], 0.0454482 secs] [Times: user=0.05 sys=0.00, real=0.05 secs] 
39.955: [Full GC (Allocation Failure) 39.955: [Tenured: 20479K->20479K(20480K), 0.0464861 secs] 29695K->29655K(29696K), [Metaspace: 13269K->13269K(1060864K)], 0.0465233 secs] [Times: user=0.05 sys=0.00, real=0.05 secs] 
40.002: [Full GC (Allocation Failure) 40.002: [Tenured: 20479K->20479K(20480K), 0.0443746 secs] 29695K->29655K(29696K), [Metaspace: 13269K->13269K(1060864K)], 0.0444098 secs] [Times: user=0.04 sys=0.00, real=0.04 secs] 
40.047: [Full GC (Allocation Failure) 40.047: [Tenured: 20479K->20479K(20480K), 0.0459535 secs] 29695K->29655K(29696K), [Metaspace: 13269K->13269K(1060864K)], 0.0459991 secs] [Times: user=0.05 sys=0.00, real=0.05 secs] 
40.093: [Full GC (Allocation Failure) 40.093: [Tenured: 20479K->20479K(20480K), 0.0450280 secs] 29695K->29655K(29696K), [Metaspace: 13269K->13269K(1060864K)], 0.0450638 secs] [Times: user=0.04 sys=0.00, real=0.05 secs] 
40.139: [Full GC (Allocation Failure) 40.139: [Tenured: 20479K->20479K(20480K), 0.0485760 secs] 29695K->29655K(29696K), [Metaspace: 13269K->13269K(1060864K)], 0.0486150 secs] [Times: user=0.05 sys=0.00, real=0.04 secs] 
40.188: [Full GC (Allocation Failure) 40.188: [Tenured: 20479K->20479K(20480K), 0.0460855 secs] 29695K->29655K(29696K), [Metaspace: 13269K->13269K(1060864K)], 0.0461249 secs] [Times: user=0.04 sys=0.00, real=0.05 secs] 
40.235: [Full GC (Allocation Failure) 40.235: [Tenured: 20479K->20479K(20480K), 0.0548070 secs] 29695K->29655K(29696K), [Metaspace: 13269K->13269K(1060864K)], 0.0548643 secs] [Times: user=0.05 sys=0.00, real=0.05 secs] 
40.290: [Full GC (Allocation Failure) 40.290: [Tenured: 20479K->20479K(20480K), 0.0536898 secs] 29695K->29655K(29696K), [Metaspace: 13269K->13269K(1060864K)], 0.0537234 secs] [Times: user=0.05 sys=0.00, real=0.06 secs] 
40.344: [Full GC (Allocation Failure) 40.344: [Tenured: 20479K->20479K(20480K), 0.0468015 secs] 29695K->29655K(29696K), [Metaspace: 13269K->13269K(1060864K)], 0.0468362 secs] [Times: user=0.05 sys=0.00, real=0.05 secs] 
40.391: [Full GC (Allocation Failure) 40.391: [Tenured: 20479K->20479K(20480K), 0.0473809 secs] 29695K->29655K(29696K), [Metaspace: 13269K->13269K(1060864K)], 0.0474215 secs] [Times: user=0.05 sys=0.00, real=0.05 secs] 
40.440: [Full GC (Allocation Failure) 40.440: [Tenured: 20479K->20479K(20480K), 0.0599080 secs] 29695K->29655K(29696K), [Metaspace: 13269K->13269K(1060864K)], 0.0599610 secs] [Times: user=0.06 sys=0.00, real=0.06 secs] 
40.500: [Full GC (Allocation Failure) 40.500: [Tenured: 20479K->20479K(20480K), 0.0490071 secs] 29695K->29655K(29696K), [Metaspace: 13269K->13269K(1060864K)], 0.0490447 secs] [Times: user=0.05 sys=0.00, real=0.04 secs] 
40.549: [Full GC (Allocation Failure) 40.549: [Tenured: 20479K->20479K(20480K), 0.0476521 secs] 29695K->29655K(29696K), [Metaspace: 13269K->13269K(1060864K)], 0.0476897 secs] [Times: user=0.04 sys=0.00, real=0.05 secs] 
40.597: [Full GC (Allocation Failure) 40.597: [Tenured: 20479K->20479K(20480K), 0.0567065 secs] 29695K->29655K(29696K), [Metaspace: 13269K->13269K(1060864K)], 0.0567412 secs] [Times: user=0.06 sys=0.00, real=0.06 secs] 
40.654: [Full GC (Allocation Failure) 40.654: [Tenured: 20479K->20479K(20480K), 0.0479649 secs] 29695K->29655K(29696K), [Metaspace: 13269K->13269K(1060864K)], 0.0479975 secs] [Times: user=0.05 sys=0.00, real=0.05 secs] 
40.703: [Full GC (Allocation Failure) 40.703: [Tenured: 20479K->20479K(20480K), 0.0498563 secs] 29695K->29655K(29696K), [Metaspace: 13269K->13269K(1060864K)], 0.0498901 secs] [Times: user=0.05 sys=0.00, real=0.05 secs] 
40.753: [Full GC (Allocation Failure) 40.753: [Tenured: 20479K->20479K(20480K), 0.0474690 secs] 29695K->29655K(29696K), [Metaspace: 13269K->13269K(1060864K)], 0.0475132 secs] [Times: user=0.04 sys=0.00, real=0.05 secs] 
40.801: [Full GC (Allocation Failure) 40.801: [Tenured: 20479K->20479K(20480K), 0.0544655 secs] 29695K->29655K(29696K), [Metaspace: 13269K->13269K(1060864K)], 0.0545111 secs] [Times: user=0.06 sys=0.00, real=0.05 secs] 
40.856: [Full GC (Allocation Failure) 40.856: [Tenured: 20479K->20479K(20480K), 0.0524983 secs] 29695K->29655K(29696K), [Metaspace: 13269K->13269K(1060864K)], 0.0525313 secs] [Times: user=0.05 sys=0.00, real=0.05 secs] 
40.909: [Full GC (Allocation Failure) 40.909: [Tenured: 20479K->20479K(20480K), 0.0479476 secs] 29695K->29655K(29696K), [Metaspace: 13269K->13269K(1060864K)], 0.0479833 secs] [Times: user=0.05 sys=0.00, real=0.05 secs] 
40.957: [Full GC (Allocation Failure) 40.957: [Tenured: 20479K->20479K(20480K), 0.0460791 secs] 29695K->29655K(29696K), [Metaspace: 13269K->13269K(1060864K)], 0.0461100 secs] [Times: user=0.05 sys=0.00, real=0.05 secs] 
41.004: [Full GC (Allocation Failure) 41.004: [Tenured: 20479K->20479K(20480K), 0.0488895 secs] 29695K->29655K(29696K), [Metaspace: 13269K->13269K(1060864K)], 0.0489198 secs] [Times: user=0.05 sys=0.00, real=0.05 secs] 
41.053: [Full GC (Allocation Failure) 41.053: [Tenured: 20479K->20479K(20480K), 0.0465601 secs] 29695K->29655K(29696K), [Metaspace: 13269K->13269K(1060864K)], 0.0465933 secs] [Times: user=0.04 sys=0.00, real=0.05 secs] 
41.100: [Full GC (Allocation Failure) 41.100: [Tenured: 20479K->20479K(20480K), 0.0468338 secs] 29695K->29655K(29696K), [Metaspace: 13269K->13269K(1060864K)], 0.0468728 secs] [Times: user=0.05 sys=0.00, real=0.04 secs] 
41.148: [Full GC (Allocation Failure) 41.148: [Tenured: 20479K->20479K(20480K), 0.0570219 secs] 29695K->29655K(29696K), [Metaspace: 13269K->13269K(1060864K)], 0.0570680 secs] [Times: user=0.05 sys=0.00, real=0.06 secs] 
41.205: [Full GC (Allocation Failure) 41.205: [Tenured: 20479K->20479K(20480K), 0.0475886 secs] 29695K->29655K(29696K), [Metaspace: 13269K->13269K(1060864K)], 0.0476260 secs] [Times: user=0.05 sys=0.00, real=0.05 secs] 
41.253: [Full GC (Allocation Failure) 41.253: [Tenured: 20479K->20479K(20480K), 0.0477256 secs] 29695K->29655K(29696K), [Metaspace: 13269K->13269K(1060864K)], 0.0477608 secs] [Times: user=0.05 sys=0.00, real=0.05 secs] 
41.301: [Full GC (Allocation Failure) 41.301: [Tenured: 20479K->20479K(20480K), 0.0442995 secs] 29695K->29655K(29696K), [Metaspace: 13269K->13269K(1060864K)], 0.0443349 secs] [Times: user=0.05 sys=0.00, real=0.04 secs] 
41.346: [Full GC (Allocation Failure) 41.346: [Tenured: 20479K->20479K(20480K), 0.0462645 secs] 29695K->29655K(29696K), [Metaspace: 13269K->13269K(1060864K)], 0.0463011 secs] [Times: user=0.04 sys=0.00, real=0.05 secs] 
41.393: [Full GC (Allocation Failure) 41.393: [Tenured: 20479K->20479K(20480K), 0.0469938 secs] 29695K->29655K(29696K), [Metaspace: 13269K->13269K(1060864K)], 0.0470399 secs] [Times: user=0.05 sys=0.00, real=0.05 secs] 
41.440: [Full GC (Allocation Failure) 41.440: [Tenured: 20479K->20479K(20480K), 0.0446667 secs] 29695K->29655K(29696K), [Metaspace: 13269K->13269K(1060864K)], 0.0447034 secs] [Times: user=0.04 sys=0.00, real=0.04 secs] 
41.485: [Full GC (Allocation Failure) 41.485: [Tenured: 20479K->20479K(20480K), 0.0453003 secs] 29695K->29655K(29696K), [Metaspace: 13269K->13269K(1060864K)], 0.0453503 secs] [Times: user=0.05 sys=0.00, real=0.05 secs] 
41.531: [Full GC (Allocation Failure) 41.531: [Tenured: 20479K->20479K(20480K), 0.0468383 secs] 29695K->29655K(29696K), [Metaspace: 13269K->13269K(1060864K)], 0.0468746 secs] [Times: user=0.05 sys=0.00, real=0.04 secs] 
41.578: [Full GC (Allocation Failure) 41.578: [Tenured: 20479K->20479K(20480K), 0.0445736 secs] 29695K->29655K(29696K), [Metaspace: 13269K->13269K(1060864K)], 0.0446090 secs] [Times: user=0.04 sys=0.00, real=0.05 secs] 
41.623: [Full GC (Allocation Failure) 41.623: [Tenured: 20479K->20479K(20480K), 0.0455660 secs] 29695K->29655K(29696K), [Metaspace: 13269K->13269K(1060864K)], 0.0456008 secs] [Times: user=0.05 sys=0.00, real=0.04 secs] 
41.669: [Full GC (Allocation Failure) 41.669: [Tenured: 20479K->20479K(20480K), 0.0451179 secs] 29695K->29655K(29696K), [Metaspace: 13269K->13269K(1060864K)], 0.0451556 secs] [Times: user=0.04 sys=0.00, real=0.05 secs] 
41.715: [Full GC (Allocation Failure) 41.715: [Tenured: 20479K->20479K(20480K), 0.0467497 secs] 29695K->29655K(29696K), [Metaspace: 13269K->13269K(1060864K)], 0.0467978 secs] [Times: user=0.05 sys=0.00, real=0.05 secs] 
41.762: [Full GC (Allocation Failure) 41.762: [Tenured: 20479K->20479K(20480K), 0.0470753 secs] 29695K->29655K(29696K), [Metaspace: 13269K->13269K(1060864K)], 0.0471199 secs] [Times: user=0.04 sys=0.00, real=0.04 secs] 
41.809: [Full GC (Allocation Failure) 41.809: [Tenured: 20479K->20479K(20480K), 0.0459492 secs] 29695K->29655K(29696K), [Metaspace: 13269K->13269K(1060864K)], 0.0460165 secs] [Times: user=0.05 sys=0.00, real=0.05 secs] 
41.856: [Full GC (Allocation Failure) 41.856: [Tenured: 20479K->20479K(20480K), 0.0449042 secs] 29695K->29655K(29696K), [Metaspace: 13269K->13269K(1060864K)], 0.0449612 secs] [Times: user=0.04 sys=0.00, real=0.05 secs] 
41.901: [Full GC (Allocation Failure) 41.902: [Tenured: 20479K->20479K(20480K), 0.0448348 secs] 29695K->29655K(29696K), [Metaspace: 13269K->13269K(1060864K)], 0.0448737 secs] [Times: user=0.04 sys=0.00, real=0.04 secs] 
41.947: [Full GC (Allocation Failure) 41.947: [Tenured: 20479K->20479K(20480K), 0.0468797 secs] 29695K->29655K(29696K), [Metaspace: 13269K->13269K(1060864K)], 0.0469198 secs] [Times: user=0.05 sys=0.00, real=0.05 secs] 
41.994: [Full GC (Allocation Failure) 41.994: [Tenured: 20479K->20479K(20480K), 0.0453245 secs] 29695K->29655K(29696K), [Metaspace: 13269K->13269K(1060864K)], 0.0453605 secs] [Times: user=0.04 sys=0.00, real=0.05 secs] 
42.040: [Full GC (Allocation Failure) 42.040: [Tenured: 20479K->20479K(20480K), 0.0489729 secs] 29695K->29655K(29696K), [Metaspace: 13269K->13269K(1060864K)], 0.0490056 secs] [Times: user=0.05 sys=0.00, real=0.04 secs] 
42.089: [Full GC (Allocation Failure) 42.089: [Tenured: 20479K->20479K(20480K), 0.0450902 secs] 29695K->29655K(29696K), [Metaspace: 13269K->13269K(1060864K)], 0.0451233 secs] [Times: user=0.05 sys=0.00, real=0.05 secs] 
42.134: [Full GC (Allocation Failure) 42.134: [Tenured: 20479K->20479K(20480K), 0.0448731 secs] 29695K->29655K(29696K), [Metaspace: 13269K->13269K(1060864K)], 0.0449065 secs] [Times: user=0.04 sys=0.00, real=0.05 secs] 
42.180: [Full GC (Allocation Failure) 42.180: [Tenured: 20479K->20479K(20480K), 0.0442217 secs] 29695K->29655K(29696K), [Metaspace: 13269K->13269K(1060864K)], 0.0442548 secs] [Times: user=0.05 sys=0.00, real=0.04 secs] 
42.224: [Full GC (Allocation Failure) 42.224: [Tenured: 20479K->20479K(20480K), 0.0499874 secs] 29695K->29655K(29696K), [Metaspace: 13269K->13269K(1060864K)], 0.0500255 secs] [Times: user=0.05 sys=0.00, real=0.05 secs] 
42.275: [Full GC (Allocation Failure) 42.275: [Tenured: 20479K->20479K(20480K), 0.0522484 secs] 29695K->29655K(29696K), [Metaspace: 13269K->13269K(1060864K)], 0.0523861 secs] [Times: user=0.05 sys=0.00, real=0.05 secs] 
42.328: [Full GC (Allocation Failure) 42.328: [Tenured: 20479K->20479K(20480K), 0.0597339 secs] 29695K->29655K(29696K), [Metaspace: 13269K->13269K(1060864K)], 0.0598109 secs] [Times: user=0.06 sys=0.00, real=0.06 secs] 
42.388: [Full GC (Allocation Failure) 42.388: [Tenured: 20479K->20479K(20480K), 0.0526432 secs] 29695K->29655K(29696K), [Metaspace: 13269K->13269K(1060864K)], 0.0526794 secs] [Times: user=0.05 sys=0.00, real=0.06 secs] 
42.441: [Full GC (Allocation Failure) 42.441: [Tenured: 20479K->20479K(20480K), 0.0456397 secs] 29695K->29655K(29696K), [Metaspace: 13269K->13269K(1060864K)], 0.0456759 secs] [Times: user=0.04 sys=0.00, real=0.04 secs] 
42.487: [Full GC (Allocation Failure) 42.487: [Tenured: 20479K->20479K(20480K), 0.0461800 secs] 29695K->29655K(29696K), [Metaspace: 13269K->13269K(1060864K)], 0.0462100 secs] [Times: user=0.04 sys=0.00, real=0.05 secs] 
42.533: [Full GC (Allocation Failure) 42.533: [Tenured: 20479K->20479K(20480K), 0.0444339 secs] 29695K->29655K(29696K), [Metaspace: 13269K->13269K(1060864K)], 0.0444668 secs] [Times: user=0.04 sys=0.00, real=0.04 secs] 
42.578: [Full GC (Allocation Failure) 42.578: [Tenured: 20479K->20479K(20480K), 0.0456436 secs] 29695K->29655K(29696K), [Metaspace: 13269K->13269K(1060864K)], 0.0456788 secs] [Times: user=0.05 sys=0.00, real=0.05 secs] 
42.624: [Full GC (Allocation Failure) 42.624: [Tenured: 20479K->20479K(20480K), 0.0444577 secs] 29695K->29655K(29696K), [Metaspace: 13269K->13269K(1060864K)], 0.0444912 secs] [Times: user=0.05 sys=0.00, real=0.04 secs] 
42.669: [Full GC (Allocation Failure) 42.669: [Tenured: 20479K->20479K(20480K), 0.0479013 secs] 29695K->29655K(29696K), [Metaspace: 13269K->13269K(1060864K)], 0.0479348 secs] [Times: user=0.04 sys=0.00, real=0.05 secs] 
42.717: [Full GC (Allocation Failure) 42.717: [Tenured: 20480K->20480K(20480K), 0.0452994 secs] 29695K->29655K(29696K), [Metaspace: 13269K->13269K(1060864K)], 0.0453464 secs] [Times: user=0.05 sys=0.00, real=0.05 secs] 
42.763: [Full GC (Allocation Failure) 42.763: [Tenured: 20480K->20480K(20480K), 0.0462111 secs] 29695K->29655K(29696K), [Metaspace: 13269K->13269K(1060864K)], 0.0462430 secs] [Times: user=0.05 sys=0.00, real=0.04 secs] 
42.809: [Full GC (Allocation Failure) 42.809: [Tenured: 20480K->20480K(20480K), 0.0498961 secs] 29695K->29655K(29696K), [Metaspace: 13269K->13269K(1060864K)], 0.0499938 secs] [Times: user=0.05 sys=0.00, real=0.06 secs] 
42.860: [Full GC (Allocation Failure) 42.860: [Tenured: 20480K->20479K(20480K), 0.0572660 secs] 29695K->29655K(29696K), [Metaspace: 13269K->13269K(1060864K)], 0.0573263 secs] [Times: user=0.05 sys=0.00, real=0.05 secs] 
42.917: [Full GC (Allocation Failure) 42.917: [Tenured: 20479K->20479K(20480K), 0.0539274 secs] 29695K->29655K(29696K), [Metaspace: 13269K->13269K(1060864K)], 0.0539707 secs] [Times: user=0.06 sys=0.00, real=0.06 secs] 
42.972: [Full GC (Allocation Failure) 42.972: [Tenured: 20479K->20479K(20480K), 0.0458995 secs] 29695K->29658K(29696K), [Metaspace: 13269K->13269K(1060864K)], 0.0459362 secs] [Times: user=0.04 sys=0.00, real=0.04 secs] 
43.018: [Full GC (Allocation Failure) 43.018: [Tenured: 20479K->20479K(20480K), 0.0450335 secs] 29695K->29655K(29696K), [Metaspace: 13269K->13269K(1060864K)], 0.0450616 secs] [Times: user=0.05 sys=0.00, real=0.05 secs] 
43.063: [Full GC (Allocation Failure) 43.063: [Tenured: 20479K->20479K(20480K), 0.0443020 secs] 29695K->29655K(29696K), [Metaspace: 13269K->13269K(1060864K)], 0.0443315 secs] [Times: user=0.05 sys=0.00, real=0.04 secs] 
43.108: [Full GC (Allocation Failure) 43.108: [Tenured: 20479K->20479K(20480K), 0.0452047 secs] 29695K->29655K(29696K), [Metaspace: 13269K->13269K(1060864K)], 0.0452340 secs] [Times: user=0.04 sys=0.00, real=0.05 secs] 
43.154: [Full GC (Allocation Failure) 43.154: [Tenured: 20479K->20479K(20480K), 0.0438407 secs] 29695K->29655K(29696K), [Metaspace: 13269K->13269K(1060864K)], 0.0438690 secs] [Times: user=0.04 sys=0.00, real=0.04 secs] 
43.198: [Full GC (Allocation Failure) 43.198: [Tenured: 20479K->20479K(20480K), 0.0446988 secs] 29695K->29655K(29696K), [Metaspace: 13269K->13269K(1060864K)], 0.0447290 secs] [Times: user=0.05 sys=0.00, real=0.05 secs] 
43.243: [Full GC (Allocation Failure) 43.243: [Tenured: 20479K->20479K(20480K), 0.0452864 secs] 29695K->29655K(29696K), [Metaspace: 13269K->13269K(1060864K)], 0.0453194 secs] [Times: user=0.05 sys=0.00, real=0.04 secs] 
43.289: [Full GC (Allocation Failure) 43.289: [Tenured: 20479K->20479K(20480K), 0.0441255 secs] 29695K->29655K(29696K), [Metaspace: 13269K->13269K(1060864K)], 0.0441581 secs] [Times: user=0.04 sys=0.00, real=0.05 secs] 
43.333: [Full GC (Allocation Failure) 43.333: [Tenured: 20479K->20479K(20480K), 0.0444126 secs] 29695K->29655K(29696K), [Metaspace: 13269K->13269K(1060864K)], 0.0444435 secs] [Times: user=0.04 sys=0.00, real=0.04 secs] 
43.378: [Full GC (Allocation Failure) 43.378: [Tenured: 20479K->20479K(20480K), 0.0502913 secs] 29695K->29655K(29696K), [Metaspace: 13269K->13269K(1060864K)], 0.0503198 secs] [Times: user=0.06 sys=0.00, real=0.05 secs] 
43.429: [Full GC (Allocation Failure) 43.429: [Tenured: 20479K->20479K(20480K), 0.0450368 secs] 29695K->29655K(29696K), [Metaspace: 13269K->13269K(1060864K)], 0.0450888 secs] [Times: user=0.04 sys=0.00, real=0.05 secs] 
43.474: [Full GC (Allocation Failure) 43.474: [Tenured: 20479K->20479K(20480K), 0.0460966 secs] 29695K->29655K(29696K), [Metaspace: 13269K->13269K(1060864K)], 0.0461384 secs] [Times: user=0.05 sys=0.00, real=0.05 secs] 
43.521: [Full GC (Allocation Failure) 43.521: [Tenured: 20479K->20479K(20480K), 0.0441171 secs] 29695K->29655K(29696K), [Metaspace: 13269K->13269K(1060864K)], 0.0441532 secs] [Times: user=0.04 sys=0.00, real=0.04 secs] 
43.565: [Full GC (Allocation Failure) 43.565: [Tenured: 20479K->20479K(20480K), 0.0462980 secs] 29695K->29655K(29696K), [Metaspace: 13269K->13269K(1060864K)], 0.0463335 secs] [Times: user=0.05 sys=0.00, real=0.05 secs] 
43.612: [Full GC (Allocation Failure) 43.612: [Tenured: 20479K->20479K(20480K), 0.0456841 secs] 29695K->29655K(29696K), [Metaspace: 13269K->13269K(1060864K)], 0.0457197 secs] [Times: user=0.04 sys=0.00, real=0.04 secs] 
43.658: [Full GC (Allocation Failure) 43.658: [Tenured: 20479K->20479K(20480K), 0.0450052 secs] 29695K->29655K(29696K), [Metaspace: 13269K->13269K(1060864K)], 0.0450364 secs] [Times: user=0.05 sys=0.00, real=0.05 secs] 
43.703: [Full GC (Allocation Failure) 43.703: [Tenured: 20479K->20479K(20480K), 0.0466605 secs] 29695K->29655K(29696K), [Metaspace: 13269K->13269K(1060864K)], 0.0466943 secs] [Times: user=0.05 sys=0.00, real=0.04 secs] 
43.751: [Full GC (Allocation Failure) 43.751: [Tenured: 20479K->20479K(20480K), 0.0452438 secs] 29695K->29655K(29696K), [Metaspace: 13269K->13269K(1060864K)], 0.0452786 secs] [Times: user=0.04 sys=0.00, real=0.04 secs] 
43.796: [Full GC (Allocation Failure) 43.796: [Tenured: 20479K->20479K(20480K), 0.0451528 secs] 29695K->29655K(29696K), [Metaspace: 13269K->13269K(1060864K)], 0.0451840 secs] [Times: user=0.05 sys=0.00, real=0.05 secs] 
43.842: [Full GC (Allocation Failure) 43.842: [Tenured: 20479K->20479K(20480K), 0.0437991 secs] 29695K->29655K(29696K), [Metaspace: 13269K->13269K(1060864K)], 0.0438284 secs] [Times: user=0.04 sys=0.00, real=0.04 secs] 
43.886: [Full GC (Allocation Failure) 43.886: [Tenured: 20479K->20479K(20480K), 0.0493731 secs] 29695K->29655K(29696K), [Metaspace: 13269K->13269K(1060864K)], 0.0494090 secs] [Times: user=0.05 sys=0.00, real=0.05 secs] 
43.936: [Full GC (Allocation Failure) 43.936: [Tenured: 20479K->20479K(20480K), 0.0464671 secs] 29695K->29655K(29696K), [Metaspace: 13269K->13269K(1060864K)], 0.0465005 secs] [Times: user=0.05 sys=0.00, real=0.05 secs] 
43.983: [Full GC (Allocation Failure) 43.983: [Tenured: 20479K->20479K(20480K), 0.0443089 secs] 29695K->29655K(29696K), [Metaspace: 13269K->13269K(1060864K)], 0.0443413 secs] [Times: user=0.04 sys=0.00, real=0.04 secs] 
44.027: [Full GC (Allocation Failure) 44.027: [Tenured: 20479K->20479K(20480K), 0.0471198 secs] 29695K->29655K(29696K), [Metaspace: 13269K->13269K(1060864K)], 0.0471629 secs] [Times: user=0.05 sys=0.00, real=0.05 secs] 
44.075: [Full GC (Allocation Failure) 44.075: [Tenured: 20479K->20479K(20480K), 0.0451496 secs] 29695K->29655K(29696K), [Metaspace: 13269K->13269K(1060864K)], 0.0451940 secs] [Times: user=0.04 sys=0.00, real=0.05 secs] 
44.120: [Full GC (Allocation Failure) 44.120: [Tenured: 20479K->20479K(20480K), 0.0446778 secs] 29695K->29655K(29696K), [Metaspace: 13269K->13269K(1060864K)], 0.0447122 secs] [Times: user=0.05 sys=0.00, real=0.04 secs] 
44.166: [Full GC (Allocation Failure) 44.166: [Tenured: 20479K->20479K(20480K), 0.0464123 secs] 29695K->29655K(29696K), [Metaspace: 13269K->13269K(1060864K)], 0.0464491 secs] [Times: user=0.05 sys=0.00, real=0.05 secs] 
44.212: [Full GC (Allocation Failure) 44.212: [Tenured: 20479K->20479K(20480K), 0.0464637 secs] 29695K->29655K(29696K), [Metaspace: 13269K->13269K(1060864K)], 0.0464961 secs] [Times: user=0.04 sys=0.00, real=0.05 secs] 
44.259: [Full GC (Allocation Failure) 44.259: [Tenured: 20479K->20479K(20480K), 0.0464652 secs] 29695K->29655K(29696K), [Metaspace: 13269K->13269K(1060864K)], 0.0465028 secs] [Times: user=0.05 sys=0.00, real=0.04 secs] 
44.306: [Full GC (Allocation Failure) 44.306: [Tenured: 20479K->20479K(20480K), 0.0444469 secs] 29695K->29655K(29696K), [Metaspace: 13269K->13269K(1060864K)], 0.0444822 secs] [Times: user=0.05 sys=0.00, real=0.05 secs] 
44.351: [Full GC (Allocation Failure) 44.351: [Tenured: 20479K->20479K(20480K), 0.0455823 secs] 29695K->29655K(29696K), [Metaspace: 13269K->13269K(1060864K)], 0.0456189 secs] [Times: user=0.04 sys=0.00, real=0.04 secs] 
44.397: [Full GC (Allocation Failure) 44.397: [Tenured: 20479K->20479K(20480K), 0.0450368 secs] 29695K->29655K(29696K), [Metaspace: 13269K->13269K(1060864K)], 0.0450744 secs] [Times: user=0.05 sys=0.00, real=0.05 secs] 
44.443: [Full GC (Allocation Failure) 44.443: [Tenured: 20479K->20479K(20480K), 0.0454756 secs] 29695K->29655K(29696K), [Metaspace: 13269K->13269K(1060864K)], 0.0455145 secs] [Times: user=0.04 sys=0.00, real=0.04 secs] 
44.488: [Full GC (Allocation Failure) 44.488: [Tenured: 20479K->20479K(20480K), 0.0442192 secs] 29695K->29655K(29696K), [Metaspace: 13269K->13269K(1060864K)], 0.0442486 secs] [Times: user=0.05 sys=0.00, real=0.05 secs] 
44.533: [Full GC (Allocation Failure) 44.533: [Tenured: 20479K->20479K(20480K), 0.0453725 secs] 29695K->29655K(29696K), [Metaspace: 13269K->13269K(1060864K)], 0.0454045 secs] [Times: user=0.04 sys=0.00, real=0.05 secs] 
44.579: [Full GC (Allocation Failure) 44.579: [Tenured: 20479K->20479K(20480K), 0.0446777 secs] 29695K->29655K(29696K), [Metaspace: 13269K->13269K(1060864K)], 0.0447116 secs] [Times: user=0.05 sys=0.00, real=0.04 secs] 
44.624: [Full GC (Allocation Failure) 44.624: [Tenured: 20479K->20479K(20480K), 0.0458173 secs] 29695K->29655K(29696K), [Metaspace: 13269K->13269K(1060864K)], 0.0458490 secs] [Times: user=0.05 sys=0.00, real=0.04 secs] 
44.670: [Full GC (Allocation Failure) 44.670: [Tenured: 20479K->20479K(20480K), 0.0450662 secs] 29695K->29655K(29696K), [Metaspace: 13269K->13269K(1060864K)], 0.0450993 secs] [Times: user=0.04 sys=0.00, real=0.05 secs] 
44.716: [Full GC (Allocation Failure) 44.716: [Tenured: 20479K->20479K(20480K), 0.0460526 secs] 29695K->29655K(29696K), [Metaspace: 13269K->13269K(1060864K)], 0.0460865 secs] [Times: user=0.05 sys=0.00, real=0.05 secs] 
44.762: [Full GC (Allocation Failure) 44.762: [Tenured: 20479K->20479K(20480K), 0.0448435 secs] 29695K->29655K(29696K), [Metaspace: 13269K->13269K(1060864K)], 0.0448770 secs] [Times: user=0.04 sys=0.00, real=0.04 secs] 
44.807: [Full GC (Allocation Failure) 44.807: [Tenured: 20479K->20479K(20480K), 0.0453274 secs] 29695K->29655K(29696K), [Metaspace: 13269K->13269K(1060864K)], 0.0453616 secs] [Times: user=0.05 sys=0.00, real=0.05 secs] 
44.853: [Full GC (Allocation Failure) 44.853: [Tenured: 20479K->20479K(20480K), 0.0465371 secs] 29695K->29655K(29696K), [Metaspace: 13269K->13269K(1060864K)], 0.0465695 secs] [Times: user=0.04 sys=0.00, real=0.05 secs] 
44.900: [Full GC (Allocation Failure) 44.900: [Tenured: 20479K->20479K(20480K), 0.0451662 secs] 29695K->29655K(29696K), [Metaspace: 13269K->13269K(1060864K)], 0.0452002 secs] [Times: user=0.05 sys=0.00, real=0.04 secs] 
44.946: [Full GC (Allocation Failure) 44.946: [Tenured: 20479K->20479K(20480K), 0.0455328 secs] 29695K->29655K(29696K), [Metaspace: 13269K->13269K(1060864K)], 0.0455661 secs] [Times: user=0.05 sys=0.00, real=0.05 secs] 
44.991: [Full GC (Allocation Failure) 44.991: [Tenured: 20479K->20479K(20480K), 0.0444441 secs] 29695K->29655K(29696K), [Metaspace: 13269K->13269K(1060864K)], 0.0444753 secs] [Times: user=0.04 sys=0.00, real=0.04 secs] 
45.036: [Full GC (Allocation Failure) 45.036: [Tenured: 20479K->20479K(20480K), 0.0454264 secs] 29695K->29655K(29696K), [Metaspace: 13269K->13269K(1060864K)], 0.0454675 secs] [Times: user=0.05 sys=0.00, real=0.05 secs] 
45.082: [Full GC (Allocation Failure) 45.082: [Tenured: 20479K->20479K(20480K), 0.0457691 secs] 29695K->29655K(29696K), [Metaspace: 13269K->13269K(1060864K)], 0.0458016 secs] [Times: user=0.04 sys=0.00, real=0.04 secs] 
45.128: [Full GC (Allocation Failure) 45.128: [Tenured: 20479K->20479K(20480K), 0.0453355 secs] 29695K->29655K(29696K), [Metaspace: 13269K->13269K(1060864K)], 0.0453669 secs] [Times: user=0.05 sys=0.00, real=0.05 secs] 
45.174: [Full GC (Allocation Failure) 45.174: [Tenured: 20479K->20479K(20480K), 0.0445249 secs] 29695K->29655K(29696K), [Metaspace: 13269K->13269K(1060864K)], 0.0445577 secs] [Times: user=0.04 sys=0.00, real=0.05 secs] 
45.219: [Full GC (Allocation Failure) 45.219: [Tenured: 20479K->20479K(20480K), 0.0461841 secs] 29695K->29655K(29696K), [Metaspace: 13269K->13269K(1060864K)], 0.0462193 secs] [Times: user=0.05 sys=0.00, real=0.04 secs] 
45.266: [Full GC (Allocation Failure) 45.266: [Tenured: 20479K->20479K(20480K), 0.0458799 secs] 29695K->29655K(29696K), [Metaspace: 13269K->13269K(1060864K)], 0.0459147 secs] [Times: user=0.05 sys=0.00, real=0.05 secs] 
45.312: [Full GC (Allocation Failure) 45.312: [Tenured: 20479K->20479K(20480K), 0.0449717 secs] 29695K->29655K(29696K), [Metaspace: 13269K->13269K(1060864K)], 0.0450106 secs] [Times: user=0.04 sys=0.00, real=0.04 secs] 
45.357: [Full GC (Allocation Failure) 45.357: [Tenured: 20479K->20479K(20480K), 0.0458784 secs] 29695K->29655K(29696K), [Metaspace: 13269K->13269K(1060864K)], 0.0459106 secs] [Times: user=0.05 sys=0.00, real=0.05 secs] 
45.404: [Full GC (Allocation Failure) 45.404: [Tenured: 20479K->20479K(20480K), 0.0450452 secs] 29695K->29655K(29696K), [Metaspace: 13269K->13269K(1060864K)], 0.0450785 secs] [Times: user=0.04 sys=0.00, real=0.04 secs] 
45.449: [Full GC (Allocation Failure) 45.449: [Tenured: 20479K->20479K(20480K), 0.0444436 secs] 29695K->29655K(29696K), [Metaspace: 13269K->13269K(1060864K)], 0.0444772 secs] [Times: user=0.05 sys=0.00, real=0.05 secs] 
45.494: [Full GC (Allocation Failure) 45.494: [Tenured: 20479K->20479K(20480K), 0.0465246 secs] 29695K->29655K(29696K), [Metaspace: 13269K->13269K(1060864K)], 0.0465790 secs] [Times: user=0.04 sys=0.00, real=0.05 secs] 
45.541: [Full GC (Allocation Failure) 45.541: [Tenured: 20479K->20479K(20480K), 0.0447515 secs] 29695K->29655K(29696K), [Metaspace: 13269K->13269K(1060864K)], 0.0447952 secs] [Times: user=0.05 sys=0.00, real=0.04 secs] 
45.586: [Full GC (Allocation Failure) 45.586: [Tenured: 20479K->20479K(20480K), 0.0462532 secs] 29695K->29655K(29696K), [Metaspace: 13269K->13269K(1060864K)], 0.0462900 secs] [Times: user=0.05 sys=0.00, real=0.05 secs] 
45.633: [Full GC (Allocation Failure) 45.633: [Tenured: 20479K->20479K(20480K), 0.0453730 secs] 29695K->29655K(29696K), [Metaspace: 13269K->13269K(1060864K)], 0.0454129 secs] [Times: user=0.04 sys=0.00, real=0.04 secs] 
45.679: [Full GC (Allocation Failure) 45.679: [Tenured: 20479K->20479K(20480K), 0.0455593 secs] 29695K->29655K(29696K), [Metaspace: 13269K->13269K(1060864K)], 0.0455937 secs] [Times: user=0.05 sys=0.00, real=0.04 secs] 
45.725: [Full GC (Allocation Failure) 45.725: [Tenured: 20479K->20479K(20480K), 0.0448756 secs] 29695K->29655K(29696K), [Metaspace: 13269K->13269K(1060864K)], 0.0449149 secs] [Times: user=0.05 sys=0.00, real=0.04 secs] 
45.770: [Full GC (Allocation Failure) 45.770: [Tenured: 20479K->20479K(20480K), 0.0444890 secs] 29695K->29655K(29696K), [Metaspace: 13269K->13269K(1060864K)], 0.0445236 secs] [Times: user=0.04 sys=0.00, real=0.05 secs] 
45.815: [Full GC (Allocation Failure) 45.815: [Tenured: 20479K->20479K(20480K), 0.0454985 secs] 29695K->29655K(29696K), [Metaspace: 13269K->13269K(1060864K)], 0.0455352 secs] [Times: user=0.04 sys=0.00, real=0.05 secs] 
45.861: [Full GC (Allocation Failure) 45.861: [Tenured: 20479K->20479K(20480K), 0.0453477 secs] 29695K->29655K(29696K), [Metaspace: 13269K->13269K(1060864K)], 0.0453816 secs] [Times: user=0.05 sys=0.00, real=0.04 secs] 
45.906: [Full GC (Allocation Failure) 45.906: [Tenured: 20479K->20479K(20480K), 0.0444995 secs] 29695K->29655K(29696K), [Metaspace: 13269K->13269K(1060864K)], 0.0445303 secs] [Times: user=0.05 sys=0.00, real=0.05 secs] 
45.951: [Full GC (Allocation Failure) 45.951: [Tenured: 20479K->20479K(20480K), 0.0444390 secs] 29695K->29655K(29696K), [Metaspace: 13269K->13269K(1060864K)], 0.0444707 secs] [Times: user=0.04 sys=0.00, real=0.04 secs] 
45.996: [Full GC (Allocation Failure) 45.996: [Tenured: 20479K->20479K(20480K), 0.0454601 secs] 29695K->29655K(29696K), [Metaspace: 13269K->13269K(1060864K)], 0.0454893 secs] [Times: user=0.05 sys=0.00, real=0.05 secs] 
46.042: [Full GC (Allocation Failure) 46.042: [Tenured: 20479K->20479K(20480K), 0.0448395 secs] 29695K->29655K(29696K), [Metaspace: 13269K->13269K(1060864K)], 0.0448672 secs] [Times: user=0.04 sys=0.00, real=0.04 secs] 
46.087: [Full GC (Allocation Failure) 46.087: [Tenured: 20479K->20479K(20480K), 0.0438830 secs] 29695K->29655K(29696K), [Metaspace: 13269K->13269K(1060864K)], 0.0439133 secs] [Times: user=0.05 sys=0.00, real=0.05 secs] 
46.131: [Full GC (Allocation Failure) 46.131: [Tenured: 20479K->20479K(20480K), 0.0442912 secs] 29695K->29655K(29696K), [Metaspace: 13269K->13269K(1060864K)], 0.0443212 secs] [Times: user=0.04 sys=0.00, real=0.04 secs] 
46.176: [Full GC (Allocation Failure) 46.176: [Tenured: 20479K->20479K(20480K), 0.0455360 secs] 29695K->29655K(29696K), [Metaspace: 13269K->13269K(1060864K)], 0.0455646 secs] [Times: user=0.05 sys=0.00, real=0.05 secs] 
46.222: [Full GC (Allocation Failure) 46.222: [Tenured: 20479K->20479K(20480K), 0.0438868 secs] 29695K->29655K(29696K), [Metaspace: 13269K->13269K(1060864K)], 0.0439168 secs] [Times: user=0.04 sys=0.00, real=0.04 secs] 
46.266: [Full GC (Allocation Failure) 46.266: [Tenured: 20479K->20479K(20480K), 0.0454284 secs] 29695K->29655K(29696K), [Metaspace: 13269K->13269K(1060864K)], 0.0454588 secs] [Times: user=0.05 sys=0.00, real=0.05 secs] 
46.312: [Full GC (Allocation Failure) 46.312: [Tenured: 20479K->20479K(20480K), 0.0442298 secs] 29695K->29655K(29696K), [Metaspace: 13269K->13269K(1060864K)], 0.0442704 secs] [Times: user=0.04 sys=0.00, real=0.04 secs] 
46.357: [Full GC (Allocation Failure) 46.357: [Tenured: 20479K->20479K(20480K), 0.0441616 secs] 29695K->29659K(29696K), [Metaspace: 13269K->13269K(1060864K)], 0.0441915 secs] [Times: user=0.04 sys=0.00, real=0.05 secs] 
46.401: [Full GC (Allocation Failure) 46.401: [Tenured: 20479K->20479K(20480K), 0.0445586 secs] 29695K->29655K(29696K), [Metaspace: 13269K->13269K(1060864K)], 0.0445889 secs] [Times: user=0.04 sys=0.00, real=0.04 secs] 
46.446: [Full GC (Allocation Failure) 46.446: [Tenured: 20479K->20479K(20480K), 0.0446219 secs] 29695K->29655K(29696K), [Metaspace: 13269K->13269K(1060864K)], 0.0446510 secs] [Times: user=0.05 sys=0.00, real=0.05 secs] 
46.491: [Full GC (Allocation Failure) 46.491: [Tenured: 20479K->20479K(20480K), 0.0437153 secs] 29695K->29655K(29696K), [Metaspace: 13269K->13269K(1060864K)], 0.0437466 secs] [Times: user=0.04 sys=0.00, real=0.04 secs] 
46.535: [Full GC (Allocation Failure) 46.535: [Tenured: 20479K->20479K(20480K), 0.0449010 secs] 29695K->29655K(29696K), [Metaspace: 13269K->13269K(1060864K)], 0.0449335 secs] [Times: user=0.04 sys=0.00, real=0.05 secs] 
46.581: [Full GC (Allocation Failure) 46.581: [Tenured: 20479K->20479K(20480K), 0.0457901 secs] 29695K->29655K(29696K), [Metaspace: 13269K->13269K(1060864K)], 0.0458241 secs] [Times: user=0.05 sys=0.00, real=0.04 secs] 
46.627: [Full GC (Allocation Failure) 46.627: [Tenured: 20479K->20479K(20480K), 0.0450122 secs] 29695K->29655K(29696K), [Metaspace: 13269K->13269K(1060864K)], 0.0450467 secs] [Times: user=0.05 sys=0.00, real=0.05 secs] 
46.672: [Full GC (Allocation Failure) 46.672: [Tenured: 20479K->20479K(20480K), 0.0461496 secs] 29695K->29655K(29696K), [Metaspace: 13269K->13269K(1060864K)], 0.0461857 secs] [Times: user=0.04 sys=0.00, real=0.05 secs] 
46.719: [Full GC (Allocation Failure) 46.719: [Tenured: 20479K->20479K(20480K), 0.0449472 secs] 29695K->29655K(29696K), [Metaspace: 13269K->13269K(1060864K)], 0.0449815 secs] [Times: user=0.05 sys=0.00, real=0.04 secs] 
46.764: [Full GC (Allocation Failure) 46.764: [Tenured: 20479K->20479K(20480K), 0.0458139 secs] 29695K->29655K(29696K), [Metaspace: 13269K->13269K(1060864K)], 0.0458468 secs] [Times: user=0.05 sys=0.00, real=0.04 secs] 
46.810: [Full GC (Allocation Failure) 46.810: [Tenured: 20479K->20479K(20480K), 0.0450272 secs] 29695K->29655K(29696K), [Metaspace: 13269K->13269K(1060864K)], 0.0450590 secs] [Times: user=0.04 sys=0.00, real=0.05 secs] 
46.856: [Full GC (Allocation Failure) 46.856: [Tenured: 20479K->20479K(20480K), 0.0459295 secs] 29695K->29655K(29696K), [Metaspace: 13269K->13269K(1060864K)], 0.0459674 secs] [Times: user=0.05 sys=0.00, real=0.05 secs] 
46.902: [Full GC (Allocation Failure) 46.902: [Tenured: 20479K->20479K(20480K), 0.0454634 secs] 29695K->29655K(29696K), [Metaspace: 13269K->13269K(1060864K)], 0.0454994 secs] [Times: user=0.04 sys=0.00, real=0.04 secs] 
46.948: [Full GC (Allocation Failure) 46.948: [Tenured: 20479K->20479K(20480K), 0.0453504 secs] 29695K->29655K(29696K), [Metaspace: 13269K->13269K(1060864K)], 0.0453855 secs] [Times: user=0.05 sys=0.00, real=0.05 secs] 
46.994: [Full GC (Allocation Failure) 46.994: [Tenured: 20479K->20479K(20480K), 0.0444324 secs] 29695K->29655K(29696K), [Metaspace: 13269K->13269K(1060864K)], 0.0444643 secs] [Times: user=0.04 sys=0.00, real=0.04 secs] 
47.039: [Full GC (Allocation Failure) 47.039: [Tenured: 20479K->20479K(20480K), 0.0451404 secs] 29695K->29655K(29696K), [Metaspace: 13269K->13269K(1060864K)], 0.0451728 secs] [Times: user=0.04 sys=0.01, real=0.04 secs] 
47.084: [Full GC (Allocation Failure) 47.084: [Tenured: 20479K->20479K(20480K), 0.0446278 secs] 29695K->29655K(29696K), [Metaspace: 13269K->13269K(1060864K)], 0.0446583 secs] [Times: user=0.05 sys=0.00, real=0.04 secs] 
47.129: [Full GC (Allocation Failure) 47.129: [Tenured: 20479K->20479K(20480K), 0.0448728 secs] 29695K->29655K(29696K), [Metaspace: 13269K->13269K(1060864K)], 0.0449062 secs] [Times: user=0.05 sys=0.00, real=0.05 secs] 
47.174: [Full GC (Allocation Failure) 47.174: [Tenured: 20479K->20479K(20480K), 0.0455561 secs] 29695K->29655K(29696K), [Metaspace: 13269K->13269K(1060864K)], 0.0455885 secs] [Times: user=0.04 sys=0.00, real=0.05 secs] 
47.220: [Full GC (Allocation Failure) 47.220: [Tenured: 20479K->20479K(20480K), 0.0454841 secs] 29695K->29655K(29696K), [Metaspace: 13269K->13269K(1060864K)], 0.0455240 secs] [Times: user=0.05 sys=0.00, real=0.04 secs] 
47.266: [Full GC (Allocation Failure) 47.266: [Tenured: 20479K->20479K(20480K), 0.0451484 secs] 29695K->29655K(29696K), [Metaspace: 13269K->13269K(1060864K)], 0.0451826 secs] [Times: user=0.04 sys=0.00, real=0.05 secs] 
47.312: [Full GC (Allocation Failure) 47.312: [Tenured: 20479K->20479K(20480K), 0.0452906 secs] 29695K->29655K(29696K), [Metaspace: 13269K->13269K(1060864K)], 0.0453319 secs] [Times: user=0.05 sys=0.00, real=0.04 secs] 
47.358: [Full GC (Allocation Failure) 47.358: [Tenured: 20479K->20479K(20480K), 0.0447997 secs] 29695K->29655K(29696K), [Metaspace: 13269K->13269K(1060864K)], 0.0448303 secs] [Times: user=0.04 sys=0.00, real=0.05 secs] 
47.403: [Full GC (Allocation Failure) 47.403: [Tenured: 20479K->20479K(20480K), 0.0452872 secs] 29695K->29655K(29696K), [Metaspace: 13269K->13269K(1060864K)], 0.0453198 secs] [Times: user=0.05 sys=0.00, real=0.04 secs] 
47.448: [Full GC (Allocation Failure) 47.448: [Tenured: 20479K->20479K(20480K), 0.0456905 secs] 29695K->29655K(29696K), [Metaspace: 13269K->13269K(1060864K)], 0.0457224 secs] [Times: user=0.05 sys=0.00, real=0.05 secs] 
47.495: [Full GC (Allocation Failure) 47.495: [Tenured: 20479K->20479K(20480K), 0.0449094 secs] 29695K->29655K(29696K), [Metaspace: 13269K->13269K(1060864K)], 0.0449453 secs] [Times: user=0.04 sys=0.00, real=0.05 secs] 
47.540: [Full GC (Allocation Failure) 47.540: [Tenured: 20479K->20479K(20480K), 0.0456601 secs] 29695K->29655K(29696K), [Metaspace: 13269K->13269K(1060864K)], 0.0456966 secs] [Times: user=0.05 sys=0.00, real=0.04 secs] 
47.586: [Full GC (Allocation Failure) 47.586: [Tenured: 20479K->20479K(20480K), 0.0469168 secs] 29695K->29655K(29696K), [Metaspace: 13269K->13269K(1060864K)], 0.0469501 secs] [Times: user=0.05 sys=0.00, real=0.05 secs] 
47.633: [Full GC (Allocation Failure) 47.633: [Tenured: 20479K->20479K(20480K), 0.0450105 secs] 29695K->29655K(29696K), [Metaspace: 13269K->13269K(1060864K)], 0.0450416 secs] [Times: user=0.04 sys=0.00, real=0.05 secs] 
47.679: [Full GC (Allocation Failure) 47.679: [Tenured: 20479K->20479K(20480K), 0.0452118 secs] 29695K->29655K(29696K), [Metaspace: 13269K->13269K(1060864K)], 0.0452537 secs] [Times: user=0.04 sys=0.00, real=0.04 secs] 
47.725: [Full GC (Allocation Failure) 47.725: [Tenured: 20479K->20479K(20480K), 0.0459201 secs] 29695K->29655K(29696K), [Metaspace: 13269K->13269K(1060864K)], 0.0459546 secs] [Times: user=0.05 sys=0.00, real=0.05 secs] 
47.771: [Full GC (Allocation Failure) 47.771: [Tenured: 20479K->20479K(20480K), 0.0441778 secs] 29695K->29655K(29696K), [Metaspace: 13269K->13269K(1060864K)], 0.0442108 secs] [Times: user=0.05 sys=0.00, real=0.04 secs] 
47.816: [Full GC (Allocation Failure) 47.816: [Tenured: 20479K->20479K(20480K), 0.0450198 secs] 29695K->29655K(29696K), [Metaspace: 13269K->13269K(1060864K)], 0.0450552 secs] [Times: user=0.04 sys=0.00, real=0.05 secs] 
47.861: [Full GC (Allocation Failure) 47.861: [Tenured: 20479K->20479K(20480K), 0.0461846 secs] 29695K->29655K(29696K), [Metaspace: 13269K->13269K(1060864K)], 0.0462223 secs] [Times: user=0.05 sys=0.00, real=0.04 secs] 
47.908: [Full GC (Allocation Failure) 47.908: [Tenured: 20479K->20479K(20480K), 0.0455747 secs] 29695K->29655K(29696K), [Metaspace: 13269K->13269K(1060864K)], 0.0456118 secs] [Times: user=0.05 sys=0.00, real=0.05 secs] 
47.954: [Full GC (Allocation Failure) 47.954: [Tenured: 20479K->20479K(20480K), 0.0446013 secs] 29695K->29655K(29696K), [Metaspace: 13271K->13271K(1060864K)], 0.0446395 secs] [Times: user=0.04 sys=0.00, real=0.05 secs] 
47.999: [Full GC (Allocation Failure) 47.999: [Tenured: 20479K->20479K(20480K), 0.0466863 secs] 29695K->29655K(29696K), [Metaspace: 13271K->13271K(1060864K)], 0.0467270 secs] [Times: user=0.05 sys=0.00, real=0.04 secs] 
48.046: [Full GC (Allocation Failure) 48.046: [Tenured: 20479K->20479K(20480K), 0.0466640 secs] 29695K->29655K(29696K), [Metaspace: 13271K->13271K(1060864K)], 0.0467010 secs] [Times: user=0.05 sys=0.00, real=0.05 secs] 
48.093: [Full GC (Allocation Failure) 48.093: [Tenured: 20479K->20479K(20480K), 0.0463179 secs] 29695K->29655K(29696K), [Metaspace: 13271K->13271K(1060864K)], 0.0463549 secs] [Times: user=0.04 sys=0.00, real=0.05 secs] 
48.140: [Full GC (Allocation Failure) 48.140: [Tenured: 20479K->20479K(20480K), 0.0457403 secs] 29695K->29655K(29696K), [Metaspace: 13271K->13271K(1060864K)], 0.0457765 secs] [Times: user=0.05 sys=0.00, real=0.04 secs] 
48.186: [Full GC (Allocation Failure) 48.186: [Tenured: 20479K->20479K(20480K), 0.0459729 secs] 29695K->29655K(29696K), [Metaspace: 13271K->13271K(1060864K)], 0.0460061 secs] [Times: user=0.04 sys=0.00, real=0.05 secs] 
48.232: [Full GC (Allocation Failure) 48.232: [Tenured: 20479K->20479K(20480K), 0.0454835 secs] 29695K->29655K(29696K), [Metaspace: 13271K->13271K(1060864K)], 0.0455166 secs] [Times: user=0.04 sys=0.00, real=0.04 secs] 
48.278: [Full GC (Allocation Failure) 48.278: [Tenured: 20479K->20479K(20480K), 0.0451808 secs] 29695K->29655K(29696K), [Metaspace: 13271K->13271K(1060864K)], 0.0452156 secs] [Times: user=0.04 sys=0.00, real=0.04 secs] 
48.324: [Full GC (Allocation Failure) 48.324: [Tenured: 20479K->20479K(20480K), 0.0451367 secs] 29695K->29655K(29696K), [Metaspace: 13271K->13271K(1060864K)], 0.0451783 secs] [Times: user=0.05 sys=0.00, real=0.04 secs] 
48.370: [Full GC (Allocation Failure) 48.370: [Tenured: 20479K->20479K(20480K), 0.0455060 secs] 29695K->29655K(29696K), [Metaspace: 13271K->13271K(1060864K)], 0.0455435 secs] [Times: user=0.05 sys=0.00, real=0.05 secs] 
48.416: [Full GC (Allocation Failure) 48.416: [Tenured: 20479K->20479K(20480K), 0.0447259 secs] 29695K->29655K(29696K), [Metaspace: 13271K->13271K(1060864K)], 0.0447817 secs] [Times: user=0.04 sys=0.00, real=0.05 secs] 
48.461: [Full GC (Allocation Failure) 48.461: [Tenured: 20479K->20479K(20480K), 0.0450502 secs] 29695K->29655K(29696K), [Metaspace: 13271K->13271K(1060864K)], 0.0450853 secs] [Times: user=0.05 sys=0.00, real=0.04 secs] 
48.506: [Full GC (Allocation Failure) 48.506: [Tenured: 20479K->20479K(20480K), 0.0459143 secs] 29695K->29655K(29696K), [Metaspace: 13271K->13271K(1060864K)], 0.0459518 secs] [Times: user=0.04 sys=0.00, real=0.05 secs] 
48.552: [Full GC (Allocation Failure) 48.552: [Tenured: 20479K->20479K(20480K), 0.0471265 secs] 29695K->29655K(29696K), [Metaspace: 13271K->13271K(1060864K)], 0.0471622 secs] [Times: user=0.05 sys=0.00, real=0.05 secs] 
48.600: [Full GC (Allocation Failure) 48.600: [Tenured: 20479K->20479K(20480K), 0.0446302 secs] 29695K->29655K(29696K), [Metaspace: 13271K->13271K(1060864K)], 0.0446661 secs] [Times: user=0.04 sys=0.00, real=0.04 secs] 
48.645: [Full GC (Allocation Failure) 48.645: [Tenured: 20479K->20479K(20480K), 0.0448554 secs] 29695K->29655K(29696K), [Metaspace: 13271K->13271K(1060864K)], 0.0448921 secs] [Times: user=0.04 sys=0.00, real=0.04 secs] 
48.690: [Full GC (Allocation Failure) 48.690: [Tenured: 20479K->20479K(20480K), 0.0448098 secs] 29695K->29655K(29696K), [Metaspace: 13271K->13271K(1060864K)], 0.0448639 secs] [Times: user=0.05 sys=0.00, real=0.05 secs] 
48.735: [Full GC (Allocation Failure) 48.735: [Tenured: 20479K->20479K(20480K), 0.0450069 secs] 29695K->29655K(29696K), [Metaspace: 13271K->13271K(1060864K)], 0.0450425 secs] [Times: user=0.04 sys=0.00, real=0.05 secs] 
48.781: [Full GC (Allocation Failure) 48.781: [Tenured: 20479K->20479K(20480K), 0.0456911 secs] 29695K->29655K(29696K), [Metaspace: 13271K->13271K(1060864K)], 0.0457264 secs] [Times: user=0.05 sys=0.00, real=0.04 secs] 
48.827: [Full GC (Allocation Failure) 48.827: [Tenured: 20479K->20479K(20480K), 0.0452658 secs] 29695K->29655K(29696K), [Metaspace: 13271K->13271K(1060864K)], 0.0453011 secs] [Times: user=0.04 sys=0.00, real=0.05 secs] 
48.873: [Full GC (Allocation Failure) 48.873: [Tenured: 20479K->20479K(20480K), 0.0453294 secs] 29695K->29655K(29696K), [Metaspace: 13271K->13271K(1060864K)], 0.0453583 secs] [Times: user=0.05 sys=0.00, real=0.04 secs] 
48.918: [Full GC (Allocation Failure) 48.918: [Tenured: 20479K->20479K(20480K), 0.0456826 secs] 29695K->29655K(29696K), [Metaspace: 13271K->13271K(1060864K)], 0.0457161 secs] [Times: user=0.04 sys=0.00, real=0.04 secs] 
48.965: [Full GC (Allocation Failure) 48.965: [Tenured: 20479K->20479K(20480K), 0.0440496 secs] 29695K->29655K(29696K), [Metaspace: 13271K->13271K(1060864K)], 0.0440839 secs] [Times: user=0.05 sys=0.00, real=0.04 secs] 
49.009: [Full GC (Allocation Failure) 49.009: [Tenured: 20479K->20479K(20480K), 0.0454598 secs] 29695K->29655K(29696K), [Metaspace: 13271K->13271K(1060864K)], 0.0454941 secs] [Times: user=0.05 sys=0.00, real=0.05 secs] 
49.055: [Full GC (Allocation Failure) 49.055: [Tenured: 20479K->20479K(20480K), 0.0451755 secs] 29695K->29655K(29696K), [Metaspace: 13271K->13271K(1060864K)], 0.0452103 secs] [Times: user=0.04 sys=0.00, real=0.05 secs] 
49.100: [Full GC (Allocation Failure) 49.100: [Tenured: 20479K->20479K(20480K), 0.0443798 secs] 29695K->29655K(29696K), [Metaspace: 13271K->13271K(1060864K)], 0.0444149 secs] [Times: user=0.04 sys=0.00, real=0.04 secs] 
49.145: [Full GC (Allocation Failure) 49.145: [Tenured: 20479K->20479K(20480K), 0.0456837 secs] 29695K->29655K(29696K), [Metaspace: 13271K->13271K(1060864K)], 0.0457172 secs] [Times: user=0.05 sys=0.00, real=0.05 secs] 
49.191: [Full GC (Allocation Failure) 49.191: [Tenured: 20479K->20479K(20480K), 0.0449143 secs] 29695K->29655K(29696K), [Metaspace: 13271K->13271K(1060864K)], 0.0449509 secs] [Times: user=0.05 sys=0.00, real=0.04 secs] 
49.237: [Full GC (Allocation Failure) 49.237: [Tenured: 20479K->20479K(20480K), 0.0460583 secs] 29695K->29655K(29696K), [Metaspace: 13271K->13271K(1060864K)], 0.0460970 secs] [Times: user=0.04 sys=0.00, real=0.05 secs] 
49.283: [Full GC (Allocation Failure) 49.283: [Tenured: 20479K->20479K(20480K), 0.0455804 secs] 29695K->29655K(29696K), [Metaspace: 13271K->13271K(1060864K)], 0.0456163 secs] [Times: user=0.05 sys=0.00, real=0.04 secs] 
49.329: [Full GC (Allocation Failure) 49.329: [Tenured: 20479K->20479K(20480K), 0.0450832 secs] 29695K->29655K(29696K), [Metaspace: 13271K->13271K(1060864K)], 0.0451188 secs] [Times: user=0.05 sys=0.00, real=0.05 secs] 
49.375: [Full GC (Allocation Failure) 49.375: [Tenured: 20479K->20479K(20480K), 0.0441004 secs] 29695K->29655K(29696K), [Metaspace: 13271K->13271K(1060864K)], 0.0441330 secs] [Times: user=0.04 sys=0.00, real=0.05 secs] 
49.419: [Full GC (Allocation Failure) 49.419: [Tenured: 20479K->20479K(20480K), 0.0454448 secs] 29695K->29655K(29696K), [Metaspace: 13271K->13271K(1060864K)], 0.0454810 secs] [Times: user=0.04 sys=0.00, real=0.04 secs] 
49.465: [Full GC (Allocation Failure) 49.465: [Tenured: 20479K->20479K(20480K), 0.0445980 secs] 29695K->29655K(29696K), [Metaspace: 13271K->13271K(1060864K)], 0.0446330 secs] [Times: user=0.05 sys=0.00, real=0.04 secs] 
49.510: [Full GC (Allocation Failure) 49.510: [Tenured: 20479K->20479K(20480K), 0.0461483 secs] 29695K->29655K(29696K), [Metaspace: 13271K->13271K(1060864K)], 0.0461827 secs] [Times: user=0.05 sys=0.00, real=0.05 secs] 
49.557: [Full GC (Allocation Failure) 49.557: [Tenured: 20479K->20479K(20480K), 0.0459513 secs] 29695K->29655K(29696K), [Metaspace: 13271K->13271K(1060864K)], 0.0459841 secs] [Times: user=0.04 sys=0.00, real=0.05 secs] 
49.603: [Full GC (Allocation Failure) 49.603: [Tenured: 20479K->20479K(20480K), 0.0448687 secs] 29695K->29655K(29696K), [Metaspace: 13271K->13271K(1060864K)], 0.0449023 secs] [Times: user=0.05 sys=0.00, real=0.04 secs] 
49.648: [Full GC (Allocation Failure) 49.648: [Tenured: 20479K->20479K(20480K), 0.0448570 secs] 29695K->29655K(29696K), [Metaspace: 13271K->13271K(1060864K)], 0.0448921 secs] [Times: user=0.04 sys=0.00, real=0.05 secs] 
49.694: [Full GC (Allocation Failure) 49.694: [Tenured: 20479K->20479K(20480K), 0.0448167 secs] 29695K->29655K(29696K), [Metaspace: 13271K->13271K(1060864K)], 0.0448627 secs] [Times: user=0.05 sys=0.00, real=0.05 secs] 
49.739: [Full GC (Allocation Failure) 49.739: [Tenured: 20479K->20479K(20480K), 0.0456428 secs] 29695K->29655K(29696K), [Metaspace: 13271K->13271K(1060864K)], 0.0456858 secs] [Times: user=0.04 sys=0.00, real=0.04 secs] 
49.785: [Full GC (Allocation Failure) 49.785: [Tenured: 20479K->20479K(20480K), 0.0458798 secs] 29695K->29655K(29696K), [Metaspace: 13271K->13271K(1060864K)], 0.0459182 secs] [Times: user=0.05 sys=0.00, real=0.05 secs] 
49.831: [Full GC (Allocation Failure) 49.831: [Tenured: 20479K->20479K(20480K), 0.0462384 secs] 29695K->29655K(29696K), [Metaspace: 13271K->13271K(1060864K)], 0.0462720 secs] [Times: user=0.05 sys=0.00, real=0.04 secs] 
49.878: [Full GC (Allocation Failure) 49.878: [Tenured: 20479K->20479K(20480K), 0.0454841 secs] 29695K->29655K(29696K), [Metaspace: 13271K->13271K(1060864K)], 0.0455147 secs] [Times: user=0.04 sys=0.00, real=0.05 secs] 
49.924: [Full GC (Allocation Failure) 49.924: [Tenured: 20479K->20479K(20480K), 0.0446008 secs] 29695K->29655K(29696K), [Metaspace: 13271K->13271K(1060864K)], 0.0446327 secs] [Times: user=0.05 sys=0.00, real=0.04 secs] 
49.969: [Full GC (Allocation Failure) 49.969: [Tenured: 20479K->20479K(20480K), 0.0452654 secs] 29695K->29659K(29696K), [Metaspace: 13271K->13271K(1060864K)], 0.0452977 secs] [Times: user=0.05 sys=0.00, real=0.05 secs] 
50.014: [Full GC (Allocation Failure) 50.014: [Tenured: 20479K->20479K(20480K), 0.0450656 secs] 29695K->29655K(29696K), [Metaspace: 13271K->13271K(1060864K)], 0.0450989 secs] [Times: user=0.04 sys=0.00, real=0.05 secs] 
50.060: [Full GC (Allocation Failure) 50.060: [Tenured: 20479K->20479K(20480K), 0.0454513 secs] 29695K->29655K(29696K), [Metaspace: 13271K->13271K(1060864K)], 0.0454842 secs] [Times: user=0.04 sys=0.00, real=0.04 secs] 
50.106: [Full GC (Allocation Failure) 50.106: [Tenured: 20479K->20479K(20480K), 0.0459044 secs] 29695K->29655K(29696K), [Metaspace: 13271K->13271K(1060864K)], 0.0459374 secs] [Times: user=0.05 sys=0.00, real=0.05 secs] 
50.152: [Full GC (Allocation Failure) 50.152: [Tenured: 20479K->20479K(20480K), 0.0456705 secs] 29695K->29655K(29696K), [Metaspace: 13271K->13271K(1060864K)], 0.0457082 secs] [Times: user=0.05 sys=0.00, real=0.04 secs] 
50.198: [Full GC (Allocation Failure) 50.198: [Tenured: 20479K->20479K(20480K), 0.0444218 secs] 29695K->29655K(29696K), [Metaspace: 13271K->13271K(1060864K)], 0.0444590 secs] [Times: user=0.04 sys=0.00, real=0.05 secs] 
50.243: [Full GC (Allocation Failure) 50.243: [Tenured: 20479K->20479K(20480K), 0.0455248 secs] 29695K->29655K(29696K), [Metaspace: 13271K->13271K(1060864K)], 0.0455595 secs] [Times: user=0.05 sys=0.00, real=0.04 secs] 
50.289: [Full GC (Allocation Failure) 50.289: [Tenured: 20479K->20479K(20480K), 0.0449823 secs] 29695K->29655K(29696K), [Metaspace: 13271K->13271K(1060864K)], 0.0450261 secs] [Times: user=0.05 sys=0.00, real=0.05 secs] 
50.334: [Full GC (Allocation Failure) 50.334: [Tenured: 20479K->20479K(20480K), 0.0440838 secs] 29695K->29655K(29696K), [Metaspace: 13271K->13271K(1060864K)], 0.0441159 secs] [Times: user=0.04 sys=0.00, real=0.05 secs] 
50.379: [Full GC (Allocation Failure) 50.379: [Tenured: 20479K->20479K(20480K), 0.0447965 secs] 29695K->29655K(29696K), [Metaspace: 13271K->13271K(1060864K)], 0.0448309 secs] [Times: user=0.04 sys=0.00, real=0.04 secs] 
50.424: [Full GC (Allocation Failure) 50.424: [Tenured: 20479K->20479K(20480K), 0.0441972 secs] 29695K->29655K(29696K), [Metaspace: 13271K->13271K(1060864K)], 0.0442297 secs] [Times: user=0.05 sys=0.00, real=0.04 secs] 
50.468: [Full GC (Allocation Failure) 50.468: [Tenured: 20479K->20479K(20480K), 0.0457195 secs] 29695K->29655K(29696K), [Metaspace: 13271K->13271K(1060864K)], 0.0457519 secs] [Times: user=0.05 sys=0.00, real=0.05 secs] 
50.515: [Full GC (Allocation Failure) 50.515: [Tenured: 20479K->20479K(20480K), 0.0462670 secs] 29695K->29655K(29696K), [Metaspace: 13271K->13271K(1060864K)], 0.0463130 secs] [Times: user=0.04 sys=0.00, real=0.05 secs] 
50.564: [Full GC (Allocation Failure) 50.564: [Tenured: 20479K->20479K(20480K), 0.0445789 secs] 29695K->29655K(29696K), [Metaspace: 13271K->13271K(1060864K)], 0.0446116 secs] [Times: user=0.05 sys=0.00, real=0.04 secs] 
50.609: [Full GC (Allocation Failure) 50.609: [Tenured: 20479K->20479K(20480K), 0.0459256 secs] 29695K->29655K(29696K), [Metaspace: 13271K->13271K(1060864K)], 0.0459631 secs] [Times: user=0.04 sys=0.00, real=0.05 secs] 
50.655: [Full GC (Allocation Failure) 50.655: [Tenured: 20479K->20479K(20480K), 0.0446304 secs] 29695K->29655K(29696K), [Metaspace: 13271K->13271K(1060864K)], 0.0446647 secs] [Times: user=0.05 sys=0.00, real=0.05 secs] 
50.700: [Full GC (Allocation Failure) 50.700: [Tenured: 20479K->20479K(20480K), 0.0470708 secs] 29695K->29655K(29696K), [Metaspace: 13271K->13271K(1060864K)], 0.0471054 secs] [Times: user=0.04 sys=0.00, real=0.04 secs] 
50.748: [Full GC (Allocation Failure) 50.748: [Tenured: 20479K->20479K(20480K), 0.0454078 secs] 29695K->29655K(29696K), [Metaspace: 13271K->13271K(1060864K)], 0.0454406 secs] [Times: user=0.05 sys=0.00, real=0.05 secs] 
50.794: [Full GC (Allocation Failure) 50.794: [Tenured: 20479K->20479K(20480K), 0.0463886 secs] 29695K->29655K(29696K), [Metaspace: 13271K->13271K(1060864K)], 0.0464297 secs] [Times: user=0.05 sys=0.00, real=0.05 secs] 
50.841: [Full GC (Allocation Failure) 50.841: [Tenured: 20479K->20479K(20480K), 0.0461477 secs] 29695K->29655K(29696K), [Metaspace: 13271K->13271K(1060864K)], 0.0461820 secs] [Times: user=0.04 sys=0.00, real=0.04 secs] 
50.887: [Full GC (Allocation Failure) 50.887: [Tenured: 20479K->20479K(20480K), 0.0445186 secs] 29695K->29655K(29696K), [Metaspace: 13271K->13271K(1060864K)], 0.0445558 secs] [Times: user=0.05 sys=0.00, real=0.05 secs] 
50.932: [Full GC (Allocation Failure) 50.932: [Tenured: 20479K->20479K(20480K), 0.0457277 secs] 29695K->29655K(29696K), [Metaspace: 13271K->13271K(1060864K)], 0.0457635 secs] [Times: user=0.05 sys=0.00, real=0.04 secs] 
50.978: [Full GC (Allocation Failure) 50.978: [Tenured: 20479K->20479K(20480K), 0.0454708 secs] 29695K->29655K(29696K), [Metaspace: 13271K->13271K(1060864K)], 0.0455063 secs] [Times: user=0.04 sys=0.00, real=0.05 secs] 
51.024: [Full GC (Allocation Failure) 51.024: [Tenured: 20479K->20479K(20480K), 0.0450167 secs] 29695K->29655K(29696K), [Metaspace: 13271K->13271K(1060864K)], 0.0450532 secs] [Times: user=0.05 sys=0.00, real=0.04 secs] 
51.069: [Full GC (Allocation Failure) 51.069: [Tenured: 20479K->20479K(20480K), 0.0455701 secs] 29695K->29655K(29696K), [Metaspace: 13271K->13271K(1060864K)], 0.0456053 secs] [Times: user=0.04 sys=0.00, real=0.05 secs] 
51.115: [Full GC (Allocation Failure) 51.115: [Tenured: 20479K->20479K(20480K), 0.0458579 secs] 29695K->29655K(29696K), [Metaspace: 13271K->13271K(1060864K)], 0.0458943 secs] [Times: user=0.05 sys=0.00, real=0.05 secs] 
51.162: [Full GC (Allocation Failure) 51.162: [Tenured: 20479K->20479K(20480K), 0.0447135 secs] 29695K->29655K(29696K), [Metaspace: 13271K->13271K(1060864K)], 0.0447490 secs] [Times: user=0.04 sys=0.00, real=0.04 secs] 
51.207: [Full GC (Allocation Failure) 51.207: [Tenured: 20479K->20479K(20480K), 0.0453210 secs] 29695K->29655K(29696K), [Metaspace: 13271K->13271K(1060864K)], 0.0453537 secs] [Times: user=0.05 sys=0.00, real=0.05 secs] 
51.253: [Full GC (Allocation Failure) 51.253: [Tenured: 20479K->20479K(20480K), 0.0459468 secs] 29695K->29655K(29696K), [Metaspace: 13271K->13271K(1060864K)], 0.0459810 secs] [Times: user=0.05 sys=0.00, real=0.05 secs] 
51.299: [Full GC (Allocation Failure) 51.299: [Tenured: 20479K->20479K(20480K), 0.0463247 secs] 29695K->29655K(29696K), [Metaspace: 13271K->13271K(1060864K)], 0.0463554 secs] [Times: user=0.04 sys=0.00, real=0.04 secs] 
51.346: [Full GC (Allocation Failure) 51.346: [Tenured: 20479K->20479K(20480K), 0.0456433 secs] 29695K->29655K(29696K), [Metaspace: 13271K->13271K(1060864K)], 0.0456825 secs] [Times: user=0.05 sys=0.00, real=0.05 secs] 
51.392: [Full GC (Allocation Failure) 51.392: [Tenured: 20479K->20479K(20480K), 0.0460838 secs] 29695K->29655K(29696K), [Metaspace: 13271K->13271K(1060864K)], 0.0461235 secs] [Times: user=0.05 sys=0.00, real=0.04 secs] 
51.438: [Full GC (Allocation Failure) 51.438: [Tenured: 20479K->20479K(20480K), 0.0453404 secs] 29695K->29655K(29696K), [Metaspace: 13271K->13271K(1060864K)], 0.0453715 secs] [Times: user=0.04 sys=0.00, real=0.05 secs] 
51.484: [Full GC (Allocation Failure) 51.484: [Tenured: 20479K->20479K(20480K), 0.0455924 secs] 29695K->29655K(29696K), [Metaspace: 13271K->13271K(1060864K)], 0.0456359 secs] [Times: user=0.05 sys=0.00, real=0.04 secs] 
51.530: [Full GC (Allocation Failure) 51.530: [Tenured: 20479K->20479K(20480K), 0.0446431 secs] 29695K->29655K(29696K), [Metaspace: 13271K->13271K(1060864K)], 0.0446749 secs] [Times: user=0.04 sys=0.00, real=0.05 secs] 
51.575: [Full GC (Allocation Failure) 51.575: [Tenured: 20479K->20479K(20480K), 0.0452248 secs] 29695K->29655K(29696K), [Metaspace: 13271K->13271K(1060864K)], 0.0452574 secs] [Times: user=0.05 sys=0.00, real=0.05 secs] 
51.621: [Full GC (Allocation Failure) 51.621: [Tenured: 20479K->20479K(20480K), 0.0446047 secs] 29695K->29655K(29696K), [Metaspace: 13271K->13271K(1060864K)], 0.0446396 secs] [Times: user=0.04 sys=0.00, real=0.04 secs] 
51.666: [Full GC (Allocation Failure) 51.666: [Tenured: 20479K->20479K(20480K), 0.0451450 secs] 29695K->29655K(29696K), [Metaspace: 13271K->13271K(1060864K)], 0.0451771 secs] [Times: user=0.05 sys=0.00, real=0.05 secs] 
51.711: [Full GC (Allocation Failure) 51.711: [Tenured: 20479K->20479K(20480K), 0.0458343 secs] 29695K->29655K(29696K), [Metaspace: 13271K->13271K(1060864K)], 0.0458679 secs] [Times: user=0.05 sys=0.00, real=0.04 secs] 
51.757: [Full GC (Allocation Failure) 51.757: [Tenured: 20479K->20479K(20480K), 0.0460043 secs] 29695K->29655K(29696K), [Metaspace: 13271K->13271K(1060864K)], 0.0460371 secs] [Times: user=0.04 sys=0.00, real=0.05 secs] 
51.804: [Full GC (Allocation Failure) 51.804: [Tenured: 20479K->20479K(20480K), 0.0457955 secs] 29695K->29655K(29696K), [Metaspace: 13271K->13271K(1060864K)], 0.0458267 secs] [Times: user=0.05 sys=0.00, real=0.04 secs] 
51.850: [Full GC (Allocation Failure) 51.850: [Tenured: 20479K->20479K(20480K), 0.0444788 secs] 29695K->29655K(29696K), [Metaspace: 13271K->13271K(1060864K)], 0.0445115 secs] [Times: user=0.04 sys=0.00, real=0.05 secs] 
51.895: [Full GC (Allocation Failure) 51.895: [Tenured: 20479K->20479K(20480K), 0.0454031 secs] 29695K->29655K(29696K), [Metaspace: 13271K->13271K(1060864K)], 0.0454346 secs] [Times: user=0.05 sys=0.00, real=0.05 secs] 
51.941: [Full GC (Allocation Failure) 51.941: [Tenured: 20479K->20479K(20480K), 0.0452611 secs] 29695K->29655K(29696K), [Metaspace: 13271K->13271K(1060864K)], 0.0452957 secs] [Times: user=0.04 sys=0.00, real=0.04 secs] 
51.986: [Full GC (Allocation Failure) 51.986: [Tenured: 20479K->20479K(20480K), 0.0458781 secs] 29695K->29655K(29696K), [Metaspace: 13271K->13271K(1060864K)], 0.0459105 secs] [Times: user=0.05 sys=0.00, real=0.05 secs] 
52.033: [Full GC (Allocation Failure) 52.033: [Tenured: 20479K->20479K(20480K), 0.0454495 secs] 29695K->29655K(29696K), [Metaspace: 13271K->13271K(1060864K)], 0.0454833 secs] [Times: user=0.05 sys=0.00, real=0.04 secs] 
52.078: [Full GC (Allocation Failure) 52.078: [Tenured: 20479K->20479K(20480K), 0.0456698 secs] 29695K->29655K(29696K), [Metaspace: 13271K->13271K(1060864K)], 0.0457030 secs] [Times: user=0.04 sys=0.00, real=0.04 secs] 
52.124: [Full GC (Allocation Failure) 52.124: [Tenured: 20479K->20479K(20480K), 0.0451482 secs] 29695K->29655K(29696K), [Metaspace: 13271K->13271K(1060864K)], 0.0451787 secs] [Times: user=0.05 sys=0.00, real=0.04 secs] 
52.170: [Full GC (Allocation Failure) 52.170: [Tenured: 20479K->20479K(20480K), 0.0466079 secs] 29695K->29655K(29696K), [Metaspace: 13271K->13271K(1060864K)], 0.0466419 secs] [Times: user=0.05 sys=0.00, real=0.05 secs] 
52.217: [Full GC (Allocation Failure) 52.217: [Tenured: 20479K->20479K(20480K), 0.0444231 secs] 29695K->29655K(29696K), [Metaspace: 13271K->13271K(1060864K)], 0.0444560 secs] [Times: user=0.04 sys=0.00, real=0.05 secs] 
52.262: [Full GC (Allocation Failure) 52.262: [Tenured: 20479K->20479K(20480K), 0.0460911 secs] 29695K->29655K(29696K), [Metaspace: 13271K->13271K(1060864K)], 0.0461205 secs] [Times: user=0.04 sys=0.00, real=0.04 secs] 
52.308: [Full GC (Allocation Failure) 52.308: [Tenured: 20479K->20479K(20480K), 0.0461117 secs] 29695K->29655K(29696K), [Metaspace: 13271K->13271K(1060864K)], 0.0461445 secs] [Times: user=0.04 sys=0.00, real=0.05 secs] 
52.355: [Full GC (Allocation Failure) 52.355: [Tenured: 20479K->20479K(20480K), 0.0453660 secs] 29695K->29655K(29696K), [Metaspace: 13271K->13271K(1060864K)], 0.0453984 secs] [Times: user=0.05 sys=0.00, real=0.05 secs] 
52.400: [Full GC (Allocation Failure) 52.401: [Tenured: 20479K->20479K(20480K), 0.0453341 secs] 29695K->29655K(29696K), [Metaspace: 13271K->13271K(1060864K)], 0.0453684 secs] [Times: user=0.04 sys=0.00, real=0.04 secs] 
52.446: [Full GC (Allocation Failure) 52.446: [Tenured: 20479K->20479K(20480K), 0.0462139 secs] 29695K->29655K(29696K), [Metaspace: 13271K->13271K(1060864K)], 0.0462481 secs] [Times: user=0.05 sys=0.00, real=0.05 secs] 
52.493: [Full GC (Allocation Failure) 52.493: [Tenured: 20479K->20479K(20480K), 0.0444075 secs] 29695K->29655K(29696K), [Metaspace: 13271K->13271K(1060864K)], 0.0444417 secs] [Times: user=0.05 sys=0.00, real=0.04 secs] 
52.538: [Full GC (Allocation Failure) 52.538: [Tenured: 20479K->20479K(20480K), 0.0449297 secs] 29695K->29655K(29696K), [Metaspace: 13271K->13271K(1060864K)], 0.0449619 secs] [Times: user=0.04 sys=0.00, real=0.05 secs] 
52.583: [Full GC (Allocation Failure) 52.583: [Tenured: 20479K->20479K(20480K), 0.0447731 secs] 29695K->29655K(29696K), [Metaspace: 13271K->13271K(1060864K)], 0.0448578 secs] [Times: user=0.05 sys=0.00, real=0.04 secs] 
52.628: [Full GC (Allocation Failure) 52.628: [Tenured: 20479K->20479K(20480K), 0.0444924 secs] 29695K->29655K(29696K), [Metaspace: 13271K->13271K(1060864K)], 0.0445283 secs] [Times: user=0.04 sys=0.00, real=0.05 secs] 
52.673: [Full GC (Allocation Failure) 52.673: [Tenured: 20479K->20479K(20480K), 0.0466632 secs] 29695K->29655K(29696K), [Metaspace: 13271K->13271K(1060864K)], 0.0466952 secs] [Times: user=0.05 sys=0.00, real=0.05 secs] 
52.720: [Full GC (Allocation Failure) 52.720: [Tenured: 20479K->20479K(20480K), 0.0454506 secs] 29695K->29655K(29696K), [Metaspace: 13271K->13271K(1060864K)], 0.0454834 secs] [Times: user=0.04 sys=0.00, real=0.04 secs] 
52.766: [Full GC (Allocation Failure) 52.766: [Tenured: 20479K->20479K(20480K), 0.0455041 secs] 29695K->29655K(29696K), [Metaspace: 13271K->13271K(1060864K)], 0.0455377 secs] [Times: user=0.05 sys=0.00, real=0.05 secs] 
52.812: [Full GC (Allocation Failure) 52.812: [Tenured: 20479K->20479K(20480K), 0.0446731 secs] 29695K->29655K(29696K), [Metaspace: 13271K->13271K(1060864K)], 0.0447072 secs] [Times: user=0.05 sys=0.00, real=0.04 secs] 
52.857: [Full GC (Allocation Failure) 52.857: [Tenured: 20479K->20479K(20480K), 0.0452188 secs] 29695K->29655K(29696K), [Metaspace: 13271K->13271K(1060864K)], 0.0452502 secs] [Times: user=0.04 sys=0.00, real=0.05 secs] 
52.903: [Full GC (Allocation Failure) 52.903: [Tenured: 20479K->20479K(20480K), 0.0452634 secs] 29695K->29655K(29696K), [Metaspace: 13271K->13271K(1060864K)], 0.0453177 secs] [Times: user=0.05 sys=0.00, real=0.04 secs] 
52.949: [Full GC (Allocation Failure) 52.949: [Tenured: 20479K->20479K(20480K), 0.0462320 secs] 29695K->29655K(29696K), [Metaspace: 13271K->13271K(1060864K)], 0.0462796 secs] [Times: user=0.04 sys=0.00, real=0.05 secs] 
52.995: [Full GC (Allocation Failure) 52.995: [Tenured: 20479K->20479K(20480K), 0.0461037 secs] 29695K->29655K(29696K), [Metaspace: 13271K->13271K(1060864K)], 0.0461460 secs] [Times: user=0.05 sys=0.00, real=0.05 secs] 
53.042: [Full GC (Allocation Failure) 53.042: [Tenured: 20479K->20479K(20480K), 0.0470948 secs] 29695K->29655K(29696K), [Metaspace: 13271K->13271K(1060864K)], 0.0471355 secs] [Times: user=0.05 sys=0.00, real=0.04 secs] 
53.089: [Full GC (Allocation Failure) 53.089: [Tenured: 20479K->20479K(20480K), 0.0465920 secs] 29695K->29655K(29696K), [Metaspace: 13271K->13271K(1060864K)], 0.0466277 secs] [Times: user=0.04 sys=0.00, real=0.05 secs] 
53.136: [Full GC (Allocation Failure) 53.136: [Tenured: 20479K->20479K(20480K), 0.0452741 secs] 29695K->29655K(29696K), [Metaspace: 13271K->13271K(1060864K)], 0.0453073 secs] [Times: user=0.04 sys=0.00, real=0.05 secs] 
53.182: [Full GC (Allocation Failure) 53.182: [Tenured: 20479K->20479K(20480K), 0.0446441 secs] 29695K->29655K(29696K), [Metaspace: 13271K->13271K(1060864K)], 0.0446833 secs] [Times: user=0.04 sys=0.00, real=0.04 secs] 
53.227: [Full GC (Allocation Failure) 53.227: [Tenured: 20479K->20479K(20480K), 0.0452360 secs] 29695K->29655K(29696K), [Metaspace: 13271K->13271K(1060864K)], 0.0452697 secs] [Times: user=0.05 sys=0.00, real=0.05 secs] 
53.273: [Full GC (Allocation Failure) 53.273: [Tenured: 20479K->20479K(20480K), 0.0462030 secs] 29695K->29655K(29696K), [Metaspace: 13271K->13271K(1060864K)], 0.0462383 secs] [Times: user=0.05 sys=0.00, real=0.05 secs] 
53.319: [Full GC (Allocation Failure) 53.319: [Tenured: 20479K->20479K(20480K), 0.0455161 secs] 29695K->29655K(29696K), [Metaspace: 13271K->13271K(1060864K)], 0.0455472 secs] [Times: user=0.04 sys=0.00, real=0.04 secs] 
53.365: [Full GC (Allocation Failure) 53.365: [Tenured: 20479K->20479K(20480K), 0.0454196 secs] 29695K->29655K(29696K), [Metaspace: 13271K->13271K(1060864K)], 0.0454523 secs] [Times: user=0.05 sys=0.00, real=0.05 secs] 
53.411: [Full GC (Allocation Failure) 53.411: [Tenured: 20479K->20479K(20480K), 0.0459520 secs] 29695K->29655K(29696K), [Metaspace: 13271K->13271K(1060864K)], 0.0459962 secs] [Times: user=0.05 sys=0.00, real=0.04 secs] 
53.458: [Full GC (Allocation Failure) 53.458: [Tenured: 20479K->20479K(20480K), 0.0448100 secs] 29695K->29655K(29696K), [Metaspace: 13271K->13271K(1060864K)], 0.0448432 secs] [Times: user=0.04 sys=0.00, real=0.05 secs] 
53.503: [Full GC (Allocation Failure) 53.503: [Tenured: 20479K->20479K(20480K), 0.0454766 secs] 29695K->29655K(29696K), [Metaspace: 13271K->13271K(1060864K)], 0.0455104 secs] [Times: user=0.05 sys=0.00, real=0.04 secs] 
53.549: [Full GC (Allocation Failure) 53.549: [Tenured: 20479K->20479K(20480K), 0.0457046 secs] 29695K->29655K(29696K), [Metaspace: 13271K->13271K(1060864K)], 0.0457375 secs] [Times: user=0.04 sys=0.00, real=0.05 secs] 
53.595: [Full GC (Allocation Failure) 53.595: [Tenured: 20479K->20479K(20480K), 0.0450320 secs] 29695K->29658K(29696K), [Metaspace: 13271K->13271K(1060864K)], 0.0450636 secs] [Times: user=0.05 sys=0.00, real=0.05 secs] 
53.640: [Full GC (Allocation Failure) 53.640: [Tenured: 20479K->20479K(20480K), 0.0453919 secs] 29695K->29655K(29696K), [Metaspace: 13271K->13271K(1060864K)], 0.0454276 secs] [Times: user=0.04 sys=0.00, real=0.04 secs] 
53.686: [Full GC (Allocation Failure) 53.686: [Tenured: 20479K->20479K(20480K), 0.0448049 secs] 29695K->29655K(29696K), [Metaspace: 13271K->13271K(1060864K)], 0.0448383 secs] [Times: user=0.05 sys=0.00, real=0.05 secs] 
53.731: [Full GC (Allocation Failure) 53.731: [Tenured: 20479K->20479K(20480K), 0.0466843 secs] 29695K->29655K(29696K), [Metaspace: 13271K->13271K(1060864K)], 0.0467152 secs] [Times: user=0.05 sys=0.00, real=0.04 secs] 
53.778: [Full GC (Allocation Failure) 53.778: [Tenured: 20479K->20479K(20480K), 0.0448500 secs] 29695K->29655K(29696K), [Metaspace: 13271K->13271K(1060864K)], 0.0448820 secs] [Times: user=0.04 sys=0.00, real=0.05 secs] 
53.823: [Full GC (Allocation Failure) 53.823: [Tenured: 20479K->20479K(20480K), 0.0456578 secs] 29695K->29655K(29696K), [Metaspace: 13271K->13271K(1060864K)], 0.0457164 secs] [Times: user=0.05 sys=0.00, real=0.04 secs] 
53.870: [Full GC (Allocation Failure) 53.870: [Tenured: 20479K->20479K(20480K), 0.0452224 secs] 29695K->29655K(29696K), [Metaspace: 13271K->13271K(1060864K)], 0.0452526 secs] [Times: user=0.04 sys=0.00, real=0.05 secs] 
53.915: [Full GC (Allocation Failure) 53.915: [Tenured: 20479K->20479K(20480K), 0.0441311 secs] 29695K->29655K(29696K), [Metaspace: 13271K->13271K(1060864K)], 0.0441631 secs] [Times: user=0.05 sys=0.00, real=0.05 secs] 
53.960: [Full GC (Allocation Failure) 53.960: [Tenured: 20479K->20479K(20480K), 0.0453358 secs] 29695K->29655K(29696K), [Metaspace: 13271K->13271K(1060864K)], 0.0453675 secs] [Times: user=0.04 sys=0.00, real=0.04 secs] 
54.005: [Full GC (Allocation Failure) 54.005: [Tenured: 20479K->20479K(20480K), 0.0446214 secs] 29695K->29655K(29696K), [Metaspace: 13271K->13271K(1060864K)], 0.0446543 secs] [Times: user=0.05 sys=0.00, real=0.04 secs] 
54.050: [Full GC (Allocation Failure) 54.050: [Tenured: 20479K->20479K(20480K), 0.0452036 secs] 29695K->29655K(29696K), [Metaspace: 13271K->13271K(1060864K)], 0.0452382 secs] [Times: user=0.05 sys=0.00, real=0.04 secs] 
54.096: [Full GC (Allocation Failure) 54.096: [Tenured: 20479K->20479K(20480K), 0.0444058 secs] 29695K->29655K(29696K), [Metaspace: 13271K->13271K(1060864K)], 0.0444388 secs] [Times: user=0.04 sys=0.00, real=0.05 secs] 
54.141: [Full GC (Allocation Failure) 54.141: [Tenured: 20479K->20479K(20480K), 0.0440391 secs] 29695K->29655K(29696K), [Metaspace: 13271K->13271K(1060864K)], 0.0440721 secs] [Times: user=0.04 sys=0.00, real=0.04 secs] 
54.185: [Full GC (Allocation Failure) 54.185: [Tenured: 20479K->20479K(20480K), 0.0448621 secs] 29695K->29655K(29696K), [Metaspace: 13271K->13271K(1060864K)], 0.0448947 secs] [Times: user=0.05 sys=0.00, real=0.04 secs] 
54.231: [Full GC (Allocation Failure) 54.231: [Tenured: 20479K->20479K(20480K), 0.0456942 secs] 29695K->29655K(29696K), [Metaspace: 13271K->13271K(1060864K)], 0.0457288 secs] [Times: user=0.05 sys=0.00, real=0.04 secs] 
54.277: [Full GC (Allocation Failure) 54.277: [Tenured: 20479K->20479K(20480K), 0.0444341 secs] 29695K->29655K(29696K), [Metaspace: 13271K->13271K(1060864K)], 0.0444667 secs] [Times: user=0.04 sys=0.00, real=0.05 secs] 
54.321: [Full GC (Allocation Failure) 54.321: [Tenured: 20479K->20479K(20480K), 0.0450545 secs] 29695K->29655K(29696K), [Metaspace: 13271K->13271K(1060864K)], 0.0450859 secs] [Times: user=0.04 sys=0.00, real=0.04 secs] 
54.367: [Full GC (Allocation Failure) 54.367: [Tenured: 20479K->20479K(20480K), 0.0464161 secs] 29695K->29655K(29696K), [Metaspace: 13271K->13271K(1060864K)], 0.0464768 secs] [Times: user=0.05 sys=0.00, real=0.05 secs] 
54.414: [Full GC (Allocation Failure) 54.414: [Tenured: 20479K->20479K(20480K), 0.0441210 secs] 29695K->29655K(29696K), [Metaspace: 13271K->13271K(1060864K)], 0.0441547 secs] [Times: user=0.05 sys=0.00, real=0.04 secs] 
54.458: [Full GC (Allocation Failure) 54.458: [Tenured: 20479K->20479K(20480K), 0.0455288 secs] 29695K->29655K(29696K), [Metaspace: 13271K->13271K(1060864K)], 0.0455608 secs] [Times: user=0.04 sys=0.00, real=0.05 secs] 
54.504: [Full GC (Allocation Failure) 54.504: [Tenured: 20479K->20479K(20480K), 0.0441553 secs] 29695K->29655K(29696K), [Metaspace: 13271K->13271K(1060864K)], 0.0441894 secs] [Times: user=0.05 sys=0.00, real=0.04 secs] 
54.549: [Full GC (Allocation Failure) 54.549: [Tenured: 20479K->20479K(20480K), 0.0462502 secs] 29695K->29655K(29696K), [Metaspace: 13271K->13271K(1060864K)], 0.0462817 secs] [Times: user=0.04 sys=0.00, real=0.05 secs] 
54.595: [Full GC (Allocation Failure) 54.595: [Tenured: 20479K->20479K(20480K), 0.0450769 secs] 29695K->29655K(29696K), [Metaspace: 13271K->13271K(1060864K)], 0.0451164 secs] [Times: user=0.04 sys=0.00, real=0.05 secs] 
54.641: [Full GC (Allocation Failure) 54.641: [Tenured: 20479K->20479K(20480K), 0.0452023 secs] 29695K->29655K(29696K), [Metaspace: 13271K->13271K(1060864K)], 0.0452408 secs] [Times: user=0.04 sys=0.00, real=0.04 secs] 
54.687: [Full GC (Allocation Failure) 54.687: [Tenured: 20479K->20479K(20480K), 0.0451210 secs] 29695K->29655K(29696K), [Metaspace: 13271K->13271K(1060864K)], 0.0451566 secs] [Times: user=0.05 sys=0.00, real=0.05 secs] 
54.732: [Full GC (Allocation Failure) 54.732: [Tenured: 20479K->20479K(20480K), 0.0440101 secs] 29695K->29655K(29696K), [Metaspace: 13271K->13271K(1060864K)], 0.0440428 secs] [Times: user=0.05 sys=0.00, real=0.04 secs] 
54.777: [Full GC (Allocation Failure) 54.777: [Tenured: 20479K->20479K(20480K), 0.0450810 secs] 29695K->29655K(29696K), [Metaspace: 13271K->13271K(1060864K)], 0.0451139 secs] [Times: user=0.04 sys=0.00, real=0.05 secs] 
54.822: [Full GC (Allocation Failure) 54.822: [Tenured: 20479K->20479K(20480K), 0.0454043 secs] 29695K->29655K(29696K), [Metaspace: 13271K->13271K(1060864K)], 0.0454377 secs] [Times: user=0.05 sys=0.00, real=0.04 secs] 
54.868: [Full GC (Allocation Failure) 54.868: [Tenured: 20479K->20479K(20480K), 0.0456117 secs] 29695K->29655K(29696K), [Metaspace: 13271K->13271K(1060864K)], 0.0456429 secs] [Times: user=0.04 sys=0.00, real=0.05 secs] 
54.914: [Full GC (Allocation Failure) 54.914: [Tenured: 20479K->20479K(20480K), 0.0458048 secs] 29695K->29655K(29696K), [Metaspace: 13271K->13271K(1060864K)], 0.0458352 secs] [Times: user=0.05 sys=0.00, real=0.05 secs] 
54.960: [Full GC (Allocation Failure) 54.960: [Tenured: 20479K->20479K(20480K), 0.0441749 secs] 29695K->29655K(29696K), [Metaspace: 13271K->13271K(1060864K)], 0.0442085 secs] [Times: user=0.04 sys=0.00, real=0.04 secs] 
55.005: [Full GC (Allocation Failure) 55.005: [Tenured: 20479K->20479K(20480K), 0.0456705 secs] 29695K->29655K(29696K), [Metaspace: 13271K->13271K(1060864K)], 0.0457035 secs] [Times: user=0.05 sys=0.00, real=0.04 secs] 
55.051: [Full GC (Allocation Failure) 55.051: [Tenured: 20479K->20479K(20480K), 0.0449810 secs] 29695K->29655K(29696K), [Metaspace: 13271K->13271K(1060864K)], 0.0450120 secs] [Times: user=0.05 sys=0.00, real=0.04 secs] 
55.096: [Full GC (Allocation Failure) 55.096: [Tenured: 20479K->20479K(20480K), 0.0449456 secs] 29695K->29655K(29696K), [Metaspace: 13271K->13271K(1060864K)], 0.0449784 secs] [Times: user=0.04 sys=0.00, real=0.05 secs] 
55.141: [Full GC (Allocation Failure) 55.141: [Tenured: 20479K->20479K(20480K), 0.0458722 secs] 29695K->29655K(29696K), [Metaspace: 13271K->13271K(1060864K)], 0.0459033 secs] [Times: user=0.04 sys=0.00, real=0.04 secs] 
55.188: [Full GC (Allocation Failure) 55.188: [Tenured: 20479K->20479K(20480K), 0.0449417 secs] 29695K->29655K(29696K), [Metaspace: 13271K->13271K(1060864K)], 0.0449744 secs] [Times: user=0.04 sys=0.00, real=0.05 secs] 
55.233: [Full GC (Allocation Failure) 55.233: [Tenured: 20479K->20479K(20480K), 0.0472682 secs] 29695K->29655K(29696K), [Metaspace: 13271K->13271K(1060864K)], 0.0473003 secs] [Times: user=0.05 sys=0.00, real=0.05 secs] 
55.280: [Full GC (Allocation Failure) 55.280: [Tenured: 20479K->20479K(20480K), 0.0463502 secs] 29695K->29655K(29696K), [Metaspace: 13271K->13271K(1060864K)], 0.0463822 secs] [Times: user=0.04 sys=0.00, real=0.04 secs] 
55.327: [Full GC (Allocation Failure) 55.327: [Tenured: 20479K->20479K(20480K), 0.0451962 secs] 29695K->29655K(29696K), [Metaspace: 13271K->13271K(1060864K)], 0.0452294 secs] [Times: user=0.05 sys=0.00, real=0.05 secs] 
55.373: [Full GC (Allocation Failure) 55.373: [Tenured: 20479K->20479K(20480K), 0.0443687 secs] 29695K->29655K(29696K), [Metaspace: 13271K->13271K(1060864K)], 0.0444005 secs] [Times: user=0.05 sys=0.00, real=0.04 secs] 
55.418: [Full GC (Allocation Failure) 55.418: [Tenured: 20479K->20479K(20480K), 0.0453433 secs] 29695K->29655K(29696K), [Metaspace: 13271K->13271K(1060864K)], 0.0453789 secs] [Times: user=0.04 sys=0.00, real=0.05 secs] 
55.463: [Full GC (Allocation Failure) 55.463: [Tenured: 20479K->20479K(20480K), 0.0444311 secs] 29695K->29655K(29696K), [Metaspace: 13271K->13271K(1060864K)], 0.0444614 secs] [Times: user=0.04 sys=0.00, real=0.04 secs] 
55.508: [Full GC (Allocation Failure) 55.508: [Tenured: 20479K->20479K(20480K), 0.0460905 secs] 29695K->29655K(29696K), [Metaspace: 13271K->13271K(1060864K)], 0.0461234 secs] [Times: user=0.04 sys=0.00, real=0.05 secs] 
55.555: [Full GC (Allocation Failure) 55.555: [Tenured: 20479K->20479K(20480K), 0.0453406 secs] 29695K->29655K(29696K), [Metaspace: 13271K->13271K(1060864K)], 0.0453844 secs] [Times: user=0.05 sys=0.00, real=0.05 secs] 
55.603: [Full GC (Allocation Failure) 55.603: [Tenured: 20479K->20479K(20480K), 0.0454032 secs] 29695K->29655K(29696K), [Metaspace: 13271K->13271K(1060864K)], 0.0454393 secs] [Times: user=0.04 sys=0.00, real=0.04 secs] 
55.649: [Full GC (Allocation Failure) 55.649: [Tenured: 20479K->20479K(20480K), 0.0463907 secs] 29695K->29655K(29696K), [Metaspace: 13271K->13271K(1060864K)], 0.0464261 secs] [Times: user=0.05 sys=0.00, real=0.05 secs] 
55.696: [Full GC (Allocation Failure) 55.696: [Tenured: 20479K->20479K(20480K), 0.0452326 secs] 29695K->29655K(29696K), [Metaspace: 13271K->13271K(1060864K)], 0.0452697 secs] [Times: user=0.05 sys=0.00, real=0.05 secs] 
55.741: [Full GC (Allocation Failure) 55.741: [Tenured: 20479K->20479K(20480K), 0.0451411 secs] 29695K->29655K(29696K), [Metaspace: 13271K->13271K(1060864K)], 0.0451716 secs] [Times: user=0.04 sys=0.00, real=0.04 secs] 
55.787: [Full GC (Allocation Failure) 55.787: [Tenured: 20479K->20479K(20480K), 0.0478212 secs] 29695K->29655K(29696K), [Metaspace: 13271K->13271K(1060864K)], 0.0478614 secs] [Times: user=0.05 sys=0.00, real=0.05 secs] 
55.835: [Full GC (Allocation Failure) 55.835: [Tenured: 20479K->20479K(20480K), 0.0454855 secs] 29695K->29655K(29696K), [Metaspace: 13271K->13271K(1060864K)], 0.0455230 secs] [Times: user=0.05 sys=0.00, real=0.05 secs] 
55.881: [Full GC (Allocation Failure) 55.881: [Tenured: 20479K->20479K(20480K), 0.0455266 secs] 29695K->29655K(29696K), [Metaspace: 13271K->13271K(1060864K)], 0.0455617 secs] [Times: user=0.04 sys=0.00, real=0.04 secs] 
55.927: [Full GC (Allocation Failure) 55.927: [Tenured: 20479K->20479K(20480K), 0.0454177 secs] 29695K->29655K(29696K), [Metaspace: 13271K->13271K(1060864K)], 0.0454532 secs] [Times: user=0.05 sys=0.00, real=0.05 secs] 
55.973: [Full GC (Allocation Failure) 55.973: [Tenured: 20479K->20479K(20480K), 0.0483284 secs] 29695K->29655K(29696K), [Metaspace: 13271K->13271K(1060864K)], 0.0483646 secs] [Times: user=0.05 sys=0.00, real=0.05 secs] 
56.022: [Full GC (Allocation Failure) 56.022: [Tenured: 20479K->20479K(20480K), 0.0460058 secs] 29695K->29655K(29696K), [Metaspace: 13271K->13271K(1060864K)], 0.0460425 secs] [Times: user=0.04 sys=0.00, real=0.04 secs] 
56.068: [Full GC (Allocation Failure) 56.068: [Tenured: 20479K->20479K(20480K), 0.0518355 secs] 29695K->29655K(29696K), [Metaspace: 13271K->13271K(1060864K)], 0.0518676 secs] [Times: user=0.06 sys=0.00, real=0.06 secs] 
56.120: [Full GC (Allocation Failure) 56.120: [Tenured: 20479K->20479K(20480K), 0.0597097 secs] 29695K->29655K(29696K), [Metaspace: 13271K->13271K(1060864K)], 0.0597437 secs] [Times: user=0.06 sys=0.00, real=0.06 secs] 
56.180: [Full GC (Allocation Failure) 56.180: [Tenured: 20479K->20479K(20480K), 0.0537943 secs] 29695K->29655K(29696K), [Metaspace: 13271K->13271K(1060864K)], 0.0538314 secs] [Times: user=0.05 sys=0.00, real=0.05 secs] 
56.235: [Full GC (Allocation Failure) 56.235: [Tenured: 20479K->20479K(20480K), 0.0473038 secs] 29695K->29655K(29696K), [Metaspace: 13271K->13271K(1060864K)], 0.0473602 secs] [Times: user=0.05 sys=0.00, real=0.05 secs] 
56.282: [Full GC (Allocation Failure) 56.283: [Tenured: 20479K->20479K(20480K), 0.0481055 secs] 29695K->29655K(29696K), [Metaspace: 13271K->13271K(1060864K)], 0.0481393 secs] [Times: user=0.04 sys=0.00, real=0.05 secs] 
56.331: [Full GC (Allocation Failure) 56.331: [Tenured: 20479K->20479K(20480K), 0.0446126 secs] 29695K->29655K(29696K), [Metaspace: 13271K->13271K(1060864K)], 0.0446460 secs] [Times: user=0.04 sys=0.00, real=0.04 secs] 
56.376: [Full GC (Allocation Failure) 56.376: [Tenured: 20479K->20479K(20480K), 0.0449729 secs] 29695K->29655K(29696K), [Metaspace: 13271K->13271K(1060864K)], 0.0450068 secs] [Times: user=0.05 sys=0.00, real=0.05 secs] 
56.421: [Full GC (Allocation Failure) 56.421: [Tenured: 20479K->20479K(20480K), 0.0443018 secs] 29695K->29655K(29696K), [Metaspace: 13271K->13271K(1060864K)], 0.0443356 secs] [Times: user=0.04 sys=0.00, real=0.04 secs] 
56.466: [Full GC (Allocation Failure) 56.466: [Tenured: 20479K->20479K(20480K), 0.0449349 secs] 29695K->29655K(29696K), [Metaspace: 13271K->13271K(1060864K)], 0.0449671 secs] [Times: user=0.05 sys=0.00, real=0.05 secs] 
56.511: [Full GC (Allocation Failure) 56.511: [Tenured: 20479K->20479K(20480K), 0.0458767 secs] 29695K->29655K(29696K), [Metaspace: 13271K->13271K(1060864K)], 0.0459104 secs] [Times: user=0.04 sys=0.00, real=0.04 secs] 
56.558: [Full GC (Allocation Failure) 56.558: [Tenured: 20479K->20479K(20480K), 0.0447065 secs] 29695K->29655K(29696K), [Metaspace: 13271K->13271K(1060864K)], 0.0447396 secs] [Times: user=0.05 sys=0.00, real=0.05 secs] 
56.603: [Full GC (Allocation Failure) 56.603: [Tenured: 20479K->20479K(20480K), 0.0451211 secs] 29695K->29655K(29696K), [Metaspace: 13271K->13271K(1060864K)], 0.0451538 secs] [Times: user=0.04 sys=0.00, real=0.04 secs] 
56.648: [Full GC (Allocation Failure) 56.648: [Tenured: 20479K->20479K(20480K), 0.0443221 secs] 29695K->29655K(29696K), [Metaspace: 13271K->13271K(1060864K)], 0.0443725 secs] [Times: user=0.05 sys=0.00, real=0.05 secs] 
56.693: [Full GC (Allocation Failure) 56.693: [Tenured: 20479K->20479K(20480K), 0.0446366 secs] 29695K->29655K(29696K), [Metaspace: 13271K->13271K(1060864K)], 0.0446689 secs] [Times: user=0.04 sys=0.00, real=0.04 secs] 
56.738: [Full GC (Allocation Failure) 56.738: [Tenured: 20479K->20479K(20480K), 0.0452758 secs] 29695K->29655K(29696K), [Metaspace: 13271K->13271K(1060864K)], 0.0453103 secs] [Times: user=0.05 sys=0.00, real=0.05 secs] 
56.784: [Full GC (Allocation Failure) 56.784: [Tenured: 20479K->20479K(20480K), 0.0457311 secs] 29695K->29655K(29696K), [Metaspace: 13271K->13271K(1060864K)], 0.0457693 secs] [Times: user=0.04 sys=0.00, real=0.04 secs] 
56.830: [Full GC (Allocation Failure) 56.830: [Tenured: 20479K->20479K(20480K), 0.0459387 secs] 29695K->29655K(29696K), [Metaspace: 13271K->13271K(1060864K)], 0.0459960 secs] [Times: user=0.05 sys=0.00, real=0.05 secs] 
56.877: [Full GC (Allocation Failure) 56.877: [Tenured: 20479K->20479K(20480K), 0.0462013 secs] 29695K->29655K(29696K), [Metaspace: 13271K->13271K(1060864K)], 0.0462353 secs] [Times: user=0.05 sys=0.00, real=0.05 secs] 
56.923: [Full GC (Allocation Failure) 56.923: [Tenured: 20479K->20479K(20480K), 0.0458407 secs] 29695K->29655K(29696K), [Metaspace: 13271K->13271K(1060864K)], 0.0458757 secs] [Times: user=0.04 sys=0.00, real=0.04 secs] 
56.969: [Full GC (Allocation Failure) 56.969: [Tenured: 20479K->20479K(20480K), 0.0453319 secs] 29695K->29655K(29696K), [Metaspace: 13271K->13271K(1060864K)], 0.0453664 secs] [Times: user=0.05 sys=0.00, real=0.05 secs] 
57.015: [Full GC (Allocation Failure) 57.015: [Tenured: 20480K->20479K(20480K), 0.0462376 secs] 29695K->29655K(29696K), [Metaspace: 13271K->13271K(1060864K)], 0.0462692 secs] [Times: user=0.05 sys=0.00, real=0.05 secs] 
57.062: [Full GC (Allocation Failure) 57.062: [Tenured: 20479K->20479K(20480K), 0.0465238 secs] 29695K->29655K(29696K), [Metaspace: 13271K->13271K(1060864K)], 0.0465586 secs] [Times: user=0.04 sys=0.00, real=0.04 secs] 
57.109: [Full GC (Allocation Failure) 57.109: [Tenured: 20479K->20479K(20480K), 0.0444839 secs] 29695K->29655K(29696K), [Metaspace: 13271K->13271K(1060864K)], 0.0445155 secs] [Times: user=0.05 sys=0.00, real=0.05 secs] 
57.153: [Full GC (Allocation Failure) 57.153: [Tenured: 20479K->20479K(20480K), 0.0457994 secs] 29695K->29655K(29696K), [Metaspace: 13271K->13271K(1060864K)], 0.0458426 secs] [Times: user=0.04 sys=0.00, real=0.05 secs] 
57.200: [Full GC (Allocation Failure) 57.200: [Tenured: 20479K->20479K(20480K), 0.0453519 secs] 29695K->29655K(29696K), [Metaspace: 13271K->13271K(1060864K)], 0.0453846 secs] [Times: user=0.05 sys=0.00, real=0.04 secs] 
57.245: [Full GC (Allocation Failure) 57.245: [Tenured: 20479K->20479K(20480K), 0.0452156 secs] 29695K->29658K(29696K), [Metaspace: 13271K->13271K(1060864K)], 0.0452479 secs] [Times: user=0.04 sys=0.00, real=0.05 secs] 
57.291: [Full GC (Allocation Failure) 57.291: [Tenured: 20479K->20479K(20480K), 0.0452006 secs] 29695K->29655K(29696K), [Metaspace: 13271K->13271K(1060864K)], 0.0452306 secs] [Times: user=0.05 sys=0.00, real=0.04 secs] 
57.337: [Full GC (Allocation Failure) 57.337: [Tenured: 20479K->20479K(20480K), 0.0462004 secs] 29695K->29655K(29696K), [Metaspace: 13271K->13271K(1060864K)], 0.0462338 secs] [Times: user=0.04 sys=0.00, real=0.05 secs] 
57.383: [Full GC (Allocation Failure) 57.383: [Tenured: 20479K->20479K(20480K), 0.0448784 secs] 29695K->29655K(29696K), [Metaspace: 13271K->13271K(1060864K)], 0.0449085 secs] [Times: user=0.04 sys=0.00, real=0.04 secs] 
57.429: [Full GC (Allocation Failure) 57.429: [Tenured: 20479K->20479K(20480K), 0.0452662 secs] 29695K->29655K(29696K), [Metaspace: 13271K->13271K(1060864K)], 0.0453135 secs] [Times: user=0.04 sys=0.00, real=0.05 secs] 
57.474: [Full GC (Allocation Failure) 57.474: [Tenured: 20479K->20479K(20480K), 0.0463964 secs] 29695K->29655K(29696K), [Metaspace: 13271K->13271K(1060864K)], 0.0464326 secs] [Times: user=0.05 sys=0.00, real=0.05 secs] 
57.521: [Full GC (Allocation Failure) 57.521: [Tenured: 20479K->20479K(20480K), 0.0454221 secs] 29695K->29655K(29696K), [Metaspace: 13271K->13271K(1060864K)], 0.0454540 secs] [Times: user=0.05 sys=0.00, real=0.04 secs] 
57.567: [Full GC (Allocation Failure) 57.567: [Tenured: 20479K->20479K(20480K), 0.0458590 secs] 29695K->29655K(29696K), [Metaspace: 13271K->13271K(1060864K)], 0.0458913 secs] [Times: user=0.04 sys=0.00, real=0.05 secs] 
57.613: [Full GC (Allocation Failure) 57.613: [Tenured: 20479K->20479K(20480K), 0.0446473 secs] 29695K->29655K(29696K), [Metaspace: 13271K->13271K(1060864K)], 0.0446827 secs] [Times: user=0.05 sys=0.00, real=0.04 secs] 
57.658: [Full GC (Allocation Failure) 57.658: [Tenured: 20479K->20479K(20480K), 0.0458114 secs] 29695K->29655K(29696K), [Metaspace: 13271K->13271K(1060864K)], 0.0458469 secs] [Times: user=0.05 sys=0.00, real=0.04 secs] 
57.705: [Full GC (Allocation Failure) 57.705: [Tenured: 20479K->20479K(20480K), 0.0459783 secs] 29695K->29655K(29696K), [Metaspace: 13271K->13271K(1060864K)], 0.0460156 secs] [Times: user=0.04 sys=0.00, real=0.05 secs] 
57.751: [Full GC (Allocation Failure) 57.751: [Tenured: 20479K->20479K(20480K), 0.0457221 secs] 29695K->29655K(29696K), [Metaspace: 13271K->13271K(1060864K)], 0.0457598 secs] [Times: user=0.05 sys=0.00, real=0.04 secs] 
57.797: [Full GC (Allocation Failure) 57.797: [Tenured: 20479K->20479K(20480K), 0.0454785 secs] 29695K->29655K(29696K), [Metaspace: 13271K->13271K(1060864K)], 0.0455122 secs] [Times: user=0.04 sys=0.00, real=0.05 secs] 
57.843: [Full GC (Allocation Failure) 57.843: [Tenured: 20479K->20479K(20480K), 0.0448397 secs] 29695K->29655K(29696K), [Metaspace: 13271K->13271K(1060864K)], 0.0448746 secs] [Times: user=0.05 sys=0.00, real=0.04 secs] 
57.888: [Full GC (Allocation Failure) 57.888: [Tenured: 20479K->20479K(20480K), 0.0454735 secs] 29695K->29655K(29696K), [Metaspace: 13271K->13271K(1060864K)], 0.0455078 secs] [Times: user=0.04 sys=0.00, real=0.05 secs] 
57.934: [Full GC (Allocation Failure) 57.934: [Tenured: 20479K->20479K(20480K), 0.0462584 secs] 29695K->29655K(29696K), [Metaspace: 13271K->13271K(1060864K)], 0.0462903 secs] [Times: user=0.05 sys=0.00, real=0.05 secs] 
57.981: [Full GC (Allocation Failure) 57.981: [Tenured: 20479K->20479K(20480K), 0.0450248 secs] 29695K->29655K(29696K), [Metaspace: 13271K->13271K(1060864K)], 0.0450569 secs] [Times: user=0.05 sys=0.00, real=0.04 secs] 
58.026: [Full GC (Allocation Failure) 58.026: [Tenured: 20479K->20479K(20480K), 0.0452868 secs] 29695K->29655K(29696K), [Metaspace: 13271K->13271K(1060864K)], 0.0453190 secs] [Times: user=0.04 sys=0.00, real=0.05 secs] 
58.072: [Full GC (Allocation Failure) 58.072: [Tenured: 20479K->20479K(20480K), 0.0451188 secs] 29695K->29655K(29696K), [Metaspace: 13271K->13271K(1060864K)], 0.0451568 secs] [Times: user=0.05 sys=0.00, real=0.04 secs] 
58.117: [Full GC (Allocation Failure) 58.117: [Tenured: 20479K->20479K(20480K), 0.0453415 secs] 29695K->29655K(29696K), [Metaspace: 13271K->13271K(1060864K)], 0.0453787 secs] [Times: user=0.04 sys=0.00, real=0.05 secs] 
58.163: [Full GC (Allocation Failure) 58.163: [Tenured: 20479K->20479K(20480K), 0.0463184 secs] 29695K->29655K(29696K), [Metaspace: 13271K->13271K(1060864K)], 0.0463589 secs] [Times: user=0.04 sys=0.00, real=0.04 secs] 
58.210: [Full GC (Allocation Failure) 58.210: [Tenured: 20479K->20479K(20480K), 0.0463398 secs] 29695K->29655K(29696K), [Metaspace: 13271K->13271K(1060864K)], 0.0463903 secs] [Times: user=0.05 sys=0.00, real=0.05 secs] 
58.257: [Full GC (Allocation Failure) 58.257: [Tenured: 20479K->20479K(20480K), 0.0450417 secs] 29695K->29655K(29696K), [Metaspace: 13271K->13271K(1060864K)], 0.0450734 secs] [Times: user=0.04 sys=0.00, real=0.05 secs] 
58.302: [Full GC (Allocation Failure) 58.302: [Tenured: 20479K->20479K(20480K), 0.0451619 secs] 29695K->29655K(29696K), [Metaspace: 13271K->13271K(1060864K)], 0.0451996 secs] [Times: user=0.05 sys=0.00, real=0.04 secs] 
58.348: [Full GC (Allocation Failure) 58.348: [Tenured: 20479K->20479K(20480K), 0.0452411 secs] 29695K->29655K(29696K), [Metaspace: 13271K->13271K(1060864K)], 0.0452898 secs] [Times: user=0.04 sys=0.00, real=0.05 secs] 
58.393: [Full GC (Allocation Failure) 58.393: [Tenured: 20479K->20479K(20480K), 0.0445917 secs] 29695K->29655K(29696K), [Metaspace: 13271K->13271K(1060864K)], 0.0446232 secs] [Times: user=0.05 sys=0.00, real=0.04 secs] 
58.438: [Full GC (Allocation Failure) 58.438: [Tenured: 20479K->20479K(20480K), 0.0446429 secs] 29695K->29655K(29696K), [Metaspace: 13271K->13271K(1060864K)], 0.0446743 secs] [Times: user=0.04 sys=0.00, real=0.04 secs] 
58.483: [Full GC (Allocation Failure) 58.483: [Tenured: 20479K->20479K(20480K), 0.0445049 secs] 29695K->29655K(29696K), [Metaspace: 13271K->13271K(1060864K)], 0.0445363 secs] [Times: user=0.04 sys=0.00, real=0.04 secs] 
58.528: [Full GC (Allocation Failure) 58.528: [Tenured: 20479K->20479K(20480K), 0.0468124 secs] 29695K->29655K(29696K), [Metaspace: 13271K->13271K(1060864K)], 0.0468591 secs] [Times: user=0.04 sys=0.00, real=0.05 secs] 
58.575: [Full GC (Allocation Failure) 58.576: [Tenured: 20479K->20479K(20480K), 0.0507951 secs] 29695K->29655K(29696K), [Metaspace: 13271K->13271K(1060864K)], 0.0508323 secs] [Times: user=0.06 sys=0.00, real=0.05 secs] 
58.627: [Full GC (Allocation Failure) 58.627: [Tenured: 20479K->20479K(20480K), 0.0472841 secs] 29695K->29655K(29696K), [Metaspace: 13271K->13271K(1060864K)], 0.0473319 secs] [Times: user=0.04 sys=0.00, real=0.05 secs] 
58.675: [Full GC (Allocation Failure) 58.675: [Tenured: 20479K->20479K(20480K), 0.0458999 secs] 29695K->29655K(29696K), [Metaspace: 13271K->13271K(1060864K)], 0.0459343 secs] [Times: user=0.05 sys=0.00, real=0.05 secs] 
58.721: [Full GC (Allocation Failure) 58.721: [Tenured: 20479K->20479K(20480K), 0.0447252 secs] 29695K->29655K(29696K), [Metaspace: 13271K->13271K(1060864K)], 0.0447605 secs] [Times: user=0.05 sys=0.00, real=0.04 secs] 
58.766: [Full GC (Allocation Failure) 58.766: [Tenured: 20479K->20479K(20480K), 0.0449545 secs] 29695K->29655K(29696K), [Metaspace: 13271K->13271K(1060864K)], 0.0449904 secs] [Times: user=0.04 sys=0.00, real=0.05 secs] 
58.811: [Full GC (Allocation Failure) 58.811: [Tenured: 20479K->20479K(20480K), 0.0446625 secs] 29695K->29655K(29696K), [Metaspace: 13271K->13271K(1060864K)], 0.0446921 secs] [Times: user=0.04 sys=0.00, real=0.04 secs] 
58.856: [Full GC (Allocation Failure) 58.856: [Tenured: 20479K->20479K(20480K), 0.0449558 secs] 29695K->29655K(29696K), [Metaspace: 13271K->13271K(1060864K)], 0.0449870 secs] [Times: user=0.05 sys=0.00, real=0.05 secs] 
58.902: [Full GC (Allocation Failure) 58.902: [Tenured: 20479K->20479K(20480K), 0.0448023 secs] 29695K->29655K(29696K), [Metaspace: 13271K->13271K(1060864K)], 0.0448304 secs] [Times: user=0.05 sys=0.00, real=0.04 secs] 
58.947: [Full GC (Allocation Failure) 58.947: [Tenured: 20479K->20479K(20480K), 0.0444387 secs] 29695K->29655K(29696K), [Metaspace: 13271K->13271K(1060864K)], 0.0444729 secs] [Times: user=0.04 sys=0.00, real=0.05 secs] 
58.992: [Full GC (Allocation Failure) 58.992: [Tenured: 20479K->20479K(20480K), 0.0460134 secs] 29695K->29655K(29696K), [Metaspace: 13271K->13271K(1060864K)], 0.0460500 secs] [Times: user=0.05 sys=0.00, real=0.04 secs] 
59.038: [Full GC (Allocation Failure) 59.038: [Tenured: 20479K->20479K(20480K), 0.0445678 secs] 29695K->29655K(29696K), [Metaspace: 13271K->13271K(1060864K)], 0.0445963 secs] [Times: user=0.04 sys=0.00, real=0.05 secs] 
59.083: [Full GC (Allocation Failure) 59.083: [Tenured: 20479K->20479K(20480K), 0.0450163 secs] 29695K->29655K(29696K), [Metaspace: 13271K->13271K(1060864K)], 0.0450480 secs] [Times: user=0.05 sys=0.00, real=0.04 secs] 
59.129: [Full GC (Allocation Failure) 59.129: [Tenured: 20479K->20479K(20480K), 0.0454912 secs] 29695K->29655K(29696K), [Metaspace: 13271K->13271K(1060864K)], 0.0455203 secs] [Times: user=0.04 sys=0.00, real=0.05 secs] 
59.174: [Full GC (Allocation Failure) 59.174: [Tenured: 20479K->20479K(20480K), 0.0445492 secs] 29695K->29655K(29696K), [Metaspace: 13271K->13271K(1060864K)], 0.0445824 secs] [Times: user=0.05 sys=0.00, real=0.05 secs] 
59.219: [Full GC (Allocation Failure) 59.219: [Tenured: 20479K->20479K(20480K), 0.0458851 secs] 29695K->29655K(29696K), [Metaspace: 13271K->13271K(1060864K)], 0.0459219 secs] [Times: user=0.05 sys=0.00, real=0.04 secs] 
59.266: [Full GC (Allocation Failure) 59.266: [Tenured: 20479K->20479K(20480K), 0.0454715 secs] 29695K->29655K(29696K), [Metaspace: 13271K->13271K(1060864K)], 0.0455052 secs] [Times: user=0.04 sys=0.00, real=0.05 secs] 
59.312: [Full GC (Allocation Failure) 59.312: [Tenured: 20479K->20479K(20480K), 0.0442569 secs] 29695K->29655K(29696K), [Metaspace: 13271K->13271K(1060864K)], 0.0442903 secs] [Times: user=0.04 sys=0.00, real=0.04 secs] 
59.356: [Full GC (Allocation Failure) 59.356: [Tenured: 20479K->20479K(20480K), 0.0457991 secs] 29695K->29655K(29696K), [Metaspace: 13271K->13271K(1060864K)], 0.0458285 secs] [Times: user=0.05 sys=0.00, real=0.05 secs] 
59.402: [Full GC (Allocation Failure) 59.402: [Tenured: 20479K->20479K(20480K), 0.0449782 secs] 29695K->29655K(29696K), [Metaspace: 13271K->13271K(1060864K)], 0.0450108 secs] [Times: user=0.05 sys=0.00, real=0.04 secs] 
59.448: [Full GC (Allocation Failure) 59.448: [Tenured: 20479K->20479K(20480K), 0.0441838 secs] 29695K->29655K(29696K), [Metaspace: 13271K->13271K(1060864K)], 0.0442126 secs] [Times: user=0.04 sys=0.00, real=0.05 secs] 
59.492: [Full GC (Allocation Failure) 59.492: [Tenured: 20479K->20479K(20480K), 0.0444350 secs] 29695K->29655K(29696K), [Metaspace: 13271K->13271K(1060864K)], 0.0444765 secs] [Times: user=0.04 sys=0.00, real=0.04 secs] 
59.537: [Full GC (Allocation Failure) 59.537: [Tenured: 20479K->20479K(20480K), 0.0441080 secs] 29695K->29655K(29696K), [Metaspace: 13271K->13271K(1060864K)], 0.0441397 secs] [Times: user=0.04 sys=0.00, real=0.05 secs] 
59.582: [Full GC (Allocation Failure) 59.582: [Tenured: 20479K->20479K(20480K), 0.0449091 secs] 29695K->29655K(29696K), [Metaspace: 13271K->13271K(1060864K)], 0.0449390 secs] [Times: user=0.05 sys=0.00, real=0.04 secs] 
59.627: [Full GC (Allocation Failure) 59.627: [Tenured: 20479K->20479K(20480K), 0.0453700 secs] 29695K->29655K(29696K), [Metaspace: 13271K->13271K(1060864K)], 0.0454011 secs] [Times: user=0.04 sys=0.00, real=0.05 secs] 
59.673: [Full GC (Allocation Failure) 59.673: [Tenured: 20479K->20479K(20480K), 0.0473055 secs] 29695K->29655K(29696K), [Metaspace: 13271K->13271K(1060864K)], 0.0473442 secs] [Times: user=0.05 sys=0.00, real=0.05 secs] 
59.721: [Full GC (Allocation Failure) 59.721: [Tenured: 20479K->20479K(20480K), 0.0562954 secs] 29695K->29655K(29696K), [Metaspace: 13271K->13271K(1060864K)], 0.0563420 secs] [Times: user=0.05 sys=0.00, real=0.05 secs] 
59.777: [Full GC (Allocation Failure) 59.777: [Tenured: 20479K->20479K(20480K), 0.0472063 secs] 29695K->29655K(29696K), [Metaspace: 13271K->13271K(1060864K)], 0.0472537 secs] [Times: user=0.05 sys=0.00, real=0.05 secs] 
59.825: [Full GC (Allocation Failure) 59.825: [Tenured: 20479K->20479K(20480K), 0.0462758 secs] 29695K->29655K(29696K), [Metaspace: 13271K->13271K(1060864K)], 0.0463067 secs] [Times: user=0.05 sys=0.00, real=0.05 secs] 
59.872: [Full GC (Allocation Failure) 59.872: [Tenured: 20479K->20479K(20480K), 0.0441013 secs] 29695K->29655K(29696K), [Metaspace: 13271K->13271K(1060864K)], 0.0441294 secs] [Times: user=0.04 sys=0.00, real=0.04 secs] 
59.916: [Full GC (Allocation Failure) 59.916: [Tenured: 20479K->20479K(20480K), 0.0457084 secs] 29695K->29655K(29696K), [Metaspace: 13271K->13271K(1060864K)], 0.0457403 secs] [Times: user=0.05 sys=0.00, real=0.05 secs] 
59.962: [Full GC (Allocation Failure) 59.962: [Tenured: 20479K->20479K(20480K), 0.0446985 secs] 29695K->29655K(29696K), [Metaspace: 13271K->13271K(1060864K)], 0.0447292 secs] [Times: user=0.05 sys=0.00, real=0.04 secs] 
60.007: [Full GC (Allocation Failure) 60.007: [Tenured: 20479K->20479K(20480K), 0.0442490 secs] 29695K->29655K(29696K), [Metaspace: 13271K->13271K(1060864K)], 0.0442801 secs] [Times: user=0.04 sys=0.00, real=0.05 secs] 
60.052: [Full GC (Allocation Failure) 60.052: [Tenured: 20479K->20479K(20480K), 0.0448286 secs] 29695K->29655K(29696K), [Metaspace: 13271K->13271K(1060864K)], 0.0448583 secs] [Times: user=0.04 sys=0.00, real=0.04 secs] 
60.097: [Full GC (Allocation Failure) 60.097: [Tenured: 20479K->20479K(20480K), 0.0462369 secs] 29695K->29655K(29696K), [Metaspace: 13271K->13271K(1060864K)], 0.0462712 secs] [Times: user=0.05 sys=0.00, real=0.05 secs] 
60.144: [Full GC (Allocation Failure) 60.144: [Tenured: 20479K->20479K(20480K), 0.0455147 secs] 29695K->29655K(29696K), [Metaspace: 13271K->13271K(1060864K)], 0.0455492 secs] [Times: user=0.05 sys=0.00, real=0.04 secs] 
60.190: [Full GC (Allocation Failure) 60.190: [Tenured: 20479K->20479K(20480K), 0.0445700 secs] 29695K->29655K(29696K), [Metaspace: 13271K->13271K(1060864K)], 0.0446011 secs] [Times: user=0.04 sys=0.00, real=0.05 secs] 
60.235: [Full GC (Allocation Failure) 60.235: [Tenured: 20479K->20479K(20480K), 0.0455720 secs] 29695K->29655K(29696K), [Metaspace: 13271K->13271K(1060864K)], 0.0456045 secs] [Times: user=0.05 sys=0.00, real=0.05 secs] 
60.281: [Full GC (Allocation Failure) 60.281: [Tenured: 20479K->20479K(20480K), 0.0443370 secs] 29695K->29655K(29696K), [Metaspace: 13271K->13271K(1060864K)], 0.0443683 secs] [Times: user=0.04 sys=0.00, real=0.04 secs] 
60.325: [Full GC (Allocation Failure) 60.325: [Tenured: 20479K->20479K(20480K), 0.0462572 secs] 29695K->29655K(29696K), [Metaspace: 13271K->13271K(1060864K)], 0.0462943 secs] [Times: user=0.04 sys=0.00, real=0.05 secs] 
60.372: [Full GC (Allocation Failure) 60.372: [Tenured: 20479K->20479K(20480K), 0.0468901 secs] 29695K->29655K(29696K), [Metaspace: 13271K->13271K(1060864K)], 0.0469237 secs] [Times: user=0.05 sys=0.00, real=0.05 secs] 
60.419: [Full GC (Allocation Failure) 60.419: [Tenured: 20479K->20479K(20480K), 0.0466506 secs] 29695K->29655K(29696K), [Metaspace: 13271K->13271K(1060864K)], 0.0466812 secs] [Times: user=0.05 sys=0.00, real=0.04 secs] 
60.466: [Full GC (Allocation Failure) 60.466: [Tenured: 20479K->20479K(20480K), 0.0457890 secs] 29695K->29655K(29696K), [Metaspace: 13271K->13271K(1060864K)], 0.0458253 secs] [Times: user=0.04 sys=0.00, real=0.05 secs] 
60.513: [Full GC (Allocation Failure) 60.513: [Tenured: 20479K->20479K(20480K), 0.0452249 secs] 29695K->29655K(29696K), [Metaspace: 13271K->13271K(1060864K)], 0.0452551 secs] [Times: user=0.05 sys=0.00, real=0.04 secs] 
60.558: [Full GC (Allocation Failure) 60.558: [Tenured: 20479K->20479K(20480K), 0.0458519 secs] 29695K->29655K(29696K), [Metaspace: 13271K->13271K(1060864K)], 0.0458891 secs] [Times: user=0.04 sys=0.00, real=0.05 secs] 
60.607: [Full GC (Allocation Failure) 60.607: [Tenured: 20479K->20479K(20480K), 0.0448320 secs] 29695K->29655K(29696K), [Metaspace: 13271K->13271K(1060864K)], 0.0448659 secs] [Times: user=0.05 sys=0.00, real=0.05 secs] 
60.652: [Full GC (Allocation Failure) 60.652: [Tenured: 20479K->20479K(20480K), 0.0451760 secs] 29695K->29659K(29696K), [Metaspace: 13271K->13271K(1060864K)], 0.0452103 secs] [Times: user=0.04 sys=0.00, real=0.04 secs] 
60.698: [Full GC (Allocation Failure) 60.698: [Tenured: 20479K->20479K(20480K), 0.0458068 secs] 29695K->29655K(29696K), [Metaspace: 13271K->13271K(1060864K)], 0.0458546 secs] [Times: user=0.05 sys=0.00, real=0.05 secs] 
60.744: [Full GC (Allocation Failure) 60.744: [Tenured: 20479K->20479K(20480K), 0.0522360 secs] 29695K->29655K(29696K), [Metaspace: 13271K->13271K(1060864K)], 0.0522756 secs] [Times: user=0.05 sys=0.00, real=0.05 secs] 
60.797: [Full GC (Allocation Failure) 60.797: [Tenured: 20479K->20479K(20480K), 0.0470951 secs] 29695K->29655K(29696K), [Metaspace: 13271K->13271K(1060864K)], 0.0471342 secs] [Times: user=0.05 sys=0.00, real=0.05 secs] 
60.844: [Full GC (Allocation Failure) 60.844: [Tenured: 20479K->20479K(20480K), 0.0538878 secs] 29695K->29655K(29696K), [Metaspace: 13271K->13271K(1060864K)], 0.0539359 secs] [Times: user=0.05 sys=0.00, real=0.06 secs] 
60.899: [Full GC (Allocation Failure) 60.899: [Tenured: 20479K->20479K(20480K), 0.0736568 secs] 29695K->29655K(29696K), [Metaspace: 13271K->13271K(1060864K)], 0.0737030 secs] [Times: user=0.08 sys=0.00, real=0.07 secs] 
60.973: [Full GC (Allocation Failure) 60.973: [Tenured: 20479K->20479K(20480K), 0.0549607 secs] 29695K->29655K(29696K), [Metaspace: 13271K->13271K(1060864K)], 0.0550020 secs] [Times: user=0.05 sys=0.00, real=0.05 secs] 
61.028: [Full GC (Allocation Failure) 61.028: [Tenured: 20479K->20479K(20480K), 0.0462569 secs] 29695K->29655K(29696K), [Metaspace: 13271K->13271K(1060864K)], 0.0462941 secs] [Times: user=0.05 sys=0.00, real=0.05 secs] 
61.075: [Full GC (Allocation Failure) 61.075: [Tenured: 20479K->20479K(20480K), 0.0448773 secs] 29695K->29655K(29696K), [Metaspace: 13271K->13271K(1060864K)], 0.0449098 secs] [Times: user=0.04 sys=0.00, real=0.05 secs] 
61.120: [Full GC (Allocation Failure) 61.120: [Tenured: 20479K->20479K(20480K), 0.0457051 secs] 29695K->29655K(29696K), [Metaspace: 13271K->13271K(1060864K)], 0.0457398 secs] [Times: user=0.05 sys=0.00, real=0.04 secs] 
61.166: [Full GC (Allocation Failure) 61.166: [Tenured: 20479K->20479K(20480K), 0.0450746 secs] 29695K->29655K(29696K), [Metaspace: 13271K->13271K(1060864K)], 0.0451119 secs] [Times: user=0.04 sys=0.00, real=0.05 secs] 
Heap
 def new generation   total 9216K, used 9177K [0x00000000fe200000, 0x00000000fec00000, 0x00000000fec00000)
  eden space 8192K,  99% used [0x00000000fe200000, 0x00000000fe9ffff8, 0x00000000fea00000)
  from space 1024K,  96% used [0x00000000fea00000, 0x00000000feaf6690, 0x00000000feb00000)
  to   space 1024K,   0% used [0x00000000feb00000, 0x00000000feb00000, 0x00000000fec00000)
 tenured generation   total 20480K, used 20479K [0x00000000fec00000, 0x0000000100000000, 0x0000000100000000)
   the space 20480K,  99% used [0x00000000fec00000, 0x00000000fffffff0, 0x0000000100000000, 0x0000000100000000)
 Metaspace       used 13277K, capacity 13353K, committed 13440K, reserved 1060864K
  class space    used 2650K, capacity 2681K, committed 2688K, reserved 1048576K
